Component: ARM Compiler 5.05 update 1 (build 106) Tool: armlink [4d0efa]

==============================================================================

Section Cross References

    main.o(.text) refers to system.o(.text) for systemInit
    system.o(.text) refers to misc.o(.text) for NVIC_PriorityGroupConfig
    system.o(.text) refers to yixiuge.o(.text) for yixiuge_init
    system.o(.text) refers to timer.o(.text) for delay_ms
    system.o(.text) refers to adc.o(.text) for ADCInit
    system.o(.text) refers to gpio.o(.text) for LED_init
    system.o(.text) refers to sd.o(.text) for SD_mem_init
    system.o(.text) refers to stm32f4xx_gpio.o(.text) for GPIO_ResetBits
    system.o(.text) refers to system_stm32f4xx.o(.data) for SystemCoreClock
    system.o(.text) refers to system.o(.data) for currentTime
    system.o(.text) refers to adc.o(.data) for data_update
    stm32f4xx_it.o(.text) refers to stm32f4xx_it.o(.data) for sysTickUptime
    sd.o(.text) refers to _printf_pad.o(.text) for _printf_pre_padding
    sd.o(.text) refers to _printf_percent.o(.ARM.Collect$$_printf_percent$$00000000) for _printf_percent
    sd.o(.text) refers to _printf_d.o(.ARM.Collect$$_printf_percent$$00000009) for _printf_d
    sd.o(.text) refers to _printf_dec.o(.text) for _printf_int_dec
    sd.o(.text) refers to _printf_f.o(.ARM.Collect$$_printf_percent$$00000003) for _printf_f
    sd.o(.text) refers to printf1.o(x$fpl$printf1) for _printf_fp_dec
    sd.o(.text) refers to _printf_c.o(.ARM.Collect$$_printf_percent$$00000013) for _printf_c
    sd.o(.text) refers to _printf_str.o(.text) for _printf_str
    sd.o(.text) refers to __2sprintf.o(.text) for __2sprintf
    sd.o(.text) refers to ff.o(.text) for f_open
    sd.o(.text) refers to malloc.o(.text) for my_mem_init
    sd.o(.text) refers to exfuns.o(.text) for exfuns_init
    sd.o(.text) refers to yixiuge.o(.text) for yixiuge_printf
    sd.o(.text) refers to timer.o(.text) for delay_ms
    sd.o(.text) refers to exfuns.o(.data) for ftemp
    sd.o(.text) refers to exfuns.o(.bss) for fs
    sd.o(.text) refers to sd.o(.data) for f_bin
    sd.o(.text) refers to adc.o(.constdata) for ADC_BUFFSIZE
    sd.o(.text) refers to adc.o(.data) for CurrentBuffPtr
    adc.o(.text) refers to stm32f4xx_rcc.o(.text) for RCC_AHB1PeriphClockCmd
    adc.o(.text) refers to stm32f4xx_gpio.o(.text) for GPIO_Init
    adc.o(.text) refers to stm32f4xx_adc.o(.text) for ADC_CommonInit
    adc.o(.text) refers to stm32f4xx_dma.o(.text) for DMA_Init
    adc.o(.text) refers to stm32f4xx_tim.o(.text) for TIM_Cmd
    adc.o(.text) refers to misc.o(.text) for NVIC_Init
    adc.o(.text) refers to timer.o(.text) for micros
    adc.o(.text) refers to adc.o(.bss) for uAD_IN_BUFFA
    adc.o(.text) refers to adc.o(.data) for now
    dma.o(.text) refers to stm32f4xx_rcc.o(.text) for RCC_AHB1PeriphClockCmd
    dma.o(.text) refers to stm32f4xx_dma.o(.text) for DMA_DeInit
    dma.o(.text) refers to nvic.o(.text) for nvic_config
    nvic.o(.text) refers to misc.o(.text) for NVIC_Init
    usart.o(.text) refers to stm32f4xx_rcc.o(.text) for RCC_APB1PeriphClockCmd
    usart.o(.text) refers to gpio.o(.text) for gpio_AFconfig
    usart.o(.text) refers to nvic.o(.text) for nvic_config
    usart.o(.text) refers to stm32f4xx_usart.o(.text) for USART_Init
    gpio.o(.text) refers to stm32f4xx_gpio.o(.text) for GPIO_Init
    timer.o(.text) refers to stm32f4xx_dbgmcu.o(.text) for DBGMCU_APB1PeriphConfig
    timer.o(.text) refers to stm32f4xx_rcc.o(.text) for RCC_APB1PeriphClockCmd
    timer.o(.text) refers to stm32f4xx_tim.o(.text) for TIM_TimeBaseInit
    timer.o(.text) refers to nvic.o(.text) for nvic_config
    timer.o(.text) refers to gpio.o(.text) for gpio_AFconfig
    timer.o(.text) refers to stm32f4xx_it.o(.data) for sysTickUptime
    malloc.o(.text) refers to malloc.o(.constdata) for memtblsize
    malloc.o(.text) refers to malloc.o(.data) for mallco_dev
    malloc.o(.data) refers to malloc.o(.text) for my_mem_init
    malloc.o(.data) refers to malloc.o(.bss) for mem1base
    malloc.o(.data) refers to malloc.o(.ARM.__AT_0x68000000) for mem2base
    malloc.o(.data) refers to malloc.o(.ARM.__AT_0x10000000) for mem3base
    malloc.o(.data) refers to malloc.o(.ARM.__AT_0x68000080) for mem2mapbase
    malloc.o(.data) refers to malloc.o(.ARM.__AT_0x1000F000) for mem3mapbase
    yixiuge.o(.text) refers to usart.o(.text) for USATR_config
    yixiuge.o(.text) refers to stm32f4xx_usart.o(.text) for USART_ITConfig
    yixiuge.o(.text) refers to dma.o(.text) for DMA_Config
    yixiuge.o(.text) refers to stm32f4xx_dma.o(.text) for DMA_Cmd
    yixiuge.o(.text) refers to rt_memclr.o(.text) for __aeabi_memclr
    yixiuge.o(.text) refers to vsprintf.o(.text) for vsprintf
    yixiuge.o(.text) refers to usart.o(.bss) for USART3_RX_buf
    yixiuge.o(.text) refers to usart.o(.data) for USART3_RX_updated
    sdio_sdcard.o(.text) refers to stm32f4xx_sdio.o(.text) for SDIO_GetFlagStatus
[...]
    BusFault_Handler                         0x080003f7   Thumb Code     4  stm32f4xx_it.o(.text)
    UsageFault_Handler                       0x080003fb   Thumb Code     4  stm32f4xx_it.o(.text)
    SVC_Handler                              0x080003ff   Thumb Code     2  stm32f4xx_it.o(.text)
    DebugMon_Handler                         0x08000401   Thumb Code     2  stm32f4xx_it.o(.text)
    PendSV_Handler                           0x08000403   Thumb Code     2  stm32f4xx_it.o(.text)
    SysTick_Handler                          0x08000405   Thumb Code    12  stm32f4xx_it.o(.text)
    text_new_pathname                        0x08000415   Thumb Code    54  sd.o(.text)
    SD_mem_init                              0x0800044b   Thumb Code   114  sd.o(.text)
    Write_to_Card                            0x080004bd   Thumb Code   142  sd.o(.text)
    save_data                                0x0800054b   Thumb Code    90  sd.o(.text)
    SD_save_test                             0x080005a5   Thumb Code   122  sd.o(.text)
    save_adc_data                            0x0800061f   Thumb Code    86  sd.o(.text)
    ADCInit_GPIO                             0x08000711   Thumb Code    68  adc.o(.text)
    ADCInit_ADC                              0x08000755   Thumb Code   160  adc.o(.text)
    ADCInit_DMA                              0x080007f5   Thumb Code   132  adc.o(.text)
    ADCInit_Timer                            0x08000879   Thumb Code    82  adc.o(.text)
    ADCInit_Nvic                             0x080008cb   Thumb Code    32  adc.o(.text)
    ADCInit                                  0x080008eb   Thumb Code    24  adc.o(.text)
    DMA2_Stream0_IRQHandler                  0x08000903   Thumb Code    86  adc.o(.text)
    DMA_Config                               0x08000989   Thumb Code   178  dma.o(.text)
    nvic_config                              0x08000a45   Thumb Code    34  nvic.o(.text)
    USATR_config                             0x08000a69   Thumb Code   114  usart.o(.text)
    gpio_config                              0x08000ae1   Thumb Code    70  gpio.o(.text)
    gpio_AFconfig                            0x08000b27   Thumb Code   134  gpio.o(.text)
    LED_init                                 0x08000bad   Thumb Code    28  gpio.o(.text)
    TIM7_init                                0x08000bd1   Thumb Code    80  timer.o(.text)
    TIM6_init                                0x08000c21   Thumb Code    78  timer.o(.text)
    pwm_Configuration                        0x08000c6f   Thumb Code   154  timer.o(.text)
    TIMER_init                               0x08000d09   Thumb Code    16  timer.o(.text)
    micros                                   0x08000d19   Thumb Code    44  timer.o(.text)
    delay_us                                 0x08000d45   Thumb Code    24  timer.o(.text)
    delay_ms                                 0x08000d5d   Thumb Code    24  timer.o(.text)
    millis                                   0x08000d75   Thumb Code     6  timer.o(.text)
    TIM6_DAC_IRQHandler                      0x08000d7b   Thumb Code    26  timer.o(.text)
    TIM7_IRQHandler                          0x08000d95   Thumb Code    26  timer.o(.text)
    mymemcpy                                 0x08000dc9   Thumb Code    26  malloc.o(.text)
    mymemset                                 0x08000de3   Thumb Code    20  malloc.o(.text)
    my_mem_init                              0x08000df7   Thumb Code    54  malloc.o(.text)
    my_mem_perused                           0x08000e2d   Thumb Code    54  malloc.o(.text)
    my_mem_malloc                            0x08000e63   Thumb Code   154  malloc.o(.text)
    my_mem_free                              0x08000efd   Thumb Code    94  malloc.o(.text)
    myfree                                   0x08000f5b   Thumb Code    32  malloc.o(.text)
    mymalloc                                 0x08000f7b   Thumb Code    36  malloc.o(.text)
    myrealloc                                0x08000f9f   Thumb Code    68  malloc.o(.text)
    yixiuge_init                             0x08000ff5   Thumb Code   106  yixiuge.o(.text)
    USART3_IRQHandler                        0x0800105f   Thumb Code    96  yixiuge.o(.text)
    yixiuge_printf                           0x080010bf   Thumb Code    74  yixiuge.o(.text)
    DMA1_Stream1_IRQHandler                  0x08001109   Thumb Code    30  yixiuge.o(.text)
    DMA1_Stream3_IRQHandler                  0x08001127   Thumb Code    36  yixiuge.o(.text)
    SDIO_Register_Deinit                     0x08001171   Thumb Code    48  sdio_sdcard.o(.text)
    SD_SetDeviceMode                         0x080011a1   Thumb Code    20  sdio_sdcard.o(.text)
    SDIO_Clock_Set                           0x080011b5   Thumb Code    18  sdio_sdcard.o(.text)
    CmdResp1Error                            0x080011c7   Thumb Code    96  sdio_sdcard.o(.text)
    FindSCR                                  0x08001227   Thumb Code   390  sdio_sdcard.o(.text)
    SDEnWideBus                              0x080013ad   Thumb Code   160  sdio_sdcard.o(.text)
    SD_EnableWideBusOperation                0x0800144d   Thumb Code    98  sdio_sdcard.o(.text)
    SD_SelectDeselect                        0x080014af   Thumb Code    42  sdio_sdcard.o(.text)
    SD_GetCardInfo                           0x080014d9   Thumb Code   806  sdio_sdcard.o(.text)
    CmdResp2Error                            0x080017ff   Thumb Code    80  sdio_sdcard.o(.text)
    CmdResp6Error                            0x0800184f   Thumb Code   144  sdio_sdcard.o(.text)
    SD_InitializeCards                       0x080018df   Thumb Code   354  sdio_sdcard.o(.text)
    CmdResp3Error                            0x08001a41   Thumb Code    52  sdio_sdcard.o(.text)
    CmdResp7Error                            0x08001a75   Thumb Code    72  sdio_sdcard.o(.text)
    CmdError                                 0x08001abd   Thumb Code    48  sdio_sdcard.o(.text)
    SD_PowerON                               0x08001aed   Thumb Code   460  sdio_sdcard.o(.text)
    SD_Init                                  0x08001cb9   Thumb Code   334  sdio_sdcard.o(.text)
    SD_PowerOFF                              0x08001e07   Thumb Code    12  sdio_sdcard.o(.text)
    SD_DMA_Config                            0x08001e13   Thumb Code   118  sdio_sdcard.o(.text)
    convert_from_bytes_to_power_of_two       0x08001e89   Thumb Code    18  sdio_sdcard.o(.text)
    SD_ReadBlock                             0x08001e9b   Thumb Code   578  sdio_sdcard.o(.text)
    SD_ReadMultiBlocks                       0x080020dd   Thumb Code   762  sdio_sdcard.o(.text)
    IsCardProgramming                        0x080023d7   Thumb Code   150  sdio_sdcard.o(.text)
    SD_WriteBlock                            0x0800246d   Thumb Code   914  sdio_sdcard.o(.text)
    SD_WriteMultiBlocks                      0x080027ff   Thumb Code   976  sdio_sdcard.o(.text)
    SD_ProcessIRQSrc                         0x08002bcf   Thumb Code   322  sdio_sdcard.o(.text)
    SDIO_IRQHandler                          0x08002d11   Thumb Code     8  sdio_sdcard.o(.text)
    SD_SendStatus                            0x08002d19   Thumb Code    74  sdio_sdcard.o(.text)
    SD_GetState                              0x08002d63   Thumb Code    26  sdio_sdcard.o(.text)
    SD_ReadDisk                              0x08002d7d   Thumb Code   188  sdio_sdcard.o(.text)
    SD_WriteDisk                             0x08002e39   Thumb Code   148  sdio_sdcard.o(.text)
    clust2sect                               0x0800307f   Thumb Code    26  ff.o(.text)
    get_fat                                  0x08003099   Thumb Code   232  ff.o(.text)
    put_fat                                  0x08003181   Thumb Code   310  ff.o(.text)
    dir_sdi                                  0x0800342b   Thumb Code   158  ff.o(.text)
    f_mount                                  0x0800449d   Thumb Code    86  ff.o(.text)
    f_open                                   0x080044f3   Thumb Code   384  ff.o(.text)
    f_read                                   0x08004673   Thumb Code   448  ff.o(.text)
    f_write                                  0x08004833   Thumb Code   490  ff.o(.text)
    f_sync                                   0x08004a1d   Thumb Code   176  ff.o(.text)
    f_close                                  0x08004acd   Thumb Code    36  ff.o(.text)
    f_lseek                                  0x08004af1   Thumb Code   654  ff.o(.text)
    f_opendir                                0x08004d7f   Thumb Code   136  ff.o(.text)
    f_closedir                               0x08004e07   Thumb Code    22  ff.o(.text)
    f_readdir                                0x08004e1d   Thumb Code   114  ff.o(.text)
    f_stat                                   0x08004e8f   Thumb Code    84  ff.o(.text)
    f_getfree                                0x08004ee3   Thumb Code   258  ff.o(.text)
    f_truncate                               0x08004fe5   Thumb Code   184  ff.o(.text)
    f_unlink                                 0x0800509d   Thumb Code   194  ff.o(.text)
    f_mkdir                                  0x0800515f   Thumb Code   380  ff.o(.text)
    f_chmod                                  0x080052db   Thumb Code   112  ff.o(.text)
    f_utime                                  0x0800534b   Thumb Code   110  ff.o(.text)
    f_rename                                 0x080053b9   Thumb Code   314  ff.o(.text)
    f_getlabel                               0x080054f3   Thumb Code   190  ff.o(.text)
    f_setlabel                               0x080055b1   Thumb Code   470  ff.o(.text)
    f_mkfs                                   0x08005787   Thumb Code  1570  ff.o(.text)
    f_gets                                   0x08005da9   Thumb Code    82  ff.o(.text)
    f_putc                                   0x08005e3f   Thumb Code    64  ff.o(.text)
    f_puts                                   0x08005e7f   Thumb Code    74  ff.o(.text)
    f_printf                                 0x08005ec9   Thumb Code   674  ff.o(.text)
    ff_convert                               0x0800616d   Thumb Code    80  cc936.o(.text)
    ff_wtoupper                              0x080061bd   Thumb Code    46  cc936.o(.text)
    disk_initialize                          0x080061f5   Thumb Code    32  diskio.o(.text)
    disk_status                              0x08006215   Thumb Code     6  diskio.o(.text)
    disk_read                                0x0800621b   Thumb Code    86  diskio.o(.text)
    disk_write                               0x08006271   Thumb Code    86  diskio.o(.text)
    disk_ioctl                               0x080062c7   Thumb Code   102  diskio.o(.text)
    get_fattime                              0x0800632d   Thumb Code     4  diskio.o(.text)
    ff_memalloc                              0x08006331   Thumb Code    14  diskio.o(.text)
    ff_memfree                               0x0800633f   Thumb Code    14  diskio.o(.text)
    exfuns_init                              0x08006351   Thumb Code   114  exfuns.o(.text)
    char_upper                               0x080063c3   Thumb Code    26  exfuns.o(.text)
    f_typetell                               0x080063dd   Thumb Code   172  exfuns.o(.text)
    exf_getfree                              0x08006489   Thumb Code    74  exfuns.o(.text)
    NVIC_PriorityGroupConfig                 0x080064e9   Thumb Code    10  misc.o(.text)
    NVIC_Init                                0x080064f3   Thumb Code   106  misc.o(.text)
    NVIC_SetVectorTable                      0x0800655d   Thumb Code    14  misc.o(.text)
    NVIC_SystemLPConfig                      0x0800656b   Thumb Code    34  misc.o(.text)
    SysTick_CLKSourceConfig                  0x0800658d   Thumb Code    40  misc.o(.text)
    GPIO_DeInit                              0x080065c9   Thumb Code   268  stm32f4xx_gpio.o(.text)
    GPIO_Init                                0x080066d5   Thumb Code   144  stm32f4xx_gpio.o(.text)
    GPIO_StructInit                          0x08006765   Thumb Code    18  stm32f4xx_gpio.o(.text)
    GPIO_PinLockConfig                       0x08006777   Thumb Code    34  stm32f4xx_gpio.o(.text)
    GPIO_ReadInputDataBit                    0x08006799   Thumb Code    18  stm32f4xx_gpio.o(.text)
    GPIO_ReadInputData                       0x080067ab   Thumb Code     8  stm32f4xx_gpio.o(.text)
    GPIO_ReadOutputDataBit                   0x080067b3   Thumb Code    18  stm32f4xx_gpio.o(.text)
    GPIO_ReadOutputData                      0x080067c5   Thumb Code     8  stm32f4xx_gpio.o(.text)
    GPIO_SetBits                             0x080067cd   Thumb Code     4  stm32f4xx_gpio.o(.text)
    GPIO_ResetBits                           0x080067d1   Thumb Code     4  stm32f4xx_gpio.o(.text)
    GPIO_WriteBit                            0x080067d5   Thumb Code    10  stm32f4xx_gpio.o(.text)
    GPIO_Write                               0x080067df   Thumb Code     4  stm32f4xx_gpio.o(.text)
    GPIO_ToggleBits                          0x080067e3   Thumb Code     8  stm32f4xx_gpio.o(.text)
    GPIO_PinAFConfig                         0x080067eb   Thumb Code    70  stm32f4xx_gpio.o(.text)
    RCC_DeInit                               0x0800685d   Thumb Code    82  stm32f4xx_rcc.o(.text)
    RCC_HSEConfig                            0x080068af   Thumb Code    14  stm32f4xx_rcc.o(.text)
    RCC_GetFlagStatus                        0x080068bd   Thumb Code    60  stm32f4xx_rcc.o(.text)
    RCC_WaitForHSEStartUp                    0x080068f9   Thumb Code    56  stm32f4xx_rcc.o(.text)
    RCC_AdjustHSICalibrationValue            0x08006931   Thumb Code    20  stm32f4xx_rcc.o(.text)
    RCC_HSICmd                               0x08006945   Thumb Code     6  stm32f4xx_rcc.o(.text)
    RCC_LSEConfig                            0x0800694b   Thumb Code    46  stm32f4xx_rcc.o(.text)
    RCC_LSICmd                               0x08006979   Thumb Code     6  stm32f4xx_rcc.o(.text)
    RCC_PLLConfig                            0x0800697f   Thumb Code    32  stm32f4xx_rcc.o(.text)
    RCC_PLLCmd                               0x0800699f   Thumb Code     6  stm32f4xx_rcc.o(.text)
    RCC_PLLI2SConfig                         0x080069a5   Thumb Code    14  stm32f4xx_rcc.o(.text)
    RCC_PLLI2SCmd                            0x080069b3   Thumb Code     6  stm32f4xx_rcc.o(.text)
    RCC_PLLSAIConfig                         0x080069b9   Thumb Code    20  stm32f4xx_rcc.o(.text)
    RCC_PLLSAICmd                            0x080069cd   Thumb Code     6  stm32f4xx_rcc.o(.text)
    RCC_ClockSecuritySystemCmd               0x080069d3   Thumb Code     6  stm32f4xx_rcc.o(.text)
    RCC_MCO1Config                           0x080069d9   Thumb Code    28  stm32f4xx_rcc.o(.text)
    RCC_MCO2Config                           0x080069f5   Thumb Code    28  stm32f4xx_rcc.o(.text)
    RCC_SYSCLKConfig                         0x08006a11   Thumb Code    20  stm32f4xx_rcc.o(.text)
    RCC_GetSYSCLKSource                      0x08006a25   Thumb Code    12  stm32f4xx_rcc.o(.text)
    RCC_HCLKConfig                           0x08006a31   Thumb Code    20  stm32f4xx_rcc.o(.text)
    RCC_PCLK1Config                          0x08006a45   Thumb Code    20  stm32f4xx_rcc.o(.text)
    RCC_PCLK2Config                          0x08006a59   Thumb Code    22  stm32f4xx_rcc.o(.text)
    RCC_GetClocksFreq                        0x08006a6f   Thumb Code   222  stm32f4xx_rcc.o(.text)
    RCC_RTCCLKConfig                         0x08006b4d   Thumb Code    54  stm32f4xx_rcc.o(.text)
    RCC_RTCCLKCmd                            0x08006b83   Thumb Code     8  stm32f4xx_rcc.o(.text)
    RCC_BackupResetCmd                       0x08006b8b   Thumb Code     8  stm32f4xx_rcc.o(.text)
    RCC_I2SCLKConfig                         0x08006b93   Thumb Code     6  stm32f4xx_rcc.o(.text)
    RCC_SAIPLLI2SClkDivConfig                0x08006b99   Thumb Code    26  stm32f4xx_rcc.o(.text)
    RCC_SAIPLLSAIClkDivConfig                0x08006bb3   Thumb Code    28  stm32f4xx_rcc.o(.text)
    RCC_SAIBlockACLKConfig                   0x08006bcf   Thumb Code    20  stm32f4xx_rcc.o(.text)
    RCC_SAIBlockBCLKConfig                   0x08006be3   Thumb Code    20  stm32f4xx_rcc.o(.text)
    RCC_LTDCCLKDivConfig                     0x08006bf7   Thumb Code    20  stm32f4xx_rcc.o(.text)
    RCC_TIMCLKPresConfig                     0x08006c0b   Thumb Code     6  stm32f4xx_rcc.o(.text)
    RCC_AHB1PeriphClockCmd                   0x08006c11   Thumb Code    34  stm32f4xx_rcc.o(.text)
    RCC_AHB2PeriphClockCmd                   0x08006c33   Thumb Code    78  stm32f4xx_rcc.o(.text)
    RCC_AHB3PeriphClockCmd                   0x08006c81   Thumb Code    34  stm32f4xx_rcc.o(.text)
    RCC_APB1PeriphClockCmd                   0x08006ca3   Thumb Code    34  stm32f4xx_rcc.o(.text)
    RCC_APB2PeriphClockCmd                   0x08006cc5   Thumb Code    34  stm32f4xx_rcc.o(.text)
    RCC_AHB1PeriphResetCmd                   0x08006ce7   Thumb Code    34  stm32f4xx_rcc.o(.text)
    RCC_AHB2PeriphResetCmd                   0x08006d09   Thumb Code    34  stm32f4xx_rcc.o(.text)
    RCC_AHB3PeriphResetCmd                   0x08006d2b   Thumb Code    34  stm32f4xx_rcc.o(.text)
    RCC_APB1PeriphResetCmd                   0x08006d4d   Thumb Code    34  stm32f4xx_rcc.o(.text)
    RCC_APB2PeriphResetCmd                   0x08006d6f   Thumb Code    34  stm32f4xx_rcc.o(.text)
    RCC_AHB1PeriphClockLPModeCmd             0x08006d91   Thumb Code    34  stm32f4xx_rcc.o(.text)
    RCC_AHB2PeriphClockLPModeCmd             0x08006db3   Thumb Code    34  stm32f4xx_rcc.o(.text)
    RCC_AHB3PeriphClockLPModeCmd             0x08006dd5   Thumb Code    34  stm32f4xx_rcc.o(.text)
    RCC_APB1PeriphClockLPModeCmd             0x08006df7   Thumb Code    34  stm32f4xx_rcc.o(.text)
    RCC_APB2PeriphClockLPModeCmd             0x08006e19   Thumb Code    34  stm32f4xx_rcc.o(.text)
    RCC_ITConfig                             0x08006e3b   Thumb Code    34  stm32f4xx_rcc.o(.text)
    RCC_ClearFlag                            0x08006e5d   Thumb Code    18  stm32f4xx_rcc.o(.text)
    RCC_GetITStatus                          0x08006e6f   Thumb Code    22  stm32f4xx_rcc.o(.text)
    RCC_ClearITPendingBit                    0x08006e85   Thumb Code     8  stm32f4xx_rcc.o(.text)
    TIM_DeInit                               0x08006e91   Thumb Code   346  stm32f4xx_tim.o(.text)
    TIM_TimeBaseInit                         0x08006feb   Thumb Code   104  stm32f4xx_tim.o(.text)
    TIM_TimeBaseStructInit                   0x08007053   Thumb Code    18  stm32f4xx_tim.o(.text)
    TIM_PrescalerConfig                      0x08007065   Thumb Code     6  stm32f4xx_tim.o(.text)
    TIM_CounterModeConfig                    0x0800706b   Thumb Code    18  stm32f4xx_tim.o(.text)
    TIM_SetCounter                           0x0800707d   Thumb Code     4  stm32f4xx_tim.o(.text)
    TIM_SetAutoreload                        0x08007081   Thumb Code     4  stm32f4xx_tim.o(.text)
    TIM_GetCounter                           0x08007085   Thumb Code     6  stm32f4xx_tim.o(.text)
    TIM_GetPrescaler                         0x0800708b   Thumb Code     6  stm32f4xx_tim.o(.text)
    TIM_UpdateDisableConfig                  0x08007091   Thumb Code    24  stm32f4xx_tim.o(.text)
    TIM_UpdateRequestConfig                  0x080070a9   Thumb Code    24  stm32f4xx_tim.o(.text)
    TIM_ARRPreloadConfig                     0x080070c1   Thumb Code    24  stm32f4xx_tim.o(.text)
    TIM_SelectOnePulseMode                   0x080070d9   Thumb Code    18  stm32f4xx_tim.o(.text)
    TIM_SetClockDivision                     0x080070eb   Thumb Code    18  stm32f4xx_tim.o(.text)
    TIM_Cmd                                  0x080070fd   Thumb Code    24  stm32f4xx_tim.o(.text)
    TIM_OC1Init                              0x08007115   Thumb Code   114  stm32f4xx_tim.o(.text)
    TIM_OC2Init                              0x08007187   Thumb Code   154  stm32f4xx_tim.o(.text)
    TIM_OC3Init                              0x08007221   Thumb Code   204  stm32f4xx_tim.o(.text)
    TIM_OC4Init                              0x080072ed   Thumb Code   112  stm32f4xx_tim.o(.text)
    TIM_OCStructInit                         0x0800735d   Thumb Code    20  stm32f4xx_tim.o(.text)
    TIM_SelectOCxM                           0x08007371   Thumb Code    86  stm32f4xx_tim.o(.text)
    TIM_SetCompare1                          0x080073c7   Thumb Code     4  stm32f4xx_tim.o(.text)
    TIM_SetCompare2                          0x080073cb   Thumb Code     4  stm32f4xx_tim.o(.text)
    TIM_SetCompare3                          0x080073cf   Thumb Code     4  stm32f4xx_tim.o(.text)
    TIM_SetCompare4                          0x080073d3   Thumb Code     4  stm32f4xx_tim.o(.text)
    TIM_ForcedOC1Config                      0x080073d7   Thumb Code    18  stm32f4xx_tim.o(.text)
    TIM_ForcedOC2Config                      0x080073e9   Thumb Code    26  stm32f4xx_tim.o(.text)
    TIM_ForcedOC3Config                      0x08007403   Thumb Code    18  stm32f4xx_tim.o(.text)
    TIM_ForcedOC4Config                      0x08007415   Thumb Code    26  stm32f4xx_tim.o(.text)
    TIM_OC1PreloadConfig                     0x0800742f   Thumb Code    18  stm32f4xx_tim.o(.text)
    TIM_OC2PreloadConfig                     0x08007441   Thumb Code    26  stm32f4xx_tim.o(.text)
    TIM_OC3PreloadConfig                     0x0800745b   Thumb Code    18  stm32f4xx_tim.o(.text)
    TIM_OC4PreloadConfig                     0x0800746d   Thumb Code    26  stm32f4xx_tim.o(.text)
    TIM_OC1FastConfig                        0x08007487   Thumb Code    18  stm32f4xx_tim.o(.text)
    TIM_OC2FastConfig                        0x08007499   Thumb Code    26  stm32f4xx_tim.o(.text)
    TIM_OC3FastConfig                        0x080074b3   Thumb Code    18  stm32f4xx_tim.o(.text)
    TIM_OC4FastConfig                        0x080074c5   Thumb Code    26  stm32f4xx_tim.o(.text)
    TIM_ClearOC1Ref                          0x080074df   Thumb Code    18  stm32f4xx_tim.o(.text)
    TIM_ClearOC2Ref                          0x080074f1   Thumb Code    24  stm32f4xx_tim.o(.text)
    TIM_ClearOC3Ref                          0x08007509   Thumb Code    18  stm32f4xx_tim.o(.text)
    TIM_ClearOC4Ref                          0x0800751b   Thumb Code    24  stm32f4xx_tim.o(.text)
    TIM_OC1PolarityConfig                    0x08007533   Thumb Code    18  stm32f4xx_tim.o(.text)
    TIM_OC1NPolarityConfig                   0x08007545   Thumb Code    18  stm32f4xx_tim.o(.text)
    TIM_OC2PolarityConfig                    0x08007557   Thumb Code    26  stm32f4xx_tim.o(.text)
    TIM_OC2NPolarityConfig                   0x08007571   Thumb Code    26  stm32f4xx_tim.o(.text)
    TIM_OC3PolarityConfig                    0x0800758b   Thumb Code    26  stm32f4xx_tim.o(.text)
    TIM_OC3NPolarityConfig                   0x080075a5   Thumb Code    26  stm32f4xx_tim.o(.text)
    TIM_OC4PolarityConfig                    0x080075bf   Thumb Code    26  stm32f4xx_tim.o(.text)
    TIM_CCxCmd                               0x080075d9   Thumb Code    30  stm32f4xx_tim.o(.text)
    TIM_CCxNCmd                              0x080075f7   Thumb Code    30  stm32f4xx_tim.o(.text)
    TIM_SetIC4Prescaler                      0x08007615   Thumb Code    26  stm32f4xx_tim.o(.text)
    TIM_SetIC3Prescaler                      0x0800767f   Thumb Code    18  stm32f4xx_tim.o(.text)
    TIM_SetIC2Prescaler                      0x080076d9   Thumb Code    26  stm32f4xx_tim.o(.text)
    TIM_SetIC1Prescaler                      0x0800774d   Thumb Code    18  stm32f4xx_tim.o(.text)
    TIM_ICInit                               0x08007799   Thumb Code   110  stm32f4xx_tim.o(.text)
    TIM_ICStructInit                         0x08007807   Thumb Code    18  stm32f4xx_tim.o(.text)
    TIM_PWMIConfig                           0x08007819   Thumb Code   124  stm32f4xx_tim.o(.text)
    TIM_GetCapture1                          0x08007895   Thumb Code     6  stm32f4xx_tim.o(.text)
    TIM_GetCapture2                          0x0800789b   Thumb Code     6  stm32f4xx_tim.o(.text)
    TIM_GetCapture3                          0x080078a1   Thumb Code     6  stm32f4xx_tim.o(.text)
    TIM_GetCapture4                          0x080078a7   Thumb Code     6  stm32f4xx_tim.o(.text)
    TIM_BDTRConfig                           0x080078ad   Thumb Code    32  stm32f4xx_tim.o(.text)
    TIM_BDTRStructInit                       0x080078cd   Thumb Code    18  stm32f4xx_tim.o(.text)
    TIM_CtrlPWMOutputs                       0x080078df   Thumb Code    30  stm32f4xx_tim.o(.text)
    TIM_SelectCOM                            0x080078fd   Thumb Code    24  stm32f4xx_tim.o(.text)
    TIM_CCPreloadControl                     0x08007915   Thumb Code    24  stm32f4xx_tim.o(.text)
    TIM_ITConfig                             0x0800792d   Thumb Code    18  stm32f4xx_tim.o(.text)
    TIM_GenerateEvent                        0x0800793f   Thumb Code     4  stm32f4xx_tim.o(.text)
    TIM_GetFlagStatus                        0x08007943   Thumb Code    18  stm32f4xx_tim.o(.text)
    TIM_ClearFlag                            0x08007955   Thumb Code     6  stm32f4xx_tim.o(.text)
    TIM_GetITStatus                          0x0800795b   Thumb Code    34  stm32f4xx_tim.o(.text)
    TIM_ClearITPendingBit                    0x0800797d   Thumb Code     6  stm32f4xx_tim.o(.text)
    TIM_DMAConfig                            0x08007983   Thumb Code    10  stm32f4xx_tim.o(.text)
    TIM_DMACmd                               0x0800798d   Thumb Code    18  stm32f4xx_tim.o(.text)
    TIM_SelectCCDMA                          0x0800799f   Thumb Code    24  stm32f4xx_tim.o(.text)
    TIM_InternalClockConfig                  0x080079b7   Thumb Code    12  stm32f4xx_tim.o(.text)
    TIM_SelectInputTrigger                   0x080079c3   Thumb Code    18  stm32f4xx_tim.o(.text)
    TIM_ITRxExternalClockConfig              0x080079d5   Thumb Code    24  stm32f4xx_tim.o(.text)
    TIM_TIxExternalClockConfig               0x080079ed   Thumb Code    62  stm32f4xx_tim.o(.text)
    TIM_ETRConfig                            0x08007a2b   Thumb Code    28  stm32f4xx_tim.o(.text)
    TIM_ETRClockMode1Config                  0x08007a47   Thumb Code    54  stm32f4xx_tim.o(.text)
    TIM_ETRClockMode2Config                  0x08007a7d   Thumb Code    32  stm32f4xx_tim.o(.text)
    TIM_SelectOutputTrigger                  0x08007a9d   Thumb Code    18  stm32f4xx_tim.o(.text)
    TIM_SelectSlaveMode                      0x08007aaf   Thumb Code    18  stm32f4xx_tim.o(.text)
    TIM_SelectMasterSlaveMode                0x08007ac1   Thumb Code    18  stm32f4xx_tim.o(.text)
    TIM_EncoderInterfaceConfig               0x08007ad3   Thumb Code    66  stm32f4xx_tim.o(.text)
    TIM_SelectHallSensor                     0x08007b15   Thumb Code    24  stm32f4xx_tim.o(.text)
    TIM_RemapConfig                          0x08007b2d   Thumb Code     6  stm32f4xx_tim.o(.text)
    USART_DeInit                             0x08007b35   Thumb Code   206  stm32f4xx_usart.o(.text)
    USART_Init                               0x08007c03   Thumb Code   204  stm32f4xx_usart.o(.text)
    USART_StructInit                         0x08007ccf   Thumb Code    24  stm32f4xx_usart.o(.text)
    USART_ClockInit                          0x08007ce7   Thumb Code    32  stm32f4xx_usart.o(.text)
    USART_ClockStructInit                    0x08007d07   Thumb Code    12  stm32f4xx_usart.o(.text)
    USART_Cmd                                0x08007d13   Thumb Code    24  stm32f4xx_usart.o(.text)
    USART_SetPrescaler                       0x08007d2b   Thumb Code    16  stm32f4xx_usart.o(.text)
    USART_OverSampling8Cmd                   0x08007d3b   Thumb Code    22  stm32f4xx_usart.o(.text)
    USART_OneBitMethodCmd                    0x08007d51   Thumb Code    24  stm32f4xx_usart.o(.text)
    USART_SendData                           0x08007d69   Thumb Code     8  stm32f4xx_usart.o(.text)
    USART_ReceiveData                        0x08007d71   Thumb Code    10  stm32f4xx_usart.o(.text)
    USART_SetAddress                         0x08007d7b   Thumb Code    18  stm32f4xx_usart.o(.text)
    USART_ReceiverWakeUpCmd                  0x08007d8d   Thumb Code    24  stm32f4xx_usart.o(.text)
    USART_WakeUpConfig                       0x08007da5   Thumb Code    18  stm32f4xx_usart.o(.text)
    USART_LINBreakDetectLengthConfig         0x08007db7   Thumb Code    18  stm32f4xx_usart.o(.text)
    USART_LINCmd                             0x08007dc9   Thumb Code    24  stm32f4xx_usart.o(.text)
    USART_SendBreak                          0x08007de1   Thumb Code    10  stm32f4xx_usart.o(.text)
    USART_HalfDuplexCmd                      0x08007deb   Thumb Code    24  stm32f4xx_usart.o(.text)
    USART_SetGuardTime                       0x08007e03   Thumb Code    16  stm32f4xx_usart.o(.text)
    USART_SmartCardCmd                       0x08007e13   Thumb Code    24  stm32f4xx_usart.o(.text)
    USART_SmartCardNACKCmd                   0x08007e2b   Thumb Code    24  stm32f4xx_usart.o(.text)
    USART_IrDAConfig                         0x08007e43   Thumb Code    18  stm32f4xx_usart.o(.text)
    USART_IrDACmd                            0x08007e55   Thumb Code    24  stm32f4xx_usart.o(.text)
    USART_DMACmd                             0x08007e6d   Thumb Code    18  stm32f4xx_usart.o(.text)
    USART_ITConfig                           0x08007e7f   Thumb Code    74  stm32f4xx_usart.o(.text)
    USART_GetFlagStatus                      0x08007ec9   Thumb Code    26  stm32f4xx_usart.o(.text)
    USART_ClearFlag                          0x08007ee3   Thumb Code    18  stm32f4xx_usart.o(.text)
    USART_GetITStatus                        0x08007ef5   Thumb Code   118  stm32f4xx_usart.o(.text)
    USART_ClearITPendingBit                  0x08007f6b   Thumb Code    30  stm32f4xx_usart.o(.text)
    Reset_Handler                            0x08007f89   Thumb Code     8  startup_stm32f40xx.o(.text)
    ADC_IRQHandler                           0x08007fa3   Thumb Code     0  startup_stm32f40xx.o(.text)
    CAN1_RX0_IRQHandler                      0x08007fa3   Thumb Code     0  startup_stm32f40xx.o(.text)
    CAN1_RX1_IRQHandler                      0x08007fa3   Thumb Code     0  startup_stm32f40xx.o(.text)
    CAN1_SCE_IRQHandler                      0x08007fa3   Thumb Code     0  startup_stm32f40xx.o(.text)
    CAN1_TX_IRQHandler                       0x08007fa3   Thumb Code     0  startup_stm32f40xx.o(.text)
    CAN2_RX0_IRQHandler                      0x08007fa3   Thumb Code     0  startup_stm32f40xx.o(.text)
    CAN2_RX1_IRQHandler                      0x08007fa3   Thumb Code     0  startup_stm32f40xx.o(.text)
    CAN2_SCE_IRQHandler                      0x08007fa3   Thumb Code     0  startup_stm32f40xx.o(.text)
    CAN2_TX_IRQHandler                       0x08007fa3   Thumb Code     0  startup_stm32f40xx.o(.text)
    CRYP_IRQHandler                          0x08007fa3   Thumb Code     0  startup_stm32f40xx.o(.text)
    DCMI_IRQHandler                          0x08007fa3   Thumb Code     0  startup_stm32f40xx.o(.text)
    DMA1_Stream0_IRQHandler                  0x08007fa3   Thumb Code     0  startup_stm32f40xx.o(.text)
    DMA1_Stream2_IRQHandler                  0x08007fa3   Thumb Code     0  startup_stm32f40xx.o(.text)
    DMA1_Stream4_IRQHandler                  0x08007fa3   Thumb Code     0  startup_stm32f40xx.o(.text)
    DMA1_Stream5_IRQHandler                  0x08007fa3   Thumb Code     0  startup_stm32f40xx.o(.text)
    DMA1_Stream6_IRQHandler                  0x08007fa3   Thumb Code     0  startup_stm32f40xx.o(.text)
    DMA1_Stream7_IRQHandler                  0x08007fa3   Thumb Code     0  startup_stm32f40xx.o(.text)
    DMA2_Stream1_IRQHandler                  0x08007fa3   Thumb Code     0  startup_stm32f40xx.o(.text)
    DMA2_Stream2_IRQHandler                  0x08007fa3   Thumb Code     0  startup_stm32f40xx.o(.text)
    DMA2_Stream3_IRQHandler                  0x08007fa3   Thumb Code     0  startup_stm32f40xx.o(.text)
    DMA2_Stream4_IRQHandler                  0x08007fa3   Thumb Code     0  startup_stm32f40xx.o(.text)
    DMA2_Stream5_IRQHandler                  0x08007fa3   Thumb Code     0  startup_stm32f40xx.o(.text)
    DMA2_Stream6_IRQHandler                  0x08007fa3   Thumb Code     0  startup_stm32f40xx.o(.text)
    DMA2_Stream7_IRQHandler                  0x08007fa3   Thumb Code     0  startup_stm32f40xx.o(.text)
    ETH_IRQHandler                           0x08007fa3   Thumb Code     0  startup_stm32f40xx.o(.text)
    ETH_WKUP_IRQHandler                      0x08007fa3   Thumb Code     0  startup_stm32f40xx.o(.text)
    EXTI0_IRQHandler                         0x08007fa3   Thumb Code     0  startup_stm32f40xx.o(.text)
    EXTI15_10_IRQHandler                     0x08007fa3   Thumb Code     0  startup_stm32f40xx.o(.text)
    EXTI1_IRQHandler                         0x08007fa3   Thumb Code     0  startup_stm32f40xx.o(.text)
    EXTI2_IRQHandler                         0x08007fa3   Thumb Code     0  startup_stm32f40xx.o(.text)
    EXTI3_IRQHandler                         0x08007fa3   Thumb Code     0  startup_stm32f40xx.o(.text)
    EXTI4_IRQHandler                         0x08007fa3   Thumb Code     0  startup_stm32f40xx.o(.text)
    EXTI9_5_IRQHandler                       0x08007fa3   Thumb Code     0  startup_stm32f40xx.o(.text)
    FLASH_IRQHandler                         0x08007fa3   Thumb Code     0  startup_stm32f40xx.o(.text)
    FPU_IRQHandler                           0x08007fa3   Thumb Code     0  startup_stm32f40xx.o(.text)
    FSMC_IRQHandler                          0x08007fa3   Thumb Code     0  startup_stm32f40xx.o(.text)
    HASH_RNG_IRQHandler                      0x08007fa3   Thumb Code     0  startup_stm32f40xx.o(.text)
    I2C1_ER_IRQHandler                       0x08007fa3   Thumb Code     0  startup_stm32f40xx.o(.text)
    I2C1_EV_IRQHandler                       0x08007fa3   Thumb Code     0  startup_stm32f40xx.o(.text)
    I2C2_ER_IRQHandler                       0x08007fa3   Thumb Code     0  startup_stm32f40xx.o(.text)
    I2C2_EV_IRQHandler                       0x08007fa3   Thumb Code     0  startup_stm32f40xx.o(.text)
    I2C3_ER_IRQHandler                       0x08007fa3   Thumb Code     0  startup_stm32f40xx.o(.text)
    I2C3_EV_IRQHandler                       0x08007fa3   Thumb Code     0  startup_stm32f40xx.o(.text)
    OTG_FS_IRQHandler                        0x08007fa3   Thumb Code     0  startup_stm32f40xx.o(.text)
    OTG_FS_WKUP_IRQHandler                   0x08007fa3   Thumb Code     0  startup_stm32f40xx.o(.text)
    OTG_HS_EP1_IN_IRQHandler                 0x08007fa3   Thumb Code     0  startup_stm32f40xx.o(.text)
    OTG_HS_EP1_OUT_IRQHandler                0x08007fa3   Thumb Code     0  startup_stm32f40xx.o(.text)
    OTG_HS_IRQHandler                        0x08007fa3   Thumb Code     0  startup_stm32f40xx.o(.text)
    OTG_HS_WKUP_IRQHandler                   0x08007fa3   Thumb Code     0  startup_stm32f40xx.o(.text)
    PVD_IRQHandler                           0x08007fa3   Thumb Code     0  startup_stm32f40xx.o(.text)
    RCC_IRQHandler                           0x08007fa3   Thumb Code     0  startup_stm32f40xx.o(.text)
    RTC_Alarm_IRQHandler                     0x08007fa3   Thumb Code     0  startup_stm32f40xx.o(.text)
    RTC_WKUP_IRQHandler                      0x08007fa3   Thumb Code     0  startup_stm32f40xx.o(.text)
    SPI1_IRQHandler                          0x08007fa3   Thumb Code     0  startup_stm32f40xx.o(.text)
    SPI2_IRQHandler                          0x08007fa3   Thumb Code     0  startup_stm32f40xx.o(.text)
    SPI3_IRQHandler                          0x08007fa3   Thumb Code     0  startup_stm32f40xx.o(.text)
    TAMP_STAMP_IRQHandler                    0x08007fa3   Thumb Code     0  startup_stm32f40xx.o(.text)
    TIM1_BRK_TIM9_IRQHandler                 0x08007fa3   Thumb Code     0  startup_stm32f40xx.o(.text)
    TIM1_CC_IRQHandler                       0x08007fa3   Thumb Code     0  startup_stm32f40xx.o(.text)
    TIM1_TRG_COM_TIM11_IRQHandler            0x08007fa3   Thumb Code     0  startup_stm32f40xx.o(.text)
    TIM1_UP_TIM10_IRQHandler                 0x08007fa3   Thumb Code     0  startup_stm32f40xx.o(.text)
    TIM2_IRQHandler                          0x08007fa3   Thumb Code     0  startup_stm32f40xx.o(.text)
    TIM3_IRQHandler                          0x08007fa3   Thumb Code     0  startup_stm32f40xx.o(.text)
    TIM4_IRQHandler                          0x08007fa3   Thumb Code     0  startup_stm32f40xx.o(.text)
    TIM5_IRQHandler                          0x08007fa3   Thumb Code     0  startup_stm32f40xx.o(.text)
    TIM8_BRK_TIM12_IRQHandler                0x08007fa3   Thumb Code     0  startup_stm32f40xx.o(.text)
    TIM8_CC_IRQHandler                       0x08007fa3   Thumb Code     0  startup_stm32f40xx.o(.text)
    TIM8_TRG_COM_TIM14_IRQHandler            0x08007fa3   Thumb Code     0  startup_stm32f40xx.o(.text)
    TIM8_UP_TIM13_IRQHandler                 0x08007fa3   Thumb Code     0  startup_stm32f40xx.o(.text)
    UART4_IRQHandler                         0x08007fa3   Thumb Code     0  startup_stm32f40xx.o(.text)
    UART5_IRQHandler                         0x08007fa3   Thumb Code     0  startup_stm32f40xx.o(.text)
    USART1_IRQHandler                        0x08007fa3   Thumb Code     0  startup_stm32f40xx.o(.text)
    USART2_IRQHandler                        0x08007fa3   Thumb Code     0  startup_stm32f40xx.o(.text)
    USART6_IRQHandler                        0x08007fa3   Thumb Code     0  startup_stm32f40xx.o(.text)
    WWDG_IRQHandler                          0x08007fa3   Thumb Code     0  startup_stm32f40xx.o(.text)
    __user_initial_stackheap                 0x08007fa5   Thumb Code     0  startup_stm32f40xx.o(.text)
    SystemInit                               0x080080a5   Thumb Code    88  system_stm32f4xx.o(.text)
    SystemCoreClockUpdate                    0x080080fd   Thumb Code   174  system_stm32f4xx.o(.text)
    DMA_DeInit                               0x080081d9   Thumb Code   324  stm32f4xx_dma.o(.text)
    DMA_Init                                 0x0800831d   Thumb Code    82  stm32f4xx_dma.o(.text)
    DMA_StructInit                           0x0800836f   Thumb Code    34  stm32f4xx_dma.o(.text)
    DMA_Cmd                                  0x08008391   Thumb Code    22  stm32f4xx_dma.o(.text)
    DMA_PeriphIncOffsetSizeConfig            0x080083a7   Thumb Code    22  stm32f4xx_dma.o(.text)
    DMA_FlowControllerConfig                 0x080083bd   Thumb Code    22  stm32f4xx_dma.o(.text)
    DMA_SetCurrDataCounter                   0x080083d3   Thumb Code     4  stm32f4xx_dma.o(.text)
    DMA_GetCurrDataCounter                   0x080083d7   Thumb Code     8  stm32f4xx_dma.o(.text)
    DMA_DoubleBufferModeConfig               0x080083df   Thumb Code    24  stm32f4xx_dma.o(.text)
    DMA_DoubleBufferModeCmd                  0x080083f7   Thumb Code    22  stm32f4xx_dma.o(.text)
    DMA_MemoryTargetConfig                   0x0800840d   Thumb Code    10  stm32f4xx_dma.o(.text)
    DMA_GetCurrentMemoryTarget               0x08008417   Thumb Code    20  stm32f4xx_dma.o(.text)
    DMA_GetCmdStatus                         0x0800842b   Thumb Code    20  stm32f4xx_dma.o(.text)
    DMA_GetFIFOStatus                        0x0800843f   Thumb Code    12  stm32f4xx_dma.o(.text)
    DMA_GetFlagStatus                        0x0800844b   Thumb Code    56  stm32f4xx_dma.o(.text)
    DMA_ClearFlag                            0x08008483   Thumb Code    40  stm32f4xx_dma.o(.text)
    DMA_ITConfig                             0x080084ab   Thumb Code    58  stm32f4xx_dma.o(.text)
    DMA_GetITStatus                          0x080084e5   Thumb Code    84  stm32f4xx_dma.o(.text)
    DMA_ClearITPendingBit                    0x08008539   Thumb Code    40  stm32f4xx_dma.o(.text)
    ADC_DeInit                               0x08008581   Thumb Code    22  stm32f4xx_adc.o(.text)
    ADC_Init                                 0x08008597   Thumb Code    74  stm32f4xx_adc.o(.text)
    ADC_StructInit                           0x080085e1   Thumb Code    20  stm32f4xx_adc.o(.text)
    ADC_CommonInit                           0x080085f5   Thumb Code    34  stm32f4xx_adc.o(.text)
    ADC_CommonStructInit                     0x08008617   Thumb Code    12  stm32f4xx_adc.o(.text)
    ADC_Cmd                                  0x08008623   Thumb Code    22  stm32f4xx_adc.o(.text)
    ADC_AnalogWatchdogCmd                    0x08008639   Thumb Code    16  stm32f4xx_adc.o(.text)
    ADC_AnalogWatchdogThresholdsConfig       0x08008649   Thumb Code     6  stm32f4xx_adc.o(.text)
    ADC_AnalogWatchdogSingleChannelConfig    0x0800864f   Thumb Code    16  stm32f4xx_adc.o(.text)
    ADC_TempSensorVrefintCmd                 0x0800865f   Thumb Code    34  stm32f4xx_adc.o(.text)
    ADC_VBATCmd                              0x08008681   Thumb Code    34  stm32f4xx_adc.o(.text)
    ADC_RegularChannelConfig                 0x080086a3   Thumb Code   184  stm32f4xx_adc.o(.text)
    ADC_SoftwareStartConv                    0x0800875b   Thumb Code    10  stm32f4xx_adc.o(.text)
    ADC_GetSoftwareStartConvStatus           0x08008765   Thumb Code    20  stm32f4xx_adc.o(.text)
    ADC_EOCOnEachRegularChannelCmd           0x08008779   Thumb Code    22  stm32f4xx_adc.o(.text)
    ADC_ContinuousModeCmd                    0x0800878f   Thumb Code    22  stm32f4xx_adc.o(.text)
    ADC_DiscModeChannelCountConfig           0x080087a5   Thumb Code    24  stm32f4xx_adc.o(.text)
    ADC_DiscModeCmd                          0x080087bd   Thumb Code    22  stm32f4xx_adc.o(.text)
    ADC_GetConversionValue                   0x080087d3   Thumb Code     8  stm32f4xx_adc.o(.text)
    ADC_GetMultiModeConversionValue          0x080087db   Thumb Code     8  stm32f4xx_adc.o(.text)
    ADC_DMACmd                               0x080087e3   Thumb Code    22  stm32f4xx_adc.o(.text)
    ADC_DMARequestAfterLastTransferCmd       0x080087f9   Thumb Code    22  stm32f4xx_adc.o(.text)
    ADC_MultiModeDMARequestAfterLastTransferCmd 0x0800880f   Thumb Code    34  stm32f4xx_adc.o(.text)
    ADC_InjectedChannelConfig                0x08008831   Thumb Code   130  stm32f4xx_adc.o(.text)
    ADC_InjectedSequencerLengthConfig        0x080088b3   Thumb Code    24  stm32f4xx_adc.o(.text)
    ADC_SetInjectedOffset                    0x080088cb   Thumb Code    20  stm32f4xx_adc.o(.text)
    ADC_ExternalTrigInjectedConvConfig       0x080088df   Thumb Code    16  stm32f4xx_adc.o(.text)
    ADC_ExternalTrigInjectedConvEdgeConfig   0x080088ef   Thumb Code    16  stm32f4xx_adc.o(.text)
    ADC_SoftwareStartInjectedConv            0x080088ff   Thumb Code    10  stm32f4xx_adc.o(.text)
    ADC_GetSoftwareStartInjectedConvCmdStatus 0x08008909   Thumb Code    20  stm32f4xx_adc.o(.text)
    ADC_AutoInjectedConvCmd                  0x0800891d   Thumb Code    22  stm32f4xx_adc.o(.text)
    ADC_InjectedDiscModeCmd                  0x08008933   Thumb Code    22  stm32f4xx_adc.o(.text)
    ADC_GetInjectedConversionValue           0x08008949   Thumb Code    28  stm32f4xx_adc.o(.text)
    ADC_ITConfig                             0x08008965   Thumb Code    56  stm32f4xx_adc.o(.text)
    ADC_GetFlagStatus                        0x0800899d   Thumb Code    18  stm32f4xx_adc.o(.text)
    ADC_ClearFlag                            0x080089af   Thumb Code     6  stm32f4xx_adc.o(.text)
    ADC_GetITStatus                          0x080089b5   Thumb Code    38  stm32f4xx_adc.o(.text)
    ADC_ClearITPendingBit                    0x080089db   Thumb Code    10  stm32f4xx_adc.o(.text)
    DBGMCU_GetREVID                          0x080089e5   Thumb Code     8  stm32f4xx_dbgmcu.o(.text)
    DBGMCU_GetDEVID                          0x080089ed   Thumb Code    10  stm32f4xx_dbgmcu.o(.text)
    DBGMCU_Config                            0x080089f7   Thumb Code    26  stm32f4xx_dbgmcu.o(.text)
    DBGMCU_APB1PeriphConfig                  0x08008a11   Thumb Code    26  stm32f4xx_dbgmcu.o(.text)
    DBGMCU_APB2PeriphConfig                  0x08008a2b   Thumb Code    26  stm32f4xx_dbgmcu.o(.text)
    SDIO_DeInit                              0x08008a49   Thumb Code    22  stm32f4xx_sdio.o(.text)
    SDIO_Init                                0x08008a5f   Thumb Code    42  stm32f4xx_sdio.o(.text)
    SDIO_StructInit                          0x08008a89   Thumb Code    16  stm32f4xx_sdio.o(.text)
    SDIO_ClockCmd                            0x08008a99   Thumb Code     6  stm32f4xx_sdio.o(.text)
    SDIO_SetPowerState                       0x08008a9f   Thumb Code     8  stm32f4xx_sdio.o(.text)
    SDIO_GetPowerState                       0x08008aa7   Thumb Code    12  stm32f4xx_sdio.o(.text)
    SDIO_SendCommand                         0x08008ab3   Thumb Code    42  stm32f4xx_sdio.o(.text)
    SDIO_CmdStructInit                       0x08008add   Thumb Code    14  stm32f4xx_sdio.o(.text)
    SDIO_GetCommandResponse                  0x08008aeb   Thumb Code    10  stm32f4xx_sdio.o(.text)
    SDIO_GetResponse                         0x08008af5   Thumb Code    22  stm32f4xx_sdio.o(.text)
    SDIO_DataConfig                          0x08008b0b   Thumb Code    48  stm32f4xx_sdio.o(.text)
    SDIO_DataStructInit                      0x08008b3b   Thumb Code    20  stm32f4xx_sdio.o(.text)
    SDIO_GetDataCounter                      0x08008b4f   Thumb Code     8  stm32f4xx_sdio.o(.text)
    SDIO_ReadData                            0x08008b57   Thumb Code     8  stm32f4xx_sdio.o(.text)
    SDIO_WriteData                           0x08008b5f   Thumb Code     8  stm32f4xx_sdio.o(.text)
    SDIO_GetFIFOCount                        0x08008b67   Thumb Code     8  stm32f4xx_sdio.o(.text)
    SDIO_StartSDIOReadWait                   0x08008b6f   Thumb Code     6  stm32f4xx_sdio.o(.text)
    SDIO_StopSDIOReadWait                    0x08008b75   Thumb Code     8  stm32f4xx_sdio.o(.text)
    SDIO_SetSDIOReadWaitMode                 0x08008b7d   Thumb Code     8  stm32f4xx_sdio.o(.text)
    SDIO_SetSDIOOperation                    0x08008b85   Thumb Code     8  stm32f4xx_sdio.o(.text)
    SDIO_SendSDIOSuspendCmd                  0x08008b8d   Thumb Code     6  stm32f4xx_sdio.o(.text)
    SDIO_CommandCompletionCmd                0x08008b93   Thumb Code     8  stm32f4xx_sdio.o(.text)
    SDIO_CEATAITCmd                          0x08008b9b   Thumb Code    12  stm32f4xx_sdio.o(.text)
    SDIO_SendCEATACmd                        0x08008ba7   Thumb Code     8  stm32f4xx_sdio.o(.text)
    SDIO_DMACmd                              0x08008baf   Thumb Code     8  stm32f4xx_sdio.o(.text)
    SDIO_ITConfig                            0x08008bb7   Thumb Code    34  stm32f4xx_sdio.o(.text)
    SDIO_GetFlagStatus                       0x08008bd9   Thumb Code    22  stm32f4xx_sdio.o(.text)
    SDIO_ClearFlag                           0x08008bef   Thumb Code     8  stm32f4xx_sdio.o(.text)
    SDIO_GetITStatus                         0x08008bf7   Thumb Code    22  stm32f4xx_sdio.o(.text)
    SDIO_ClearITPendingBit                   0x08008c0d   Thumb Code     8  stm32f4xx_sdio.o(.text)
    __aeabi_ldivmod                          0x08008c25   Thumb Code     0  llsdiv.o(.text)
    _ll_sdiv                                 0x08008c25   Thumb Code    72  llsdiv.o(.text)
    vsprintf                                 0x08008c6d   Thumb Code    32  vsprintf.o(.text)
    __2sprintf                               0x08008c91   Thumb Code    38  __2sprintf.o(.text)
    _printf_pre_padding                      0x08008cbd   Thumb Code    44  _printf_pad.o(.text)
    _printf_post_padding                     0x08008ce9   Thumb Code    34  _printf_pad.o(.text)
    _printf_str                              0x08008d0b   Thumb Code    82  _printf_str.o(.text)
    _printf_int_dec                          0x08008d5d   Thumb Code   104  _printf_dec.o(.text)
    _printf_longlong_hex                     0x08008dd5   Thumb Code    86  _printf_hex_int_ll_ptr.o(.text)
    _printf_int_hex                          0x08008e2b   Thumb Code    28  _printf_hex_int_ll_ptr.o(.text)
    _printf_ll_hex                           0x08008e47   Thumb Code    12  _printf_hex_int_ll_ptr.o(.text)
    _printf_hex_ptr                          0x08008e53   Thumb Code    18  _printf_hex_int_ll_ptr.o(.text)
    __printf                                 0x08008e69   Thumb Code   388  __printf_flags_ss_wp.o(.text)
    strcpy                                   0x08008ff1   Thumb Code    72  strcpy.o(.text)
    __aeabi_memcpy                           0x08009039   Thumb Code     0  rt_memcpy_v6.o(.text)
    __rt_memcpy                              0x08009039   Thumb Code   138  rt_memcpy_v6.o(.text)
    _memcpy_lastbytes                        0x0800909f   Thumb Code     0  rt_memcpy_v6.o(.text)
    __aeabi_memclr                           0x080090c3   Thumb Code     0  rt_memclr.o(.text)
    __rt_memclr                              0x080090c3   Thumb Code    68  rt_memclr.o(.text)
    _memset                                  0x080090c7   Thumb Code     0  rt_memclr.o(.text)
    strcmp                                   0x08009109   Thumb Code   128  strcmpv7m.o(.text)
    __use_two_region_memory                  0x08009189   Thumb Code     2  heapauxi.o(.text)
    __rt_heap_escrow                         0x0800918b   Thumb Code     2  heapauxi.o(.text)
    __rt_heap_expand                         0x0800918d   Thumb Code     2  heapauxi.o(.text)
    __aeabi_uldivmod                         0x0800918f   Thumb Code     0  lludivv7m.o(.text)
    _ll_udiv                                 0x0800918f   Thumb Code   238  lludivv7m.o(.text)
    _printf_truncate_signed                  0x0800927d   Thumb Code    18  _printf_truncate.o(.text)
    _printf_truncate_unsigned                0x0800928f   Thumb Code    18  _printf_truncate.o(.text)
    _printf_int_common                       0x080092a1   Thumb Code   178  _printf_intcommon.o(.text)
    _printf_charcount                        0x08009353   Thumb Code    40  _printf_charcount.o(.text)
    __lib_sel_fp_printf                      0x0800937b   Thumb Code     2  _printf_fp_dec.o(.text)
    _printf_fp_dec_real                      0x08009529   Thumb Code   620  _printf_fp_dec.o(.text)
    _printf_char_common                      0x0800979f   Thumb Code    32  _printf_char_common.o(.text)
    _sputc                                   0x080097c5   Thumb Code    10  _sputc.o(.text)
    _printf_cs_common                        0x080097cf   Thumb Code    20  _printf_char.o(.text)
    _printf_char                             0x080097e3   Thumb Code    16  _printf_char.o(.text)
    _printf_string                           0x080097f3   Thumb Code     8  _printf_char.o(.text)
    _printf_wctomb                           0x080097fd   Thumb Code   182  _printf_wctomb.o(.text)
    _printf_longlong_dec                     0x080098b9   Thumb Code   108  _printf_longlong_dec.o(.text)
    _printf_longlong_oct                     0x08009935   Thumb Code    68  _printf_oct_int_ll.o(.text)
    _printf_int_oct                          0x08009979   Thumb Code    24  _printf_oct_int_ll.o(.text)
    _printf_ll_oct                           0x08009991   Thumb Code    12  _printf_oct_int_ll.o(.text)
    __aeabi_memcpy4                          0x080099a5   Thumb Code     0  rt_memcpy_w.o(.text)
    __aeabi_memcpy8                          0x080099a5   Thumb Code     0  rt_memcpy_w.o(.text)
    __rt_memcpy_w                            0x080099a5   Thumb Code   100  rt_memcpy_w.o(.text)
    _memcpy_lastbytes_aligned                0x080099ed   Thumb Code     0  rt_memcpy_w.o(.text)
    __aeabi_memclr4                          0x08009a09   Thumb Code     0  rt_memclr_w.o(.text)
    __aeabi_memclr8                          0x08009a09   Thumb Code     0  rt_memclr_w.o(.text)
    __rt_memclr_w                            0x08009a09   Thumb Code    78  rt_memclr_w.o(.text)
    _memset_w                                0x08009a0d   Thumb Code     0  rt_memclr_w.o(.text)
    __rt_locale                              0x08009a59   Thumb Code     8  rt_locale_intlibspace.o(.text)
    _ll_udiv10                               0x08009a61   Thumb Code   138  lludiv10.o(.text)
    _printf_fp_hex_real                      0x08009aed   Thumb Code   754  _printf_fp_hex.o(.text)
    _printf_fp_infnan                        0x08009de9   Thumb Code   112  _printf_fp_infnan.o(.text)
    _printf_lcs_common                       0x08009e69   Thumb Code    20  _printf_wchar.o(.text)
    _printf_wchar                            0x08009e7d   Thumb Code    16  _printf_wchar.o(.text)
    _printf_wstring                          0x08009e8d   Thumb Code     8  _printf_wchar.o(.text)
    _btod_etento                             0x08009e95   Thumb Code   216  bigflt0.o(.text)
    _wcrtomb                                 0x08009f71   Thumb Code    64  _wcrtomb.o(.text)
    __user_libspace                          0x08009fb1   Thumb Code     8  libspace.o(.text)
    __user_perproc_libspace                  0x08009fb1   Thumb Code     0  libspace.o(.text)
    __user_perthread_libspace                0x08009fb1   Thumb Code     0  libspace.o(.text)
    __user_setup_stackheap                   0x08009fb9   Thumb Code    74  sys_stackheap_outer.o(.text)
    __rt_ctype_table                         0x0800a005   Thumb Code    16  rt_ctype_table.o(.text)
    exit                                     0x0800a015   Thumb Code    12  exit.o(.text)
    __I$use$semihosting                      0x0800a021   Thumb Code     0  use_no_semi.o(.text)
    __use_no_semihosting_swi                 0x0800a021   Thumb Code     2  use_no_semi.o(.text)
    __semihosting_library_function           0x0800a023   Thumb Code     0  indicate_semi.o(.text)
    _sys_exit                                0x0800a025   Thumb Code     8  sys_exit.o(.text)
    _btod_d2e                                0x0800a031   Thumb Code    62  btod.o(CL$$btod_d2e)
    _d2e_denorm_low                          0x0800a06f   Thumb Code    70  btod.o(CL$$btod_d2e_denorm_low)
    _d2e_norm_op1                            0x0800a0b5   Thumb Code    96  btod.o(CL$$btod_d2e_norm_op1)
    __btod_div_common                        0x0800a115   Thumb Code   696  btod.o(CL$$btod_div_common)
    _e2e                                     0x0800a44d   Thumb Code   198  btod.o(CL$$btod_e2e)
    _btod_ediv                               0x0800a513   Thumb Code    40  btod.o(CL$$btod_ediv)
    _btod_emul                               0x0800a53b   Thumb Code    40  btod.o(CL$$btod_emul)
    __btod_mult_common                       0x0800a563   Thumb Code   580  btod.o(CL$$btod_mult_common)
    __ARM_fpclassify                         0x0800a7a7   Thumb Code    48  fpclassify.o(i.__ARM_fpclassify)
    _is_digit                                0x0800a7d7   Thumb Code    14  __printf_wp.o(i._is_digit)
    _get_lc_numeric                          0x0800a7e5   Thumb Code    44  lc_numeric_c.o(locale$$code)
    _get_lc_ctype                            0x0800a811   Thumb Code    44  lc_ctype_c.o(locale$$code)
    _fp_init                                 0x0800a83d   Thumb Code    10  fpinit.o(x$fpl$fpinit)
    __fplib_config_fpu_vfp                   0x0800a845   Thumb Code     0  fpinit.o(x$fpl$fpinit)
    __fplib_config_pureend_doubles           0x0800a845   Thumb Code     0  fpinit.o(x$fpl$fpinit)
    _printf_fp_dec                           0x0800a847   Thumb Code     4  printf1.o(x$fpl$printf1)
    _printf_fp_hex                           0x0800a84b   Thumb Code     4  printf2.o(x$fpl$printf2)
    ADC_BUFFSIZE                             0x0800a84e   Data           2  adc.o(.constdata)
    __I$use$fp                               0x0800a84e   Number         0  usenofp.o(x$fpl$usenofp)
    ADC_CHANNEL                              0x0800a850   Data           1  adc.o(.constdata)
    memtblsize                               0x0800a854   Data          12  malloc.o(.constdata)
    memblksize                               0x0800a860   Data          12  malloc.o(.constdata)
    memsize                                  0x0800a86c   Data          12  malloc.o(.constdata)
    FILE_TYPE_TBL                            0x0800ac74   Data         112  exfuns.o(.constdata)
    Region$$Table$$Base                      0x0800ae28   Number         0  anon$$obj.o(Region$$Table)
    Region$$Table$$Limit                     0x0800ae48   Number         0  anon$$obj.o(Region$$Table)
    __ctype                                  0x0800ae71   Data           0  lc_ctype_c.o(locale$$data)
    mem3base                                 0x10000000   Data       61440  malloc.o(.ARM.__AT_0x10000000)
    mem3mapbase                              0x1000f000   Data        3840  malloc.o(.ARM.__AT_0x1000F000)
    ch6                                      0x20000000   Data           2  system.o(.data)
    ch7                                      0x20000002   Data           2  system.o(.data)
    ch8                                      0x20000004   Data           2  system.o(.data)
    count                                    0x20000008   Data           4  system.o(.data)
    sysTickUptime                            0x20000014   Data           4  stm32f4xx_it.o(.data)
    res                                      0x20000018   Data           1  sd.o(.data)
    f_bin                                    0x2000001c   Data           4  sd.o(.data)
    buf                                      0x20000020   Data           4  sd.o(.data)
    pname                                    0x20000024   Data           4  sd.o(.data)
    SD_RC_FLAG                               0x20000028   Data           1  sd.o(.data)
    SD_POINT_FLAG                            0x20000029   Data           1  sd.o(.data)
    time                                     0x2000002c   Data           4  sd.o(.data)
    CurrentBuffPtr                           0x20000030   Data           4  adc.o(.data)
    data_update                              0x20000034   Data           1  adc.o(.data)
    now                                      0x20000038   Data           4  adc.o(.data)
    old                                      0x2000003c   Data           4  adc.o(.data)
    delta_time                               0x20000040   Data           4  adc.o(.data)
    USART3_RX_updated                        0x20000044   Data           1  usart.o(.data)
    USART3_RX_buf_LENTH                      0x20000045   Data           1  usart.o(.data)
    mallco_dev                               0x20000048   Data          36  malloc.o(.data)
    TransferError                            0x20000076   Data           1  sdio_sdcard.o(.data)
    TransferEnd                              0x20000077   Data           1  sdio_sdcard.o(.data)
    tempbuff                                 0x20000078   Data           4  sdio_sdcard.o(.data)
    file                                     0x20000080   Data           4  exfuns.o(.data)
    ftemp                                    0x20000084   Data           4  exfuns.o(.data)
    br                                       0x20000088   Data           4  exfuns.o(.data)
    bw                                       0x2000008c   Data           4  exfuns.o(.data)
    fatbuf                                   0x20000090   Data           4  exfuns.o(.data)
    SystemCoreClock                          0x200000a4   Data           4  system_stm32f4xx.o(.data)
    AHBPrescTable                            0x200000a8   Data          16  system_stm32f4xx.o(.data)
    uAD_IN_BUFFA                             0x200000b8   Data        7800  adc.o(.bss)
    uAD_IN_BUFFB                             0x20001f30   Data        7800  adc.o(.bss)
    USART3_TX_buf                            0x20003da8   Data         128  usart.o(.bss)
    USART3_RX_buf                            0x20003e28   Data         128  usart.o(.bss)
    mem1base                                 0x20003ec0   Data        8192  malloc.o(.bss)
    mem1mapbase                              0x20005ec0   Data        2048  malloc.o(.bss)
    SDIO_InitStructure                       0x200066c0   Data          24  sdio_sdcard.o(.bss)
    SDIO_CmdInitStructure                    0x200066d8   Data          20  sdio_sdcard.o(.bss)
    SDIO_DataInitStructure                   0x200066ec   Data          24  sdio_sdcard.o(.bss)
    SDCardInfo                               0x20006728   Data          88  sdio_sdcard.o(.bss)
    SDIO_DATA_BUFFER                         0x20006780   Data         512  sdio_sdcard.o(.bss)
    fs                                       0x2000698c   Data          12  exfuns.o(.bss)
    fileinfo                                 0x20006998   Data          32  exfuns.o(.bss)
    dir                                      0x200069b8   Data          36  exfuns.o(.bss)
    __libspace_start                         0x200069dc   Data          96  libspace.o(.bss)
    __temporary_stack_top$libspace           0x20006a3c   Data           0  libspace.o(.bss)
    mem2base                                 0x68000000   Data         128  malloc.o(.ARM.__AT_0x68000000)
    mem2mapbase                              0x68000080   Data          32  malloc.o(.ARM.__AT_0x68000080)



==============================================================================

Memory Map of the image

  Image Entry point : 0x08000189

  Load Region LR_IROM1 (Base: 0x08000000, Size: 0x0000b02c, Max: 0x00100000, ABSOLUTE)

    Execution Region ER_IROM1 (Base: 0x08000000, Size: 0x0000af74, Max: 0x00100000, ABSOLUTE)

    Base Addr    Size         Type   Attr      Idx    E Section Name        Object

    0x08000000   0x00000188   Data   RO          741    RESET               startup_stm32f40xx.o
    0x08000188   0x00000008   Code   RO         1031  * !!!main             c_w.l(__main.o)
    0x08000190   0x00000034   Code   RO         1491    !!!scatter          c_w.l(__scatter.o)
    0x080001c4   0x0000001a   Code   RO         1493    !!handler_copy      c_w.l(__scatter_copy.o)
    0x080001de   0x00000002   PAD
    0x080001e0   0x0000001c   Code   RO         1495    !!handler_zi        c_w.l(__scatter_zi.o)
    0x080001fc   0x00000000   Code   RO         1020    .ARM.Collect$$_printf_percent$$00000000  c_w.l(_printf_percent.o)
    0x080001fc   0x00000006   Code   RO         1065    .ARM.Collect$$_printf_percent$$00000001  c_w.l(_printf_n.o)
    0x08000202   0x00000006   Code   RO         1066    .ARM.Collect$$_printf_percent$$00000002  c_w.l(_printf_p.o)
    0x08000208   0x00000006   Code   RO         1019    .ARM.Collect$$_printf_percent$$00000003  c_w.l(_printf_f.o)
    0x0800020e   0x00000006   Code   RO         1070    .ARM.Collect$$_printf_percent$$00000004  c_w.l(_printf_e.o)
    0x08000214   0x00000006   Code   RO         1071    .ARM.Collect$$_printf_percent$$00000005  c_w.l(_printf_g.o)
    0x0800021a   0x00000006   Code   RO         1072    .ARM.Collect$$_printf_percent$$00000006  c_w.l(_printf_a.o)
    0x08000220   0x0000000a   Code   RO         1077    .ARM.Collect$$_printf_percent$$00000007  c_w.l(_printf_ll.o)
    0x0800022a   0x00000006   Code   RO         1068    .ARM.Collect$$_printf_percent$$00000008  c_w.l(_printf_i.o)
    0x08000230   0x00000006   Code   RO         1018    .ARM.Collect$$_printf_percent$$00000009  c_w.l(_printf_d.o)
    0x08000236   0x00000006   Code   RO         1069    .ARM.Collect$$_printf_percent$$0000000A  c_w.l(_printf_u.o)
    0x0800023c   0x00000006   Code   RO         1067    .ARM.Collect$$_printf_percent$$0000000B  c_w.l(_printf_o.o)
    0x08000242   0x00000006   Code   RO         1017    .ARM.Collect$$_printf_percent$$0000000C  c_w.l(_printf_x.o)
    0x08000248   0x00000006   Code   RO         1074    .ARM.Collect$$_printf_percent$$0000000D  c_w.l(_printf_lli.o)
    0x0800024e   0x00000006   Code   RO         1075    .ARM.Collect$$_printf_percent$$0000000E  c_w.l(_printf_lld.o)
    0x08000254   0x00000006   Code   RO         1076    .ARM.Collect$$_printf_percent$$0000000F  c_w.l(_printf_llu.o)
    0x0800025a   0x00000006   Code   RO         1081    .ARM.Collect$$_printf_percent$$00000010  c_w.l(_printf_llo.o)
    0x08000260   0x00000006   Code   RO         1082    .ARM.Collect$$_printf_percent$$00000011  c_w.l(_printf_llx.o)
    0x08000266   0x0000000a   Code   RO         1078    .ARM.Collect$$_printf_percent$$00000012  c_w.l(_printf_l.o)
    0x08000270   0x00000006   Code   RO         1015    .ARM.Collect$$_printf_percent$$00000013  c_w.l(_printf_c.o)
    0x08000276   0x00000006   Code   RO         1016    .ARM.Collect$$_printf_percent$$00000014  c_w.l(_printf_s.o)
    0x0800027c   0x00000006   Code   RO         1079    .ARM.Collect$$_printf_percent$$00000015  c_w.l(_printf_lc.o)
    0x08000282   0x00000006   Code   RO         1080    .ARM.Collect$$_printf_percent$$00000016  c_w.l(_printf_ls.o)
    0x08000288   0x00000004   Code   RO         1073    .ARM.Collect$$_printf_percent$$00000017  c_w.l(_printf_percent_end.o)
    0x0800028c   0x00000002   Code   RO         1279    .ARM.Collect$$libinit$$00000000  c_w.l(libinit.o)
    0x0800028e   0x00000004   Code   RO         1280    .ARM.Collect$$libinit$$00000001  c_w.l(libinit2.o)
    0x08000292   0x00000000   Code   RO         1283    .ARM.Collect$$libinit$$00000004  c_w.l(libinit2.o)
    0x08000292   0x00000000   Code   RO         1286    .ARM.Collect$$libinit$$0000000A  c_w.l(libinit2.o)
    0x08000292   0x00000000   Code   RO         1288    .ARM.Collect$$libinit$$0000000C  c_w.l(libinit2.o)
    0x08000292   0x00000000   Code   RO         1290    .ARM.Collect$$libinit$$0000000E  c_w.l(libinit2.o)
    0x08000292   0x00000006   Code   RO         1291    .ARM.Collect$$libinit$$0000000F  c_w.l(libinit2.o)
    0x08000298   0x00000000   Code   RO         1293    .ARM.Collect$$libinit$$00000011  c_w.l(libinit2.o)
    0x08000298   0x0000000c   Code   RO         1294    .ARM.Collect$$libinit$$00000012  c_w.l(libinit2.o)
    0x080002a4   0x00000000   Code   RO         1295    .ARM.Collect$$libinit$$00000013  c_w.l(libinit2.o)
    0x080002a4   0x00000000   Code   RO         1297    .ARM.Collect$$libinit$$00000015  c_w.l(libinit2.o)
    0x080002a4   0x0000000a   Code   RO         1298    .ARM.Collect$$libinit$$00000016  c_w.l(libinit2.o)
    0x080002ae   0x00000000   Code   RO         1299    .ARM.Collect$$libinit$$00000017  c_w.l(libinit2.o)
    0x080002ae   0x00000000   Code   RO         1301    .ARM.Collect$$libinit$$00000019  c_w.l(libinit2.o)
    0x080002ae   0x00000000   Code   RO         1303    .ARM.Collect$$libinit$$0000001B  c_w.l(libinit2.o)
    0x080002ae   0x00000000   Code   RO         1305    .ARM.Collect$$libinit$$0000001D  c_w.l(libinit2.o)
    0x080002ae   0x00000000   Code   RO         1307    .ARM.Collect$$libinit$$0000001F  c_w.l(libinit2.o)
    0x080002ae   0x00000000   Code   RO         1309    .ARM.Collect$$libinit$$00000021  c_w.l(libinit2.o)
    0x080002ae   0x00000000   Code   RO         1311    .ARM.Collect$$libinit$$00000023  c_w.l(libinit2.o)
    0x080002ae   0x00000000   Code   RO         1313    .ARM.Collect$$libinit$$00000025  c_w.l(libinit2.o)
    0x080002ae   0x00000000   Code   RO         1317    .ARM.Collect$$libinit$$0000002C  c_w.l(libinit2.o)
    0x080002ae   0x00000000   Code   RO         1319    .ARM.Collect$$libinit$$0000002E  c_w.l(libinit2.o)
    0x080002ae   0x00000000   Code   RO         1321    .ARM.Collect$$libinit$$00000030  c_w.l(libinit2.o)
    0x080002ae   0x00000000   Code   RO         1323    .ARM.Collect$$libinit$$00000032  c_w.l(libinit2.o)
    0x080002ae   0x00000002   Code   RO         1324    .ARM.Collect$$libinit$$00000033  c_w.l(libinit2.o)
    0x080002b0   0x00000002   Code   RO         1472    .ARM.Collect$$libshutdown$$00000000  c_w.l(libshutdown.o)
    0x080002b2   0x00000000   Code   RO         1327    .ARM.Collect$$libshutdown$$00000003  c_w.l(libshutdown2.o)
    0x080002b2   0x00000000   Code   RO         1330    .ARM.Collect$$libshutdown$$00000006  c_w.l(libshutdown2.o)
    0x080002b2   0x00000000   Code   RO         1333    .ARM.Collect$$libshutdown$$00000009  c_w.l(libshutdown2.o)
    0x080002b2   0x00000000   Code   RO         1335    .ARM.Collect$$libshutdown$$0000000B  c_w.l(libshutdown2.o)
    0x080002b2   0x00000000   Code   RO         1338    .ARM.Collect$$libshutdown$$0000000E  c_w.l(libshutdown2.o)
    0x080002b2   0x00000002   Code   RO         1339    .ARM.Collect$$libshutdown$$0000000F  c_w.l(libshutdown2.o)
    0x080002b4   0x00000000   Code   RO         1035    .ARM.Collect$$rtentry$$00000000  c_w.l(__rtentry.o)
    0x080002b4   0x00000000   Code   RO         1100    .ARM.Collect$$rtentry$$00000002  c_w.l(__rtentry2.o)
    0x080002b4   0x00000006   Code   RO         1112    .ARM.Collect$$rtentry$$00000004  c_w.l(__rtentry4.o)
    0x080002ba   0x00000000   Code   RO         1102    .ARM.Collect$$rtentry$$00000009  c_w.l(__rtentry2.o)
    0x080002ba   0x00000004   Code   RO         1103    .ARM.Collect$$rtentry$$0000000A  c_w.l(__rtentry2.o)
    0x080002be   0x00000000   Code   RO         1105    .ARM.Collect$$rtentry$$0000000C  c_w.l(__rtentry2.o)
    0x080002be   0x00000008   Code   RO         1106    .ARM.Collect$$rtentry$$0000000D  c_w.l(__rtentry2.o)
    0x080002c6   0x00000002   Code   RO         1345    .ARM.Collect$$rtexit$$00000000  c_w.l(rtexit.o)
    0x080002c8   0x00000000   Code   RO         1408    .ARM.Collect$$rtexit$$00000002  c_w.l(rtexit2.o)
    0x080002c8   0x00000004   Code   RO         1409    .ARM.Collect$$rtexit$$00000003  c_w.l(rtexit2.o)
    0x080002cc   0x00000006   Code   RO         1410    .ARM.Collect$$rtexit$$00000004  c_w.l(rtexit2.o)
    0x080002d2   0x00000002   PAD
    0x080002d4   0x00000010   Code   RO          201    .emb_text           my_math.o
    0x080002e4   0x0000000c   Code   RO            3    .text               main.o
    0x080002f0   0x000000fc   Code   RO          174    .text               system.o
    0x080003ec   0x00000028   Code   RO          225    .text               stm32f4xx_it.o
    0x08000414   0x000002fc   Code   RO          251    .text               sd.o
    0x08000710   0x00000278   Code   RO          274    .text               adc.o
    0x08000988   0x000000bc   Code   RO          302    .text               dma.o
    0x08000a44   0x00000022   Code   RO          322    .text               nvic.o
    0x08000a66   0x00000002   PAD
    0x08000a68   0x00000078   Code   RO          342    .text               usart.o
    0x08000ae0   0x000000f0   Code   RO          369    .text               gpio.o
    0x08000bd0   0x000001f8   Code   RO          389    .text               timer.o
    0x08000dc8   0x0000022c   Code   RO          409    .text               malloc.o
    0x08000ff4   0x0000017c   Code   RO          441    .text               yixiuge.o
    0x08001170   0x00001d60   Code   RO          471    .text               sdio_sdcard.o
    0x08002ed0   0x0000329a   Code   RO          496    .text               ff.o
    0x0800616a   0x00000002   PAD
    0x0800616c   0x00000088   Code   RO          520    .text               cc936.o
    0x080061f4   0x0000015c   Code   RO          550    .text               diskio.o
    0x08006350   0x00000198   Code   RO          573    .text               exfuns.o
    0x080064e8   0x000000e0   Code   RO          639    .text               misc.o
    0x080065c8   0x00000294   Code   RO          659    .text               stm32f4xx_gpio.o
    0x0800685c   0x00000634   Code   RO          679    .text               stm32f4xx_rcc.o
    0x08006e90   0x00000ca2   Code   RO          701    .text               stm32f4xx_tim.o
    0x08007b32   0x00000002   PAD
    0x08007b34   0x00000454   Code   RO          721    .text               stm32f4xx_usart.o
    0x08007f88   0x00000040   Code   RO          742    .text               startup_stm32f40xx.o
    0x08007fc8   0x00000210   Code   RO          748    .text               system_stm32f4xx.o
    0x080081d8   0x000003a8   Code   RO          794    .text               stm32f4xx_dma.o
    0x08008580   0x00000464   Code   RO          874    .text               stm32f4xx_adc.o
    0x080089e4   0x00000064   Code   RO          914    .text               stm32f4xx_dbgmcu.o
    0x08008a48   0x000001dc   Code   RO          934    .text               stm32f4xx_sdio.o
    0x08008c24   0x00000048   Code   RO          954    .text               c_w.l(llsdiv.o)
    0x08008c6c   0x00000024   Code   RO          956    .text               c_w.l(vsprintf.o)
    0x08008c90   0x0000002c   Code   RO          960    .text               c_w.l(__2sprintf.o)
    0x08008cbc   0x0000004e   Code   RO          968    .text               c_w.l(_printf_pad.o)
    0x08008d0a   0x00000052   Code   RO          970    .text               c_w.l(_printf_str.o)
    0x08008d5c   0x00000078   Code   RO          972    .text               c_w.l(_printf_dec.o)
    0x08008dd4   0x00000094   Code   RO          992    .text               c_w.l(_printf_hex_int_ll_ptr.o)
    0x08008e68   0x00000188   Code   RO         1012    .text               c_w.l(__printf_flags_ss_wp.o)
    0x08008ff0   0x00000048   Code   RO         1021    .text               c_w.l(strcpy.o)
    0x08009038   0x0000008a   Code   RO         1023    .text               c_w.l(rt_memcpy_v6.o)
    0x080090c2   0x00000044   Code   RO         1025    .text               c_w.l(rt_memclr.o)
    0x08009106   0x00000002   PAD
    0x08009108   0x00000080   Code   RO         1027    .text               c_w.l(strcmpv7m.o)
    0x08009188   0x00000006   Code   RO         1029    .text               c_w.l(heapauxi.o)
    0x0800918e   0x000000ee   Code   RO         1036    .text               c_w.l(lludivv7m.o)
    0x0800927c   0x00000024   Code   RO         1038    .text               c_w.l(_printf_truncate.o)
    0x080092a0   0x000000b2   Code   RO         1040    .text               c_w.l(_printf_intcommon.o)
    0x08009352   0x00000028   Code   RO         1042    .text               c_w.l(_printf_charcount.o)
    0x0800937a   0x0000041a   Code   RO         1044    .text               c_w.l(_printf_fp_dec.o)
    0x08009794   0x00000030   Code   RO         1046    .text               c_w.l(_printf_char_common.o)
    0x080097c4   0x0000000a   Code   RO         1048    .text               c_w.l(_sputc.o)
    0x080097ce   0x0000002c   Code   RO         1050    .text               c_w.l(_printf_char.o)
    0x080097fa   0x00000002   PAD
    0x080097fc   0x000000bc   Code   RO         1054    .text               c_w.l(_printf_wctomb.o)
    0x080098b8   0x0000007c   Code   RO         1057    .text               c_w.l(_printf_longlong_dec.o)
    0x08009934   0x00000070   Code   RO         1063    .text               c_w.l(_printf_oct_int_ll.o)
    0x080099a4   0x00000064   Code   RO         1089    .text               c_w.l(rt_memcpy_w.o)
    0x08009a08   0x0000004e   Code   RO         1091    .text               c_w.l(rt_memclr_w.o)
    0x08009a56   0x00000002   PAD
    0x08009a58   0x00000008   Code   RO         1121    .text               c_w.l(rt_locale_intlibspace.o)
    0x08009a60   0x0000008a   Code   RO         1123    .text               c_w.l(lludiv10.o)
    0x08009aea   0x00000002   PAD
    0x08009aec   0x000002fc   Code   RO         1125    .text               c_w.l(_printf_fp_hex.o)
    0x08009de8   0x00000080   Code   RO         1128    .text               c_w.l(_printf_fp_infnan.o)
    0x08009e68   0x0000002c   Code   RO         1132    .text               c_w.l(_printf_wchar.o)
    0x08009e94   0x000000dc   Code   RO         1134    .text               c_w.l(bigflt0.o)
    0x08009f70   0x00000040   Code   RO         1173    .text               c_w.l(_wcrtomb.o)
    0x08009fb0   0x00000008   Code   RO         1188    .text               c_w.l(libspace.o)
    0x08009fb8   0x0000004a   Code   RO         1193    .text               c_w.l(sys_stackheap_outer.o)
    0x0800a002   0x00000002   PAD
    0x0800a004   0x00000010   Code   RO         1195    .text               c_w.l(rt_ctype_table.o)
    0x0800a014   0x0000000c   Code   RO         1268    .text               c_w.l(exit.o)
    0x0800a020   0x00000002   Code   RO         1342    .text               c_w.l(use_no_semi.o)
    0x0800a022   0x00000000   Code   RO         1344    .text               c_w.l(indicate_semi.o)
    0x0800a022   0x00000002   PAD
    0x0800a024   0x0000000c   Code   RO         1405    .text               c_w.l(sys_exit.o)
    0x0800a030   0x0000003e   Code   RO         1137    CL$$btod_d2e        c_w.l(btod.o)
    0x0800a06e   0x00000046   Code   RO         1139    CL$$btod_d2e_denorm_low  c_w.l(btod.o)
    0x0800a0b4   0x00000060   Code   RO         1138    CL$$btod_d2e_norm_op1  c_w.l(btod.o)
    0x0800a114   0x00000338   Code   RO         1147    CL$$btod_div_common  c_w.l(btod.o)
    0x0800a44c   0x000000c6   Code   RO         1144    CL$$btod_e2e        c_w.l(btod.o)
    0x0800a512   0x00000028   Code   RO         1141    CL$$btod_ediv       c_w.l(btod.o)
    0x0800a53a   0x00000028   Code   RO         1140    CL$$btod_emul       c_w.l(btod.o)
    0x0800a562   0x00000244   Code   RO         1146    CL$$btod_mult_common  c_w.l(btod.o)
    0x0800a7a6   0x00000030   Code   RO         1181    i.__ARM_fpclassify  m_wm.l(fpclassify.o)
    0x0800a7d6   0x0000000e   Code   RO         1005    i._is_digit         c_w.l(__printf_wp.o)
    0x0800a7e4   0x0000002c   Code   RO         1176    locale$$code        c_w.l(lc_numeric_c.o)
    0x0800a810   0x0000002c   Code   RO         1387    locale$$code        c_w.l(lc_ctype_c.o)
    0x0800a83c   0x0000000a   Code   RO         1403    x$fpl$fpinit        fz_wm.l(fpinit.o)
    0x0800a846   0x00000004   Code   RO         1033    x$fpl$printf1       fz_wm.l(printf1.o)
    0x0800a84a   0x00000004   Code   RO         1093    x$fpl$printf2       fz_wm.l(printf2.o)
    0x0800a84e   0x00000000   Code   RO         1180    x$fpl$usenofp       fz_wm.l(usenofp.o)
    0x0800a84e   0x00000003   Data   RO          276    .constdata          adc.o
    0x0800a851   0x00000003   PAD
    0x0800a854   0x00000024   Data   RO          415    .constdata          malloc.o
    0x0800a878   0x0000003a   Data   RO          498    .constdata          ff.o
    0x0800a8b2   0x000003c0   Data   RO          521    .constdata          cc936.o
    0x0800ac72   0x00000002   PAD
    0x0800ac74   0x00000070   Data   RO          575    .constdata          exfuns.o
    0x0800ace4   0x00000028   Data   RO          993    .constdata          c_w.l(_printf_hex_int_ll_ptr.o)
    0x0800ad0c   0x00000011   Data   RO         1013    .constdata          c_w.l(__printf_flags_ss_wp.o)
    0x0800ad1d   0x00000003   PAD
    0x0800ad20   0x00000008   Data   RO         1055    .constdata          c_w.l(_printf_wctomb.o)
    0x0800ad28   0x00000026   Data   RO         1126    .constdata          c_w.l(_printf_fp_hex.o)
    0x0800ad4e   0x00000002   PAD
    0x0800ad50   0x00000094   Data   RO         1135    .constdata          c_w.l(bigflt0.o)
    0x0800ade4   0x00000044   Data   RO          576    .conststring        exfuns.o
    0x0800ae28   0x00000020   Data   RO         1489    Region$$Table       anon$$obj.o
    0x0800ae48   0x0000001c   Data   RO         1175    locale$$data        c_w.l(lc_numeric_c.o)
    0x0800ae64   0x00000110   Data   RO         1386    locale$$data        c_w.l(lc_ctype_c.o)


    Execution Region RW_IRAM1 (Base: 0x20000000, Size: 0x00007040, Max: 0x00020000, ABSOLUTE)

    Base Addr    Size         Type   Attr      Idx    E Section Name        Object

    0x20000000   0x00000014   Data   RW          175    .data               system.o
    0x20000014   0x00000004   Data   RW          226    .data               stm32f4xx_it.o
    0x20000018   0x00000018   Data   RW          252    .data               sd.o
    0x20000030   0x00000014   Data   RW          277    .data               adc.o
    0x20000044   0x00000002   Data   RW          344    .data               usart.o
    0x20000046   0x00000002   PAD
    0x20000048   0x00000024   Data   RW          416    .data               malloc.o
    0x2000006c   0x00000010   Data   RW          473    .data               sdio_sdcard.o
    0x2000007c   0x00000002   Data   RW          499    .data               ff.o
    0x2000007e   0x00000002   PAD
    0x20000080   0x00000014   Data   RW          577    .data               exfuns.o
    0x20000094   0x00000010   Data   RW          680    .data               stm32f4xx_rcc.o
    0x200000a4   0x00000014   Data   RW          749    .data               system_stm32f4xx.o
    0x200000b8   0x00003cf0   Zero   RW          275    .bss                adc.o
    0x20003da8   0x00000100   Zero   RW          343    .bss                usart.o
    0x20003ea8   0x00000018   PAD
    0x20003ec0   0x00002800   Zero   RW          414    .bss                malloc.o
    0x200066c0   0x000002c0   Zero   RW          472    .bss                sdio_sdcard.o
    0x20006980   0x0000000c   Zero   RW          497    .bss                ff.o
    0x2000698c   0x00000050   Zero   RW          574    .bss                exfuns.o
    0x200069dc   0x00000060   Zero   RW         1189    .bss                c_w.l(libspace.o)
    0x20006a3c   0x00000004   PAD
    0x20006a40   0x00000200   Zero   RW          740    HEAP                startup_stm32f40xx.o
    0x20006c40   0x00000400   Zero   RW          739    STACK               startup_stm32f40xx.o



  Load Region LR$$.ARM.__AT_0x10000000 (Base: 0x10000000, Size: 0x00000000, Max: 0x0000f000, ABSOLUTE)

    Execution Region ER$$.ARM.__AT_0x10000000 (Base: 0x10000000, Size: 0x0000f000, Max: 0x0000f000, ABSOLUTE, UNINIT)

    Base Addr    Size         Type   Attr      Idx    E Section Name        Object

    0x10000000   0x0000f000   Zero   RW          410    .ARM.__AT_0x10000000  malloc.o



  Load Region LR$$.ARM.__AT_0x1000F000 (Base: 0x1000f000, Size: 0x00000000, Max: 0x00000f00, ABSOLUTE)

    Execution Region ER$$.ARM.__AT_0x1000F000 (Base: 0x1000f000, Size: 0x00000f00, Max: 0x00000f00, ABSOLUTE, UNINIT)

    Base Addr    Size         Type   Attr      Idx    E Section Name        Object

    0x1000f000   0x00000f00   Zero   RW          411    .ARM.__AT_0x1000F000  malloc.o



  Load Region LR$$.ARM.__AT_0x68000000 (Base: 0x68000000, Size: 0x00000000, Max: 0x00000080, ABSOLUTE)

    Execution Region ER$$.ARM.__AT_0x68000000 (Base: 0x68000000, Size: 0x00000080, Max: 0x00000080, ABSOLUTE, UNINIT)

    Base Addr    Size         Type   Attr      Idx    E Section Name        Object

    0x68000000   0x00000080   Zero   RW          412    .ARM.__AT_0x68000000  malloc.o



  Load Region LR$$.ARM.__AT_0x68000080 (Base: 0x68000080, Size: 0x00000000, Max: 0x00000020, ABSOLUTE)

    Execution Region ER$$.ARM.__AT_0x68000080 (Base: 0x68000080, Size: 0x00000020, Max: 0x00000020, ABSOLUTE, UNINIT)

    Base Addr    Size         Type   Attr      Idx    E Section Name        Object

    0x68000080   0x00000020   Zero   RW          413    .ARM.__AT_0x68000080  malloc.o


==============================================================================

Image component sizes


      Code (inc. data)   RO Data    RW Data    ZI Data      Debug   Object Name

       632         48          3         20      15600       2565   adc.o
       136         10        960          0          0       1961   cc936.o
       348          4          0          0          0       3033   diskio.o
       188         10          0          0          0       1129   dma.o
       408         22        180         20         80       2744   exfuns.o
     12954        136         58          2         12      37522   ff.o
       240          8          0          0          0       1445   gpio.o
        12          0          0          0          0     319879   main.o
       556         18         36         36      75680       4817   malloc.o
       224         20          0          0          0       1849   misc.o
        16          0          0          0          0        488   my_math.o
        34          0          0          0          0        634   nvic.o
       764        156          0         24          0       2423   sd.o
      7520        282          0         16        704      24501   sdio_sdcard.o
        64         26        392          0       1536        860   startup_stm32f40xx.o
      1124         24          0          0          0      10526   stm32f4xx_adc.o
       100          4          0          0          0       1348   stm32f4xx_dbgmcu.o
       936         32          0          0          0       6325   stm32f4xx_dma.o
       660         44          0          0          0       4125   stm32f4xx_gpio.o
        40          4          0          4          0       1854   stm32f4xx_it.o
      1588         52          0         16          0      12770   stm32f4xx_rcc.o
       476         16          0          0          0       7420   stm32f4xx_sdio.o
      3234         60          0          0          0      22332   stm32f4xx_tim.o
      1108         34          0          0          0       7828   stm32f4xx_usart.o
       252         34          0         20          0      27856   system.o
       528         46          0         20          0       1903   system_stm32f4xx.o
       504         26          0          0          0       2175   timer.o
       120          6          0          2        256       1395   usart.o
       380         38          0          0          0       1780   yixiuge.o

    ----------------------------------------------------------------------
     35152       1160       1666        184      93892     515487   Object Totals
         0          0         32          0          0          0   (incl. Generated)
         6          0          5          4         24          0   (incl. Padding)

    ----------------------------------------------------------------------

      Code (inc. data)   RO Data    RW Data    ZI Data      Debug   Library Member Name

        44          6          0          0          0         84   __2sprintf.o
         8          0          0          0          0         68   __main.o
       392          4         17          0          0         92   __printf_flags_ss_wp.o
        14          0          0          0          0         68   __printf_wp.o
         0          0          0          0          0          0   __rtentry.o
        12          0          0          0          0          0   __rtentry2.o
         6          0          0          0          0          0   __rtentry4.o
        52          8          0          0          0          0   __scatter.o
        26          0          0          0          0          0   __scatter_copy.o
        28          0          0          0          0          0   __scatter_zi.o
         6          0          0          0          0          0   _printf_a.o
         6          0          0          0          0          0   _printf_c.o
        44          0          0          0          0        108   _printf_char.o
        48          6          0          0          0         96   _printf_char_common.o
        40          0          0          0          0         68   _printf_charcount.o
         6          0          0          0          0          0   _printf_d.o
       120         16          0          0          0         92   _printf_dec.o
         6          0          0          0          0          0   _printf_e.o
         6          0          0          0          0          0   _printf_f.o
      1050          0          0          0          0        216   _printf_fp_dec.o
       764         10         38          0          0        100   _printf_fp_hex.o
       128         16          0          0          0         84   _printf_fp_infnan.o
         6          0          0          0          0          0   _printf_g.o
       148          4         40          0          0        160   _printf_hex_int_ll_ptr.o
         6          0          0          0          0          0   _printf_i.o
       178          0          0          0          0         88   _printf_intcommon.o
        10          0          0          0          0          0   _printf_l.o
         6          0          0          0          0          0   _printf_lc.o
        10          0          0          0          0          0   _printf_ll.o
         6          0          0          0          0          0   _printf_lld.o
         6          0          0          0          0          0   _printf_lli.o
         6          0          0          0          0          0   _printf_llo.o
         6          0          0          0          0          0   _printf_llu.o
         6          0          0          0          0          0   _printf_llx.o
       124         16          0          0          0         92   _printf_longlong_dec.o
         6          0          0          0          0          0   _printf_ls.o
         6          0          0          0          0          0   _printf_n.o
         6          0          0          0          0          0   _printf_o.o
       112          8          0          0          0        124   _printf_oct_int_ll.o
         6          0          0          0          0          0   _printf_p.o
        78          0          0          0          0        108   _printf_pad.o
         0          0          0          0          0          0   _printf_percent.o
         4          0          0          0          0          0   _printf_percent_end.o
         6          0          0          0          0          0   _printf_s.o
        82          0          0          0          0         80   _printf_str.o
        36          0          0          0          0         84   _printf_truncate.o
         6          0          0          0          0          0   _printf_u.o
        44          0          0          0          0        108   _printf_wchar.o
       188          6          8          0          0         92   _printf_wctomb.o
         6          0          0          0          0          0   _printf_x.o
        10          0          0          0          0         68   _sputc.o
        64          0          0          0          0         92   _wcrtomb.o
       220          4        148          0          0         96   bigflt0.o
      1910        128          0          0          0        672   btod.o
        12          0          0          0          0         72   exit.o
         6          0          0          0          0        152   heapauxi.o
         0          0          0          0          0          0   indicate_semi.o
        44         10        272          0          0         76   lc_ctype_c.o
        44         10         28          0          0         76   lc_numeric_c.o
         2          0          0          0          0          0   libinit.o
        34          0          0          0          0          0   libinit2.o
         2          0          0          0          0          0   libshutdown.o
         2          0          0          0          0          0   libshutdown2.o
         8          4          0          0         96         68   libspace.o
        72          0          0          0          0         76   llsdiv.o
       138          0          0          0          0         80   lludiv10.o
       238          0          0          0          0        100   lludivv7m.o
        16          4          0          0          0         76   rt_ctype_table.o
         8          4          0          0          0         68   rt_locale_intlibspace.o
        68          0          0          0          0         68   rt_memclr.o
        78          0          0          0          0         80   rt_memclr_w.o
       138          0          0          0          0         68   rt_memcpy_v6.o
       100          0          0          0          0         80   rt_memcpy_w.o
         2          0          0          0          0          0   rtexit.o
        10          0          0          0          0          0   rtexit2.o
       128          0          0          0          0         68   strcmpv7m.o
        72          0          0          0          0         80   strcpy.o
        12          4          0          0          0         68   sys_exit.o
        74          0          0          0          0         80   sys_stackheap_outer.o
         2          0          0          0          0         68   use_no_semi.o
        36          4          0          0          0         76   vsprintf.o
        10          0          0          0          0        116   fpinit.o
         4          0          0          0          0        116   printf1.o
         4          0          0          0          0        116   printf2.o
         0          0          0          0          0          0   usenofp.o
        48          0          0          0          0        124   fpclassify.o

    ----------------------------------------------------------------------
      7542        272        556          0        100       4992   Library Totals
        16          0          5          0          4          0   (incl. Padding)

    ----------------------------------------------------------------------

      Code (inc. data)   RO Data    RW Data    ZI Data      Debug   Library Name

      7460        272        551          0         96       4520   c_w.l
        18          0          0          0          0        348   fz_wm.l
        48          0          0          0          0        124   m_wm.l

    ----------------------------------------------------------------------
      7542        272        556          0        100       4992   Library Totals

    ----------------------------------------------------------------------

==============================================================================


      Code (inc. data)   RO Data    RW Data    ZI Data      Debug   

     42694       1432       2222        184      93992     511683   Grand Totals
     42694       1432       2222        184      93992     511683   ELF Image Totals
     42694       1432       2222        184          0          0   ROM Totals

==============================================================================

    Total RO  Size (Code + RO Data)                44916 (  43.86kB)
    Total RW  Size (RW Data + ZI Data)             94176 (  91.97kB)
    Total ROM Size (Code + RO Data + RW Data)      45100 (  44.04kB)

==============================================================================

