Component: ARM Compiler 5.06 update 6 (build 750) Tool: armlink [4d35ed]

==============================================================================

Section Cross References

    main.o(.text) refers to system.o(.text) for systemInit
    system.o(.text) refers to misc.o(.text) for NVIC_PriorityGroupConfig
    system.o(.text) refers to yixiuge.o(.text) for yixiuge_init
    system.o(.text) refers to timer.o(.text) for delay_ms
    system.o(.text) refers to adc.o(.text) for ADCInit
    system.o(.text) refers to sd.o(.text) for SD_mem_init
    system.o(.text) refers to system_stm32f4xx.o(.data) for SystemCoreClock
    system.o(.text) refers to adc.o(.data) for data_update
    stm32f4xx_it.o(.text) refers to stm32f4xx_it.o(.data) for sysTickUptime
    sd.o(.text) refers to _printf_percent.o(.ARM.Collect$$_printf_percent$$00000000) for _printf_percent
    sd.o(.text) refers to _printf_f.o(.ARM.Collect$$_printf_percent$$00000003) for _printf_f
    sd.o(.text) refers to printf1.o(x$fpl$printf1) for _printf_fp_dec
    sd.o(.text) refers to _printf_d.o(.ARM.Collect$$_printf_percent$$00000009) for _printf_d
    sd.o(.text) refers to _printf_dec.o(.text) for _printf_int_dec
    sd.o(.text) refers to _printf_c.o(.ARM.Collect$$_printf_percent$$00000013) for _printf_c
    sd.o(.text) refers to _printf_str.o(.text) for _printf_str
    sd.o(.text) refers to malloc.o(.text) for my_mem_init
    sd.o(.text) refers to exfuns.o(.text) for exfuns_init
    sd.o(.text) refers to ff.o(.text) for f_mount
    sd.o(.text) refers to yixiuge.o(.text) for yixiuge_printf
    sd.o(.text) refers to timer.o(.text) for delay_ms
    sd.o(.text) refers to __2sprintf.o(.text) for __2sprintf
    sd.o(.text) refers to rt_memcpy_v6.o(.text) for __aeabi_memcpy
    sd.o(.text) refers to exfuns.o(.bss) for fs
    sd.o(.text) refers to sd.o(.data) for f_bin
    sd.o(.text) refers to exfuns.o(.data) for br
    sd.o(.text) refers to adc.o(.data) for CurrentBuffPtr
    adc.o(.text) refers to stm32f4xx_rcc.o(.text) for RCC_AHB1PeriphClockCmd
    adc.o(.text) refers to stm32f4xx_gpio.o(.text) for GPIO_Init
    adc.o(.text) refers to stm32f4xx_adc.o(.text) for ADC_CommonInit
    adc.o(.text) refers to stm32f4xx_dma.o(.text) for DMA_Init
    adc.o(.text) refers to stm32f4xx_tim.o(.text) for TIM_Cmd
    adc.o(.text) refers to misc.o(.text) for NVIC_Init
    adc.o(.text) refers to timer.o(.text) for micros
    adc.o(.text) refers to adc.o(.data) for ADC_CHANNEL
    adc.o(.text) refers to adc.o(.bss) for uAD_IN_BUFFA
    dma.o(.text) refers to stm32f4xx_rcc.o(.text) for RCC_AHB1PeriphClockCmd
    dma.o(.text) refers to stm32f4xx_dma.o(.text) for DMA_DeInit
    dma.o(.text) refers to nvic.o(.text) for nvic_config
    nvic.o(.text) refers to misc.o(.text) for NVIC_Init
    usart.o(.text) refers to stm32f4xx_rcc.o(.text) for RCC_APB2PeriphClockCmd
    usart.o(.text) refers to gpio.o(.text) for gpio_AFconfig
    usart.o(.text) refers to nvic.o(.text) for nvic_config
    usart.o(.text) refers to stm32f4xx_usart.o(.text) for USART_Init
    usart.o(.text) refers to dma.o(.text) for DMA_Config
    usart.o(.text) refers to stm32f4xx_dma.o(.text) for DMA_Cmd
    usart.o(.text) refers to vsprintf.o(.text) for vsprintf
    usart.o(.text) refers to rt_memclr.o(.text) for __aeabi_memclr
    usart.o(.text) refers to usart.o(.bss) for UART4_RX_buf
    usart.o(.text) refers to usart.o(.data) for UART4_RX_updated
    gpio.o(.text) refers to stm32f4xx_gpio.o(.text) for GPIO_Init
    timer.o(.text) refers to stm32f4xx_dbgmcu.o(.text) for DBGMCU_APB1PeriphConfig
    timer.o(.text) refers to stm32f4xx_rcc.o(.text) for RCC_APB1PeriphClockCmd
    timer.o(.text) refers to stm32f4xx_tim.o(.text) for TIM_TimeBaseInit
    timer.o(.text) refers to nvic.o(.text) for nvic_config
    timer.o(.text) refers to gpio.o(.text) for gpio_AFconfig
    timer.o(.text) refers to stm32f4xx_it.o(.data) for sysTickUptime
    malloc.o(.text) refers to malloc.o(.constdata) for memtblsize
    malloc.o(.text) refers to malloc.o(.data) for mallco_dev
    malloc.o(.data) refers to malloc.o(.text) for my_mem_init
    malloc.o(.data) refers to malloc.o(.bss) for mem1base
    malloc.o(.data) refers to malloc.o(.ARM.__AT_0x68000000) for mem2base
    malloc.o(.data) refers to malloc.o(.ARM.__AT_0x10000000) for mem3base
    malloc.o(.data) refers to malloc.o(.ARM.__AT_0x68002800) for mem2mapbase
    malloc.o(.data) refers to malloc.o(.ARM.__AT_0x10002800) for mem3mapbase
    yixiuge.o(.text) refers to usart.o(.text) for USATR_config
    yixiuge.o(.text) refers to stm32f4xx_usart.o(.text) for USART_ITConfig
    yixiuge.o(.text) refers to dma.o(.text) for DMA_Config
    yixiuge.o(.text) refers to stm32f4xx_dma.o(.text) for DMA_Cmd
    yixiuge.o(.text) refers to rt_memclr.o(.text) for __aeabi_memclr
    yixiuge.o(.text) refers to vsprintf.o(.text) for vsprintf
    yixiuge.o(.text) refers to atof.o(i.__hardfp_atof) for __hardfp_atof
    yixiuge.o(.text) refers to d2f.o(x$fpl$d2f) for __aeabi_d2f
[...]
    RCC_AHB1PeriphClockLPModeCmd             0x080073dd   Thumb Code    34  stm32f4xx_rcc.o(.text)
    RCC_AHB2PeriphClockLPModeCmd             0x080073ff   Thumb Code    34  stm32f4xx_rcc.o(.text)
    RCC_AHB3PeriphClockLPModeCmd             0x08007421   Thumb Code    34  stm32f4xx_rcc.o(.text)
    RCC_APB1PeriphClockLPModeCmd             0x08007443   Thumb Code    34  stm32f4xx_rcc.o(.text)
    RCC_APB2PeriphClockLPModeCmd             0x08007465   Thumb Code    34  stm32f4xx_rcc.o(.text)
    RCC_ITConfig                             0x08007487   Thumb Code    34  stm32f4xx_rcc.o(.text)
    RCC_ClearFlag                            0x080074a9   Thumb Code    18  stm32f4xx_rcc.o(.text)
    RCC_GetITStatus                          0x080074bb   Thumb Code    22  stm32f4xx_rcc.o(.text)
    RCC_ClearITPendingBit                    0x080074d1   Thumb Code     8  stm32f4xx_rcc.o(.text)
    TIM_DeInit                               0x080074dd   Thumb Code   346  stm32f4xx_tim.o(.text)
    TIM_TimeBaseInit                         0x08007637   Thumb Code   104  stm32f4xx_tim.o(.text)
    TIM_TimeBaseStructInit                   0x0800769f   Thumb Code    18  stm32f4xx_tim.o(.text)
    TIM_PrescalerConfig                      0x080076b1   Thumb Code     6  stm32f4xx_tim.o(.text)
    TIM_CounterModeConfig                    0x080076b7   Thumb Code    18  stm32f4xx_tim.o(.text)
    TIM_SetCounter                           0x080076c9   Thumb Code     4  stm32f4xx_tim.o(.text)
    TIM_SetAutoreload                        0x080076cd   Thumb Code     4  stm32f4xx_tim.o(.text)
    TIM_GetCounter                           0x080076d1   Thumb Code     6  stm32f4xx_tim.o(.text)
    TIM_GetPrescaler                         0x080076d7   Thumb Code     6  stm32f4xx_tim.o(.text)
    TIM_UpdateDisableConfig                  0x080076dd   Thumb Code    24  stm32f4xx_tim.o(.text)
    TIM_UpdateRequestConfig                  0x080076f5   Thumb Code    24  stm32f4xx_tim.o(.text)
    TIM_ARRPreloadConfig                     0x0800770d   Thumb Code    24  stm32f4xx_tim.o(.text)
    TIM_SelectOnePulseMode                   0x08007725   Thumb Code    18  stm32f4xx_tim.o(.text)
    TIM_SetClockDivision                     0x08007737   Thumb Code    18  stm32f4xx_tim.o(.text)
    TIM_Cmd                                  0x08007749   Thumb Code    24  stm32f4xx_tim.o(.text)
    TIM_OC1Init                              0x08007761   Thumb Code   114  stm32f4xx_tim.o(.text)
    TIM_OC2Init                              0x080077d3   Thumb Code   154  stm32f4xx_tim.o(.text)
    TIM_OC3Init                              0x0800786d   Thumb Code   204  stm32f4xx_tim.o(.text)
    TIM_OC4Init                              0x08007939   Thumb Code   112  stm32f4xx_tim.o(.text)
    TIM_OCStructInit                         0x080079a9   Thumb Code    20  stm32f4xx_tim.o(.text)
    TIM_SelectOCxM                           0x080079bd   Thumb Code    86  stm32f4xx_tim.o(.text)
    TIM_SetCompare1                          0x08007a13   Thumb Code     4  stm32f4xx_tim.o(.text)
    TIM_SetCompare2                          0x08007a17   Thumb Code     4  stm32f4xx_tim.o(.text)
    TIM_SetCompare3                          0x08007a1b   Thumb Code     4  stm32f4xx_tim.o(.text)
    TIM_SetCompare4                          0x08007a1f   Thumb Code     4  stm32f4xx_tim.o(.text)
    TIM_ForcedOC1Config                      0x08007a23   Thumb Code    18  stm32f4xx_tim.o(.text)
    TIM_ForcedOC2Config                      0x08007a35   Thumb Code    26  stm32f4xx_tim.o(.text)
    TIM_ForcedOC3Config                      0x08007a4f   Thumb Code    18  stm32f4xx_tim.o(.text)
    TIM_ForcedOC4Config                      0x08007a61   Thumb Code    26  stm32f4xx_tim.o(.text)
    TIM_OC1PreloadConfig                     0x08007a7b   Thumb Code    18  stm32f4xx_tim.o(.text)
    TIM_OC2PreloadConfig                     0x08007a8d   Thumb Code    26  stm32f4xx_tim.o(.text)
    TIM_OC3PreloadConfig                     0x08007aa7   Thumb Code    18  stm32f4xx_tim.o(.text)
    TIM_OC4PreloadConfig                     0x08007ab9   Thumb Code    26  stm32f4xx_tim.o(.text)
    TIM_OC1FastConfig                        0x08007ad3   Thumb Code    18  stm32f4xx_tim.o(.text)
    TIM_OC2FastConfig                        0x08007ae5   Thumb Code    26  stm32f4xx_tim.o(.text)
    TIM_OC3FastConfig                        0x08007aff   Thumb Code    18  stm32f4xx_tim.o(.text)
    TIM_OC4FastConfig                        0x08007b11   Thumb Code    26  stm32f4xx_tim.o(.text)
    TIM_ClearOC1Ref                          0x08007b2b   Thumb Code    18  stm32f4xx_tim.o(.text)
    TIM_ClearOC2Ref                          0x08007b3d   Thumb Code    24  stm32f4xx_tim.o(.text)
    TIM_ClearOC3Ref                          0x08007b55   Thumb Code    18  stm32f4xx_tim.o(.text)
    TIM_ClearOC4Ref                          0x08007b67   Thumb Code    24  stm32f4xx_tim.o(.text)
    TIM_OC1PolarityConfig                    0x08007b7f   Thumb Code    18  stm32f4xx_tim.o(.text)
    TIM_OC1NPolarityConfig                   0x08007b91   Thumb Code    18  stm32f4xx_tim.o(.text)
    TIM_OC2PolarityConfig                    0x08007ba3   Thumb Code    26  stm32f4xx_tim.o(.text)
    TIM_OC2NPolarityConfig                   0x08007bbd   Thumb Code    26  stm32f4xx_tim.o(.text)
    TIM_OC3PolarityConfig                    0x08007bd7   Thumb Code    26  stm32f4xx_tim.o(.text)
    TIM_OC3NPolarityConfig                   0x08007bf1   Thumb Code    26  stm32f4xx_tim.o(.text)
    TIM_OC4PolarityConfig                    0x08007c0b   Thumb Code    26  stm32f4xx_tim.o(.text)
    TIM_CCxCmd                               0x08007c25   Thumb Code    30  stm32f4xx_tim.o(.text)
    TIM_CCxNCmd                              0x08007c43   Thumb Code    30  stm32f4xx_tim.o(.text)
    TIM_SetIC4Prescaler                      0x08007c61   Thumb Code    26  stm32f4xx_tim.o(.text)
    TIM_SetIC3Prescaler                      0x08007ccb   Thumb Code    18  stm32f4xx_tim.o(.text)
    TIM_SetIC2Prescaler                      0x08007d25   Thumb Code    26  stm32f4xx_tim.o(.text)
    TIM_SetIC1Prescaler                      0x08007d99   Thumb Code    18  stm32f4xx_tim.o(.text)
    TIM_ICInit                               0x08007de5   Thumb Code   110  stm32f4xx_tim.o(.text)
    TIM_ICStructInit                         0x08007e53   Thumb Code    18  stm32f4xx_tim.o(.text)
    TIM_PWMIConfig                           0x08007e65   Thumb Code   124  stm32f4xx_tim.o(.text)
    TIM_GetCapture1                          0x08007ee1   Thumb Code     6  stm32f4xx_tim.o(.text)
    TIM_GetCapture2                          0x08007ee7   Thumb Code     6  stm32f4xx_tim.o(.text)
    TIM_GetCapture3                          0x08007eed   Thumb Code     6  stm32f4xx_tim.o(.text)
    TIM_GetCapture4                          0x08007ef3   Thumb Code     6  stm32f4xx_tim.o(.text)
    TIM_BDTRConfig                           0x08007ef9   Thumb Code    32  stm32f4xx_tim.o(.text)
    TIM_BDTRStructInit                       0x08007f19   Thumb Code    18  stm32f4xx_tim.o(.text)
    TIM_CtrlPWMOutputs                       0x08007f2b   Thumb Code    30  stm32f4xx_tim.o(.text)
    TIM_SelectCOM                            0x08007f49   Thumb Code    24  stm32f4xx_tim.o(.text)
    TIM_CCPreloadControl                     0x08007f61   Thumb Code    24  stm32f4xx_tim.o(.text)
    TIM_ITConfig                             0x08007f79   Thumb Code    18  stm32f4xx_tim.o(.text)
    TIM_GenerateEvent                        0x08007f8b   Thumb Code     4  stm32f4xx_tim.o(.text)
    TIM_GetFlagStatus                        0x08007f8f   Thumb Code    18  stm32f4xx_tim.o(.text)
    TIM_ClearFlag                            0x08007fa1   Thumb Code     6  stm32f4xx_tim.o(.text)
    TIM_GetITStatus                          0x08007fa7   Thumb Code    34  stm32f4xx_tim.o(.text)
    TIM_ClearITPendingBit                    0x08007fc9   Thumb Code     6  stm32f4xx_tim.o(.text)
    TIM_DMAConfig                            0x08007fcf   Thumb Code    10  stm32f4xx_tim.o(.text)
    TIM_DMACmd                               0x08007fd9   Thumb Code    18  stm32f4xx_tim.o(.text)
    TIM_SelectCCDMA                          0x08007feb   Thumb Code    24  stm32f4xx_tim.o(.text)
    TIM_InternalClockConfig                  0x08008003   Thumb Code    12  stm32f4xx_tim.o(.text)
    TIM_SelectInputTrigger                   0x0800800f   Thumb Code    18  stm32f4xx_tim.o(.text)
    TIM_ITRxExternalClockConfig              0x08008021   Thumb Code    24  stm32f4xx_tim.o(.text)
    TIM_TIxExternalClockConfig               0x08008039   Thumb Code    62  stm32f4xx_tim.o(.text)
    TIM_ETRConfig                            0x08008077   Thumb Code    28  stm32f4xx_tim.o(.text)
    TIM_ETRClockMode1Config                  0x08008093   Thumb Code    54  stm32f4xx_tim.o(.text)
    TIM_ETRClockMode2Config                  0x080080c9   Thumb Code    32  stm32f4xx_tim.o(.text)
    TIM_SelectOutputTrigger                  0x080080e9   Thumb Code    18  stm32f4xx_tim.o(.text)
    TIM_SelectSlaveMode                      0x080080fb   Thumb Code    18  stm32f4xx_tim.o(.text)
    TIM_SelectMasterSlaveMode                0x0800810d   Thumb Code    18  stm32f4xx_tim.o(.text)
    TIM_EncoderInterfaceConfig               0x0800811f   Thumb Code    66  stm32f4xx_tim.o(.text)
    TIM_SelectHallSensor                     0x08008161   Thumb Code    24  stm32f4xx_tim.o(.text)
    TIM_RemapConfig                          0x08008179   Thumb Code     6  stm32f4xx_tim.o(.text)
    USART_DeInit                             0x08008181   Thumb Code   206  stm32f4xx_usart.o(.text)
    USART_Init                               0x0800824f   Thumb Code   204  stm32f4xx_usart.o(.text)
    USART_StructInit                         0x0800831b   Thumb Code    24  stm32f4xx_usart.o(.text)
    USART_ClockInit                          0x08008333   Thumb Code    32  stm32f4xx_usart.o(.text)
    USART_ClockStructInit                    0x08008353   Thumb Code    12  stm32f4xx_usart.o(.text)
    USART_Cmd                                0x0800835f   Thumb Code    24  stm32f4xx_usart.o(.text)
    USART_SetPrescaler                       0x08008377   Thumb Code    16  stm32f4xx_usart.o(.text)
    USART_OverSampling8Cmd                   0x08008387   Thumb Code    22  stm32f4xx_usart.o(.text)
    USART_OneBitMethodCmd                    0x0800839d   Thumb Code    24  stm32f4xx_usart.o(.text)
    USART_SendData                           0x080083b5   Thumb Code     8  stm32f4xx_usart.o(.text)
    USART_ReceiveData                        0x080083bd   Thumb Code    10  stm32f4xx_usart.o(.text)
    USART_SetAddress                         0x080083c7   Thumb Code    18  stm32f4xx_usart.o(.text)
    USART_ReceiverWakeUpCmd                  0x080083d9   Thumb Code    24  stm32f4xx_usart.o(.text)
    USART_WakeUpConfig                       0x080083f1   Thumb Code    18  stm32f4xx_usart.o(.text)
    USART_LINBreakDetectLengthConfig         0x08008403   Thumb Code    18  stm32f4xx_usart.o(.text)
    USART_LINCmd                             0x08008415   Thumb Code    24  stm32f4xx_usart.o(.text)
    USART_SendBreak                          0x0800842d   Thumb Code    10  stm32f4xx_usart.o(.text)
    USART_HalfDuplexCmd                      0x08008437   Thumb Code    24  stm32f4xx_usart.o(.text)
    USART_SetGuardTime                       0x0800844f   Thumb Code    16  stm32f4xx_usart.o(.text)
    USART_SmartCardCmd                       0x0800845f   Thumb Code    24  stm32f4xx_usart.o(.text)
    USART_SmartCardNACKCmd                   0x08008477   Thumb Code    24  stm32f4xx_usart.o(.text)
    USART_IrDAConfig                         0x0800848f   Thumb Code    18  stm32f4xx_usart.o(.text)
    USART_IrDACmd                            0x080084a1   Thumb Code    24  stm32f4xx_usart.o(.text)
    USART_DMACmd                             0x080084b9   Thumb Code    18  stm32f4xx_usart.o(.text)
    USART_ITConfig                           0x080084cb   Thumb Code    74  stm32f4xx_usart.o(.text)
    USART_GetFlagStatus                      0x08008515   Thumb Code    26  stm32f4xx_usart.o(.text)
    USART_ClearFlag                          0x0800852f   Thumb Code    18  stm32f4xx_usart.o(.text)
    USART_GetITStatus                        0x08008541   Thumb Code   118  stm32f4xx_usart.o(.text)
    USART_ClearITPendingBit                  0x080085b7   Thumb Code    30  stm32f4xx_usart.o(.text)
    Reset_Handler                            0x080085d5   Thumb Code     8  startup_stm32f40xx.o(.text)
    ADC_IRQHandler                           0x080085ef   Thumb Code     0  startup_stm32f40xx.o(.text)
    CAN1_RX0_IRQHandler                      0x080085ef   Thumb Code     0  startup_stm32f40xx.o(.text)
    CAN1_RX1_IRQHandler                      0x080085ef   Thumb Code     0  startup_stm32f40xx.o(.text)
    CAN1_SCE_IRQHandler                      0x080085ef   Thumb Code     0  startup_stm32f40xx.o(.text)
    CAN1_TX_IRQHandler                       0x080085ef   Thumb Code     0  startup_stm32f40xx.o(.text)
    CAN2_RX0_IRQHandler                      0x080085ef   Thumb Code     0  startup_stm32f40xx.o(.text)
    CAN2_RX1_IRQHandler                      0x080085ef   Thumb Code     0  startup_stm32f40xx.o(.text)
    CAN2_SCE_IRQHandler                      0x080085ef   Thumb Code     0  startup_stm32f40xx.o(.text)
    CAN2_TX_IRQHandler                       0x080085ef   Thumb Code     0  startup_stm32f40xx.o(.text)
    CRYP_IRQHandler                          0x080085ef   Thumb Code     0  startup_stm32f40xx.o(.text)
    DCMI_IRQHandler                          0x080085ef   Thumb Code     0  startup_stm32f40xx.o(.text)
    DMA1_Stream0_IRQHandler                  0x080085ef   Thumb Code     0  startup_stm32f40xx.o(.text)
    DMA1_Stream2_IRQHandler                  0x080085ef   Thumb Code     0  startup_stm32f40xx.o(.text)
    DMA1_Stream5_IRQHandler                  0x080085ef   Thumb Code     0  startup_stm32f40xx.o(.text)
    DMA1_Stream6_IRQHandler                  0x080085ef   Thumb Code     0  startup_stm32f40xx.o(.text)
    DMA1_Stream7_IRQHandler                  0x080085ef   Thumb Code     0  startup_stm32f40xx.o(.text)
    DMA2_Stream1_IRQHandler                  0x080085ef   Thumb Code     0  startup_stm32f40xx.o(.text)
    DMA2_Stream2_IRQHandler                  0x080085ef   Thumb Code     0  startup_stm32f40xx.o(.text)
    DMA2_Stream3_IRQHandler                  0x080085ef   Thumb Code     0  startup_stm32f40xx.o(.text)
    DMA2_Stream4_IRQHandler                  0x080085ef   Thumb Code     0  startup_stm32f40xx.o(.text)
    DMA2_Stream5_IRQHandler                  0x080085ef   Thumb Code     0  startup_stm32f40xx.o(.text)
    DMA2_Stream6_IRQHandler                  0x080085ef   Thumb Code     0  startup_stm32f40xx.o(.text)
    DMA2_Stream7_IRQHandler                  0x080085ef   Thumb Code     0  startup_stm32f40xx.o(.text)
    ETH_IRQHandler                           0x080085ef   Thumb Code     0  startup_stm32f40xx.o(.text)
    ETH_WKUP_IRQHandler                      0x080085ef   Thumb Code     0  startup_stm32f40xx.o(.text)
    EXTI0_IRQHandler                         0x080085ef   Thumb Code     0  startup_stm32f40xx.o(.text)
    EXTI15_10_IRQHandler                     0x080085ef   Thumb Code     0  startup_stm32f40xx.o(.text)
    EXTI1_IRQHandler                         0x080085ef   Thumb Code     0  startup_stm32f40xx.o(.text)
    EXTI2_IRQHandler                         0x080085ef   Thumb Code     0  startup_stm32f40xx.o(.text)
    EXTI3_IRQHandler                         0x080085ef   Thumb Code     0  startup_stm32f40xx.o(.text)
    EXTI4_IRQHandler                         0x080085ef   Thumb Code     0  startup_stm32f40xx.o(.text)
    EXTI9_5_IRQHandler                       0x080085ef   Thumb Code     0  startup_stm32f40xx.o(.text)
    FLASH_IRQHandler                         0x080085ef   Thumb Code     0  startup_stm32f40xx.o(.text)
    FPU_IRQHandler                           0x080085ef   Thumb Code     0  startup_stm32f40xx.o(.text)
    FSMC_IRQHandler                          0x080085ef   Thumb Code     0  startup_stm32f40xx.o(.text)
    HASH_RNG_IRQHandler                      0x080085ef   Thumb Code     0  startup_stm32f40xx.o(.text)
    I2C1_ER_IRQHandler                       0x080085ef   Thumb Code     0  startup_stm32f40xx.o(.text)
    I2C1_EV_IRQHandler                       0x080085ef   Thumb Code     0  startup_stm32f40xx.o(.text)
    I2C2_ER_IRQHandler                       0x080085ef   Thumb Code     0  startup_stm32f40xx.o(.text)
    I2C2_EV_IRQHandler                       0x080085ef   Thumb Code     0  startup_stm32f40xx.o(.text)
    I2C3_ER_IRQHandler                       0x080085ef   Thumb Code     0  startup_stm32f40xx.o(.text)
    I2C3_EV_IRQHandler                       0x080085ef   Thumb Code     0  startup_stm32f40xx.o(.text)
    OTG_FS_IRQHandler                        0x080085ef   Thumb Code     0  startup_stm32f40xx.o(.text)
    OTG_FS_WKUP_IRQHandler                   0x080085ef   Thumb Code     0  startup_stm32f40xx.o(.text)
    OTG_HS_EP1_IN_IRQHandler                 0x080085ef   Thumb Code     0  startup_stm32f40xx.o(.text)
    OTG_HS_EP1_OUT_IRQHandler                0x080085ef   Thumb Code     0  startup_stm32f40xx.o(.text)
    OTG_HS_IRQHandler                        0x080085ef   Thumb Code     0  startup_stm32f40xx.o(.text)
    OTG_HS_WKUP_IRQHandler                   0x080085ef   Thumb Code     0  startup_stm32f40xx.o(.text)
    PVD_IRQHandler                           0x080085ef   Thumb Code     0  startup_stm32f40xx.o(.text)
    RCC_IRQHandler                           0x080085ef   Thumb Code     0  startup_stm32f40xx.o(.text)
    RTC_Alarm_IRQHandler                     0x080085ef   Thumb Code     0  startup_stm32f40xx.o(.text)
    RTC_WKUP_IRQHandler                      0x080085ef   Thumb Code     0  startup_stm32f40xx.o(.text)
    SPI1_IRQHandler                          0x080085ef   Thumb Code     0  startup_stm32f40xx.o(.text)
    SPI2_IRQHandler                          0x080085ef   Thumb Code     0  startup_stm32f40xx.o(.text)
    SPI3_IRQHandler                          0x080085ef   Thumb Code     0  startup_stm32f40xx.o(.text)
    TAMP_STAMP_IRQHandler                    0x080085ef   Thumb Code     0  startup_stm32f40xx.o(.text)
    TIM1_BRK_TIM9_IRQHandler                 0x080085ef   Thumb Code     0  startup_stm32f40xx.o(.text)
    TIM1_CC_IRQHandler                       0x080085ef   Thumb Code     0  startup_stm32f40xx.o(.text)
    TIM1_TRG_COM_TIM11_IRQHandler            0x080085ef   Thumb Code     0  startup_stm32f40xx.o(.text)
    TIM1_UP_TIM10_IRQHandler                 0x080085ef   Thumb Code     0  startup_stm32f40xx.o(.text)
    TIM2_IRQHandler                          0x080085ef   Thumb Code     0  startup_stm32f40xx.o(.text)
    TIM3_IRQHandler                          0x080085ef   Thumb Code     0  startup_stm32f40xx.o(.text)
    TIM4_IRQHandler                          0x080085ef   Thumb Code     0  startup_stm32f40xx.o(.text)
    TIM5_IRQHandler                          0x080085ef   Thumb Code     0  startup_stm32f40xx.o(.text)
    TIM8_BRK_TIM12_IRQHandler                0x080085ef   Thumb Code     0  startup_stm32f40xx.o(.text)
    TIM8_CC_IRQHandler                       0x080085ef   Thumb Code     0  startup_stm32f40xx.o(.text)
    TIM8_TRG_COM_TIM14_IRQHandler            0x080085ef   Thumb Code     0  startup_stm32f40xx.o(.text)
    TIM8_UP_TIM13_IRQHandler                 0x080085ef   Thumb Code     0  startup_stm32f40xx.o(.text)
    USART1_IRQHandler                        0x080085ef   Thumb Code     0  startup_stm32f40xx.o(.text)
    USART2_IRQHandler                        0x080085ef   Thumb Code     0  startup_stm32f40xx.o(.text)
    USART6_IRQHandler                        0x080085ef   Thumb Code     0  startup_stm32f40xx.o(.text)
    WWDG_IRQHandler                          0x080085ef   Thumb Code     0  startup_stm32f40xx.o(.text)
    __user_initial_stackheap                 0x080085f1   Thumb Code     0  startup_stm32f40xx.o(.text)
    SystemInit                               0x080086f1   Thumb Code    88  system_stm32f4xx.o(.text)
    SystemCoreClockUpdate                    0x08008749   Thumb Code   174  system_stm32f4xx.o(.text)
    DMA_DeInit                               0x08008825   Thumb Code   324  stm32f4xx_dma.o(.text)
    DMA_Init                                 0x08008969   Thumb Code    82  stm32f4xx_dma.o(.text)
    DMA_StructInit                           0x080089bb   Thumb Code    34  stm32f4xx_dma.o(.text)
    DMA_Cmd                                  0x080089dd   Thumb Code    22  stm32f4xx_dma.o(.text)
    DMA_PeriphIncOffsetSizeConfig            0x080089f3   Thumb Code    22  stm32f4xx_dma.o(.text)
    DMA_FlowControllerConfig                 0x08008a09   Thumb Code    22  stm32f4xx_dma.o(.text)
    DMA_SetCurrDataCounter                   0x08008a1f   Thumb Code     4  stm32f4xx_dma.o(.text)
    DMA_GetCurrDataCounter                   0x08008a23   Thumb Code     8  stm32f4xx_dma.o(.text)
    DMA_DoubleBufferModeConfig               0x08008a2b   Thumb Code    24  stm32f4xx_dma.o(.text)
    DMA_DoubleBufferModeCmd                  0x08008a43   Thumb Code    22  stm32f4xx_dma.o(.text)
    DMA_MemoryTargetConfig                   0x08008a59   Thumb Code    10  stm32f4xx_dma.o(.text)
    DMA_GetCurrentMemoryTarget               0x08008a63   Thumb Code    20  stm32f4xx_dma.o(.text)
    DMA_GetCmdStatus                         0x08008a77   Thumb Code    20  stm32f4xx_dma.o(.text)
    DMA_GetFIFOStatus                        0x08008a8b   Thumb Code    12  stm32f4xx_dma.o(.text)
    DMA_GetFlagStatus                        0x08008a97   Thumb Code    56  stm32f4xx_dma.o(.text)
    DMA_ClearFlag                            0x08008acf   Thumb Code    40  stm32f4xx_dma.o(.text)
    DMA_ITConfig                             0x08008af7   Thumb Code    58  stm32f4xx_dma.o(.text)
    DMA_GetITStatus                          0x08008b31   Thumb Code    84  stm32f4xx_dma.o(.text)
    DMA_ClearITPendingBit                    0x08008b85   Thumb Code    40  stm32f4xx_dma.o(.text)
    ADC_DeInit                               0x08008bcd   Thumb Code    22  stm32f4xx_adc.o(.text)
    ADC_Init                                 0x08008be3   Thumb Code    74  stm32f4xx_adc.o(.text)
    ADC_StructInit                           0x08008c2d   Thumb Code    20  stm32f4xx_adc.o(.text)
    ADC_CommonInit                           0x08008c41   Thumb Code    34  stm32f4xx_adc.o(.text)
    ADC_CommonStructInit                     0x08008c63   Thumb Code    12  stm32f4xx_adc.o(.text)
    ADC_Cmd                                  0x08008c6f   Thumb Code    22  stm32f4xx_adc.o(.text)
    ADC_AnalogWatchdogCmd                    0x08008c85   Thumb Code    16  stm32f4xx_adc.o(.text)
    ADC_AnalogWatchdogThresholdsConfig       0x08008c95   Thumb Code     6  stm32f4xx_adc.o(.text)
    ADC_AnalogWatchdogSingleChannelConfig    0x08008c9b   Thumb Code    16  stm32f4xx_adc.o(.text)
    ADC_TempSensorVrefintCmd                 0x08008cab   Thumb Code    34  stm32f4xx_adc.o(.text)
    ADC_VBATCmd                              0x08008ccd   Thumb Code    34  stm32f4xx_adc.o(.text)
    ADC_RegularChannelConfig                 0x08008cef   Thumb Code   184  stm32f4xx_adc.o(.text)
    ADC_SoftwareStartConv                    0x08008da7   Thumb Code    10  stm32f4xx_adc.o(.text)
    ADC_GetSoftwareStartConvStatus           0x08008db1   Thumb Code    20  stm32f4xx_adc.o(.text)
    ADC_EOCOnEachRegularChannelCmd           0x08008dc5   Thumb Code    22  stm32f4xx_adc.o(.text)
    ADC_ContinuousModeCmd                    0x08008ddb   Thumb Code    22  stm32f4xx_adc.o(.text)
    ADC_DiscModeChannelCountConfig           0x08008df1   Thumb Code    24  stm32f4xx_adc.o(.text)
    ADC_DiscModeCmd                          0x08008e09   Thumb Code    22  stm32f4xx_adc.o(.text)
    ADC_GetConversionValue                   0x08008e1f   Thumb Code     8  stm32f4xx_adc.o(.text)
    ADC_GetMultiModeConversionValue          0x08008e27   Thumb Code     8  stm32f4xx_adc.o(.text)
    ADC_DMACmd                               0x08008e2f   Thumb Code    22  stm32f4xx_adc.o(.text)
    ADC_DMARequestAfterLastTransferCmd       0x08008e45   Thumb Code    22  stm32f4xx_adc.o(.text)
    ADC_MultiModeDMARequestAfterLastTransferCmd 0x08008e5b   Thumb Code    34  stm32f4xx_adc.o(.text)
    ADC_InjectedChannelConfig                0x08008e7d   Thumb Code   130  stm32f4xx_adc.o(.text)
    ADC_InjectedSequencerLengthConfig        0x08008eff   Thumb Code    24  stm32f4xx_adc.o(.text)
    ADC_SetInjectedOffset                    0x08008f17   Thumb Code    20  stm32f4xx_adc.o(.text)
    ADC_ExternalTrigInjectedConvConfig       0x08008f2b   Thumb Code    16  stm32f4xx_adc.o(.text)
    ADC_ExternalTrigInjectedConvEdgeConfig   0x08008f3b   Thumb Code    16  stm32f4xx_adc.o(.text)
    ADC_SoftwareStartInjectedConv            0x08008f4b   Thumb Code    10  stm32f4xx_adc.o(.text)
    ADC_GetSoftwareStartInjectedConvCmdStatus 0x08008f55   Thumb Code    20  stm32f4xx_adc.o(.text)
    ADC_AutoInjectedConvCmd                  0x08008f69   Thumb Code    22  stm32f4xx_adc.o(.text)
    ADC_InjectedDiscModeCmd                  0x08008f7f   Thumb Code    22  stm32f4xx_adc.o(.text)
    ADC_GetInjectedConversionValue           0x08008f95   Thumb Code    28  stm32f4xx_adc.o(.text)
    ADC_ITConfig                             0x08008fb1   Thumb Code    56  stm32f4xx_adc.o(.text)
    ADC_GetFlagStatus                        0x08008fe9   Thumb Code    18  stm32f4xx_adc.o(.text)
    ADC_ClearFlag                            0x08008ffb   Thumb Code     6  stm32f4xx_adc.o(.text)
    ADC_GetITStatus                          0x08009001   Thumb Code    38  stm32f4xx_adc.o(.text)
    ADC_ClearITPendingBit                    0x08009027   Thumb Code    10  stm32f4xx_adc.o(.text)
    DBGMCU_GetREVID                          0x08009031   Thumb Code     8  stm32f4xx_dbgmcu.o(.text)
    DBGMCU_GetDEVID                          0x08009039   Thumb Code    10  stm32f4xx_dbgmcu.o(.text)
    DBGMCU_Config                            0x08009043   Thumb Code    26  stm32f4xx_dbgmcu.o(.text)
    DBGMCU_APB1PeriphConfig                  0x0800905d   Thumb Code    26  stm32f4xx_dbgmcu.o(.text)
    DBGMCU_APB2PeriphConfig                  0x08009077   Thumb Code    26  stm32f4xx_dbgmcu.o(.text)
    SDIO_DeInit                              0x08009095   Thumb Code    22  stm32f4xx_sdio.o(.text)
    SDIO_Init                                0x080090ab   Thumb Code    42  stm32f4xx_sdio.o(.text)
    SDIO_StructInit                          0x080090d5   Thumb Code    16  stm32f4xx_sdio.o(.text)
    SDIO_ClockCmd                            0x080090e5   Thumb Code     6  stm32f4xx_sdio.o(.text)
    SDIO_SetPowerState                       0x080090eb   Thumb Code     8  stm32f4xx_sdio.o(.text)
    SDIO_GetPowerState                       0x080090f3   Thumb Code    12  stm32f4xx_sdio.o(.text)
    SDIO_SendCommand                         0x080090ff   Thumb Code    42  stm32f4xx_sdio.o(.text)
    SDIO_CmdStructInit                       0x08009129   Thumb Code    14  stm32f4xx_sdio.o(.text)
    SDIO_GetCommandResponse                  0x08009137   Thumb Code    10  stm32f4xx_sdio.o(.text)
    SDIO_GetResponse                         0x08009141   Thumb Code    22  stm32f4xx_sdio.o(.text)
    SDIO_DataConfig                          0x08009157   Thumb Code    48  stm32f4xx_sdio.o(.text)
    SDIO_DataStructInit                      0x08009187   Thumb Code    20  stm32f4xx_sdio.o(.text)
    SDIO_GetDataCounter                      0x0800919b   Thumb Code     8  stm32f4xx_sdio.o(.text)
    SDIO_ReadData                            0x080091a3   Thumb Code     8  stm32f4xx_sdio.o(.text)
    SDIO_WriteData                           0x080091ab   Thumb Code     8  stm32f4xx_sdio.o(.text)
    SDIO_GetFIFOCount                        0x080091b3   Thumb Code     8  stm32f4xx_sdio.o(.text)
    SDIO_StartSDIOReadWait                   0x080091bb   Thumb Code     6  stm32f4xx_sdio.o(.text)
    SDIO_StopSDIOReadWait                    0x080091c1   Thumb Code     8  stm32f4xx_sdio.o(.text)
    SDIO_SetSDIOReadWaitMode                 0x080091c9   Thumb Code     8  stm32f4xx_sdio.o(.text)
    SDIO_SetSDIOOperation                    0x080091d1   Thumb Code     8  stm32f4xx_sdio.o(.text)
    SDIO_SendSDIOSuspendCmd                  0x080091d9   Thumb Code     6  stm32f4xx_sdio.o(.text)
    SDIO_CommandCompletionCmd                0x080091df   Thumb Code     8  stm32f4xx_sdio.o(.text)
    SDIO_CEATAITCmd                          0x080091e7   Thumb Code    12  stm32f4xx_sdio.o(.text)
    SDIO_SendCEATACmd                        0x080091f3   Thumb Code     8  stm32f4xx_sdio.o(.text)
    SDIO_DMACmd                              0x080091fb   Thumb Code     8  stm32f4xx_sdio.o(.text)
    SDIO_ITConfig                            0x08009203   Thumb Code    34  stm32f4xx_sdio.o(.text)
    SDIO_GetFlagStatus                       0x08009225   Thumb Code    22  stm32f4xx_sdio.o(.text)
    SDIO_ClearFlag                           0x0800923b   Thumb Code     8  stm32f4xx_sdio.o(.text)
    SDIO_GetITStatus                         0x08009243   Thumb Code    22  stm32f4xx_sdio.o(.text)
    SDIO_ClearITPendingBit                   0x08009259   Thumb Code     8  stm32f4xx_sdio.o(.text)
    __aeabi_ldivmod                          0x08009271   Thumb Code     0  llsdiv.o(.text)
    _ll_sdiv                                 0x08009271   Thumb Code    72  llsdiv.o(.text)
    vsprintf                                 0x080092b9   Thumb Code    32  vsprintf.o(.text)
    __2sprintf                               0x080092dd   Thumb Code    38  __2sprintf.o(.text)
    _printf_str                              0x08009309   Thumb Code    82  _printf_str.o(.text)
    _printf_int_dec                          0x0800935d   Thumb Code   104  _printf_dec.o(.text)
    _printf_longlong_hex                     0x080093d5   Thumb Code    86  _printf_hex_int_ll_ptr.o(.text)
    _printf_int_hex                          0x0800942b   Thumb Code    28  _printf_hex_int_ll_ptr.o(.text)
    _printf_ll_hex                           0x08009447   Thumb Code    12  _printf_hex_int_ll_ptr.o(.text)
    _printf_hex_ptr                          0x08009453   Thumb Code    18  _printf_hex_int_ll_ptr.o(.text)
    __printf                                 0x08009469   Thumb Code   388  __printf_flags_ss_wp.o(.text)
    strcpy                                   0x080095f1   Thumb Code    72  strcpy.o(.text)
    __aeabi_memcpy                           0x08009639   Thumb Code     0  rt_memcpy_v6.o(.text)
    __rt_memcpy                              0x08009639   Thumb Code   138  rt_memcpy_v6.o(.text)
    _memcpy_lastbytes                        0x0800969f   Thumb Code     0  rt_memcpy_v6.o(.text)
    __aeabi_memclr                           0x080096c3   Thumb Code     0  rt_memclr.o(.text)
    __rt_memclr                              0x080096c3   Thumb Code    68  rt_memclr.o(.text)
    _memset                                  0x080096c7   Thumb Code     0  rt_memclr.o(.text)
    strcmp                                   0x08009709   Thumb Code   128  strcmpv7m.o(.text)
    __use_two_region_memory                  0x08009789   Thumb Code     2  heapauxi.o(.text)
    __rt_heap_escrow                         0x0800978b   Thumb Code     2  heapauxi.o(.text)
    __rt_heap_expand                         0x0800978d   Thumb Code     2  heapauxi.o(.text)
    __aeabi_uldivmod                         0x0800978f   Thumb Code     0  lludivv7m.o(.text)
    _ll_udiv                                 0x0800978f   Thumb Code   238  lludivv7m.o(.text)
    __read_errno                             0x0800987d   Thumb Code    10  _rserrno.o(.text)
    __set_errno                              0x08009887   Thumb Code    12  _rserrno.o(.text)
    _printf_pre_padding                      0x08009893   Thumb Code    44  _printf_pad.o(.text)
    _printf_post_padding                     0x080098bf   Thumb Code    34  _printf_pad.o(.text)
    _printf_truncate_signed                  0x080098e1   Thumb Code    18  _printf_truncate.o(.text)
    _printf_truncate_unsigned                0x080098f3   Thumb Code    18  _printf_truncate.o(.text)
    _printf_int_common                       0x08009905   Thumb Code   178  _printf_intcommon.o(.text)
    _printf_charcount                        0x080099b7   Thumb Code    40  _printf_charcount.o(.text)
    __lib_sel_fp_printf                      0x080099df   Thumb Code     2  _printf_fp_dec.o(.text)
    _printf_fp_dec_real                      0x08009b91   Thumb Code   620  _printf_fp_dec.o(.text)
    _printf_char_common                      0x08009e07   Thumb Code    32  _printf_char_common.o(.text)
    _sputc                                   0x08009e2d   Thumb Code    10  _sputc.o(.text)
    _printf_cs_common                        0x08009e37   Thumb Code    20  _printf_char.o(.text)
    _printf_char                             0x08009e4b   Thumb Code    16  _printf_char.o(.text)
    _printf_string                           0x08009e5b   Thumb Code     8  _printf_char.o(.text)
    _printf_wctomb                           0x08009e65   Thumb Code   182  _printf_wctomb.o(.text)
    _printf_longlong_dec                     0x08009f21   Thumb Code   108  _printf_longlong_dec.o(.text)
    _printf_longlong_oct                     0x08009f9d   Thumb Code    66  _printf_oct_int_ll.o(.text)
    _printf_int_oct                          0x08009fdf   Thumb Code    24  _printf_oct_int_ll.o(.text)
    _printf_ll_oct                           0x08009ff7   Thumb Code    12  _printf_oct_int_ll.o(.text)
    __strtod_int                             0x0800a049   Thumb Code    90  strtod.o(.text)
    __aeabi_memcpy4                          0x0800a0b1   Thumb Code     0  rt_memcpy_w.o(.text)
    __aeabi_memcpy8                          0x0800a0b1   Thumb Code     0  rt_memcpy_w.o(.text)
    __rt_memcpy_w                            0x0800a0b1   Thumb Code   100  rt_memcpy_w.o(.text)
    _memcpy_lastbytes_aligned                0x0800a0f9   Thumb Code     0  rt_memcpy_w.o(.text)
    __aeabi_memclr4                          0x0800a115   Thumb Code     0  rt_memclr_w.o(.text)
    __aeabi_memclr8                          0x0800a115   Thumb Code     0  rt_memclr_w.o(.text)
    __rt_memclr_w                            0x0800a115   Thumb Code    78  rt_memclr_w.o(.text)
    _memset_w                                0x0800a119   Thumb Code     0  rt_memclr_w.o(.text)
    __rt_locale                              0x0800a165   Thumb Code     8  rt_locale_intlibspace.o(.text)
    __aeabi_errno_addr                       0x0800a16d   Thumb Code     8  rt_errno_addr_intlibspace.o(.text)
    __errno$intlibspace                      0x0800a16d   Thumb Code     0  rt_errno_addr_intlibspace.o(.text)
    __rt_errno_addr$intlibspace              0x0800a16d   Thumb Code     0  rt_errno_addr_intlibspace.o(.text)
    _ll_udiv10                               0x0800a175   Thumb Code   138  lludiv10.o(.text)
    isspace                                  0x0800a1ff   Thumb Code    18  isspace.o(.text)
    _printf_fp_hex_real                      0x0800a211   Thumb Code   756  _printf_fp_hex.o(.text)
    _printf_fp_infnan                        0x0800a50d   Thumb Code   112  _printf_fp_infnan.o(.text)
    _printf_lcs_common                       0x0800a58d   Thumb Code    20  _printf_wchar.o(.text)
    _printf_wchar                            0x0800a5a1   Thumb Code    16  _printf_wchar.o(.text)
    _printf_wstring                          0x0800a5b1   Thumb Code     8  _printf_wchar.o(.text)
    _sgetc                                   0x0800a5b9   Thumb Code    30  _sgetc.o(.text)
    _sbackspace                              0x0800a5d7   Thumb Code    34  _sgetc.o(.text)
    _btod_etento                             0x0800a5f9   Thumb Code   224  bigflt0.o(.text)
    _wcrtomb                                 0x0800a6dd   Thumb Code    64  _wcrtomb.o(.text)
    __user_libspace                          0x0800a71d   Thumb Code     8  libspace.o(.text)
    __user_perproc_libspace                  0x0800a71d   Thumb Code     0  libspace.o(.text)
    __user_perthread_libspace                0x0800a71d   Thumb Code     0  libspace.o(.text)
    __user_setup_stackheap                   0x0800a725   Thumb Code    74  sys_stackheap_outer.o(.text)
    __rt_ctype_table                         0x0800a771   Thumb Code    16  rt_ctype_table.o(.text)
    _scanf_really_real                       0x0800a9cd   Thumb Code   684  scanf_fp.o(.text)
    exit                                     0x0800ac79   Thumb Code    18  exit.o(.text)
    __I$use$semihosting                      0x0800ac8b   Thumb Code     0  use_no_semi.o(.text)
    __use_no_semihosting_swi                 0x0800ac8b   Thumb Code     2  use_no_semi.o(.text)
    __semihosting_library_function           0x0800ac8d   Thumb Code     0  indicate_semi.o(.text)
    _sys_exit                                0x0800ac8d   Thumb Code     8  sys_exit.o(.text)
    _scanf_really_hex_real                   0x0800ac99   Thumb Code   786  scanf_hexfp.o(.text)
    _scanf_really_infnan                     0x0800afb9   Thumb Code   292  scanf_infnan.o(.text)
    __aeabi_llsl                             0x0800b0ed   Thumb Code     0  llshl.o(.text)
    _ll_shift_l                              0x0800b0ed   Thumb Code    38  llshl.o(.text)
    _chval                                   0x0800b113   Thumb Code    28  _chval.o(.text)
    _btod_d2e                                0x0800b12f   Thumb Code    62  btod.o(CL$$btod_d2e)
    _d2e_denorm_low                          0x0800b16d   Thumb Code    70  btod.o(CL$$btod_d2e_denorm_low)
    _d2e_norm_op1                            0x0800b1b3   Thumb Code    96  btod.o(CL$$btod_d2e_norm_op1)
    __btod_div_common                        0x0800b213   Thumb Code   696  btod.o(CL$$btod_div_common)
    _e2d                                     0x0800b54d   Thumb Code   122  btod.o(CL$$btod_e2d)
    _e2e                                     0x0800b5d1   Thumb Code   220  btod.o(CL$$btod_e2e)
    _btod_ediv                               0x0800b6ad   Thumb Code    42  btod.o(CL$$btod_ediv)
    _btod_edivd                              0x0800b6d7   Thumb Code    42  btod.o(CL$$btod_edivd)
    _btod_emul                               0x0800b701   Thumb Code    42  btod.o(CL$$btod_emul)
    _btod_emuld                              0x0800b72b   Thumb Code    42  btod.o(CL$$btod_emuld)
    __btod_mult_common                       0x0800b755   Thumb Code   580  btod.o(CL$$btod_mult_common)
    __ARM_fpclassify                         0x0800b999   Thumb Code    48  fpclassify.o(i.__ARM_fpclassify)
    __hardfp___mathlib_tofloat               0x0800b9c9   Thumb Code   232  narrow.o(i.__hardfp___mathlib_tofloat)
    __hardfp_atof                            0x0800bac1   Thumb Code    44  atof.o(i.__hardfp_atof)
    __hardfp_ldexp                           0x0800baf9   Thumb Code   200  ldexp.o(i.__hardfp_ldexp)
    __mathlib_dbl_overflow                   0x0800bbc9   Thumb Code    24  dunder.o(i.__mathlib_dbl_overflow)
    __mathlib_dbl_underflow                  0x0800bbe9   Thumb Code    24  dunder.o(i.__mathlib_dbl_underflow)
    __mathlib_narrow                         0x0800bc09   Thumb Code    18  narrow.o(i.__mathlib_narrow)
    __support_ldexp                          0x0800bc1b   Thumb Code    20  ldexp.o(i.__support_ldexp)
    _is_digit                                0x0800bc2f   Thumb Code    14  __printf_wp.o(i._is_digit)
    frexp                                    0x0800bc41   Thumb Code   118  frexp.o(i.frexp)
    _get_lc_numeric                          0x0800bccd   Thumb Code    44  lc_numeric_c.o(locale$$code)
    _get_lc_ctype                            0x0800bcf9   Thumb Code    44  lc_ctype_c.o(locale$$code)
    __aeabi_d2f                              0x0800bd25   Thumb Code     0  d2f.o(x$fpl$d2f)
    _d2f                                     0x0800bd25   Thumb Code    98  d2f.o(x$fpl$d2f)
    __aeabi_dadd                             0x0800bd89   Thumb Code     0  daddsub_clz.o(x$fpl$dadd)
    _dadd                                    0x0800bd89   Thumb Code   332  daddsub_clz.o(x$fpl$dadd)
    __fpl_dcheck_NaN1                        0x0800bed9   Thumb Code    10  dcheck1.o(x$fpl$dcheck1)
    __fpl_dcmp_Inf                           0x0800bee9   Thumb Code    24  dcmpi.o(x$fpl$dcmpinf)
    __aeabi_cdcmpeq                          0x0800bf01   Thumb Code     0  deqf.o(x$fpl$deqf)
    _dcmpeq                                  0x0800bf01   Thumb Code   120  deqf.o(x$fpl$deqf)
    __aeabi_cdcmple                          0x0800bf79   Thumb Code     0  dleqf.o(x$fpl$dleqf)
    _dcmple                                  0x0800bf79   Thumb Code   120  dleqf.o(x$fpl$dleqf)
    __fpl_dcmple_InfNaN                      0x0800bfdb   Thumb Code     0  dleqf.o(x$fpl$dleqf)
    __aeabi_dmul                             0x0800bff1   Thumb Code     0  dmul.o(x$fpl$dmul)
    _dmul                                    0x0800bff1   Thumb Code   332  dmul.o(x$fpl$dmul)
    __fpl_dnaninf                            0x0800c145   Thumb Code   156  dnaninf.o(x$fpl$dnaninf)
    __fpl_dretinf                            0x0800c1e1   Thumb Code    12  dretinf.o(x$fpl$dretinf)
    __aeabi_cdrcmple                         0x0800c1ed   Thumb Code     0  drleqf.o(x$fpl$drleqf)
    _drcmple                                 0x0800c1ed   Thumb Code   108  drleqf.o(x$fpl$drleqf)
    __aeabi_dsub                             0x0800c259   Thumb Code     0  daddsub_clz.o(x$fpl$dsub)
    _dsub                                    0x0800c259   Thumb Code   464  daddsub_clz.o(x$fpl$dsub)
    __aeabi_f2d                              0x0800c42d   Thumb Code     0  f2d.o(x$fpl$f2d)
    _f2d                                     0x0800c42d   Thumb Code    86  f2d.o(x$fpl$f2d)
    __fpl_fnaninf                            0x0800c483   Thumb Code   140  fnaninf.o(x$fpl$fnaninf)
    _fp_init                                 0x0800c50f   Thumb Code    10  fpinit.o(x$fpl$fpinit)
    __fplib_config_fpu_vfp                   0x0800c517   Thumb Code     0  fpinit.o(x$fpl$fpinit)
    __fplib_config_pureend_doubles           0x0800c517   Thumb Code     0  fpinit.o(x$fpl$fpinit)
    __fpl_fretinf                            0x0800c519   Thumb Code    10  fretinf.o(x$fpl$fretinf)
    __ieee_status                            0x0800c523   Thumb Code     6  istatus.o(x$fpl$ieeestatus)
    _printf_fp_dec                           0x0800c529   Thumb Code     4  printf1.o(x$fpl$printf1)
    _printf_fp_hex                           0x0800c52d   Thumb Code     4  printf2.o(x$fpl$printf2)
    __fpl_return_NaN                         0x0800c531   Thumb Code   100  retnan.o(x$fpl$retnan)
    __ARM_scalbn                             0x0800c595   Thumb Code    92  scalbn.o(x$fpl$scalbn)
    _scanf_real                              0x0800c5f1   Thumb Code     4  scanf1.o(x$fpl$scanf1)
    _scanf_hex_real                          0x0800c5f5   Thumb Code     4  scanf2.o(x$fpl$scanf2)
    _scanf_infnan                            0x0800c5f9   Thumb Code     4  scanf2.o(x$fpl$scanf2)
    __fpl_cmpreturn                          0x0800c5fd   Thumb Code    48  trapv.o(x$fpl$trapveneer)
    __I$use$fp                               0x0800c62c   Number         0  usenofp.o(x$fpl$usenofp)
    memtblsize                               0x0800c62c   Data          12  malloc.o(.constdata)
    memblksize                               0x0800c638   Data          12  malloc.o(.constdata)
    memsize                                  0x0800c644   Data          12  malloc.o(.constdata)
    FILE_TYPE_TBL                            0x08037354   Data         112  exfuns.o(.constdata)
    Region$$Table$$Base                      0x08037508   Number         0  anon$$obj.o(Region$$Table)
    Region$$Table$$Limit                     0x08037528   Number         0  anon$$obj.o(Region$$Table)
    __aeabi_HUGE_VAL                         0x08037528   Data           0  fpconst.o(c$$dinf)
    __aeabi_HUGE_VALL                        0x08037528   Data           0  fpconst.o(c$$dinf)
    __aeabi_INFINITY                         0x08037528   Data           0  fpconst.o(c$$dinf)
    __dInf                                   0x08037528   Data           0  fpconst.o(c$$dinf)
    __huge_val                               0x08037528   Data           0  fpconst.o(c$$dinf)
    __dbl_max                                0x08037530   Data           0  fpconst.o(c$$dmax)
    __ctype                                  0x08037561   Data           0  lc_ctype_c.o(locale$$data)
    mem3base                                 0x10000000   Data       10240  malloc.o(.ARM.__AT_0x10000000)
    mem3mapbase                              0x10002800   Data         640  malloc.o(.ARM.__AT_0x10002800)
    sysTickUptime                            0x20000000   Data           4  stm32f4xx_it.o(.data)
    res                                      0x20000004   Data           1  sd.o(.data)
    f_bin                                    0x20000008   Data           4  sd.o(.data)
    buf                                      0x2000000c   Data           4  sd.o(.data)
    pname                                    0x20000010   Data           4  sd.o(.data)
    SD_RC_FLAG                               0x20000014   Data           1  sd.o(.data)
    SD_POINT_FLAG                            0x20000015   Data           1  sd.o(.data)
    time                                     0x20000018   Data           4  sd.o(.data)
    ADC_BUFFSIZE                             0x2000001c   Data           2  adc.o(.data)
    ADC_CHANNEL                              0x20000020   Data           4  adc.o(.data)
    CurrentBuffPtr                           0x20000024   Data           4  adc.o(.data)
    data_update                              0x20000028   Data           1  adc.o(.data)
    now                                      0x2000002c   Data           4  adc.o(.data)
    old                                      0x20000030   Data           4  adc.o(.data)
    delta_time                               0x20000034   Data           4  adc.o(.data)
    USART1_RX_updated                        0x20000038   Data           1  usart.o(.data)
    USART1_RX_buf_LENTH                      0x20000039   Data           1  usart.o(.data)
    USART2_RX_updated                        0x2000003a   Data           1  usart.o(.data)
    USART2_RX_buf_LENTH                      0x2000003b   Data           1  usart.o(.data)
    USART3_RX_updated                        0x2000003c   Data           1  usart.o(.data)
    USART3_RX_buf_LENTH                      0x2000003d   Data           1  usart.o(.data)
    UART4_RX_updated                         0x2000003e   Data           1  usart.o(.data)
    UART4_RX_buf_LENTH                       0x2000003f   Data           1  usart.o(.data)
    UART5_RX_updated                         0x20000040   Data           1  usart.o(.data)
    UART5_RX_buf_LENTH                       0x20000041   Data           1  usart.o(.data)
    mallco_dev                               0x20000044   Data          36  malloc.o(.data)
    mode                                     0x20000068   Data           1  yixiuge.o(.data)
    TransferError                            0x20000076   Data           1  sdio_sdcard.o(.data)
    TransferEnd                              0x20000077   Data           1  sdio_sdcard.o(.data)
    tempbuff                                 0x20000078   Data           4  sdio_sdcard.o(.data)
    file                                     0x20000080   Data           4  exfuns.o(.data)
    ftemp                                    0x20000084   Data           4  exfuns.o(.data)
    br                                       0x20000088   Data           4  exfuns.o(.data)
    bw                                       0x2000008c   Data           4  exfuns.o(.data)
    fatbuf                                   0x20000090   Data           4  exfuns.o(.data)
    SystemCoreClock                          0x200000a4   Data           4  system_stm32f4xx.o(.data)
    AHBPrescTable                            0x200000a8   Data          16  system_stm32f4xx.o(.data)
    uAD_IN_BUFFA                             0x200000b8   Data       12288  adc.o(.bss)
    uAD_IN_BUFFB                             0x200030b8   Data       12288  adc.o(.bss)
    USART1_TX_buf                            0x200060b8   Data          32  usart.o(.bss)
    USART2_TX_buf                            0x200060d8   Data          32  usart.o(.bss)
    USART3_TX_buf                            0x200060f8   Data         128  usart.o(.bss)
    UART4_TX_buf                             0x20006178   Data          32  usart.o(.bss)
    UART5_TX_buf                             0x20006198   Data          32  usart.o(.bss)
    USART1_RX_buf                            0x200061b8   Data          32  usart.o(.bss)
    USART2_RX_buf                            0x200061d8   Data          32  usart.o(.bss)
    USART3_RX_buf                            0x200061f8   Data         128  usart.o(.bss)
    UART4_RX_buf                             0x20006278   Data         128  usart.o(.bss)
    UART5_RX_buf                             0x200062f8   Data         128  usart.o(.bss)
    mem1base                                 0x20006380   Data       10240  malloc.o(.bss)
    mem1mapbase                              0x20008b80   Data         640  malloc.o(.bss)
    SDIO_InitStructure                       0x20008e00   Data          24  sdio_sdcard.o(.bss)
    SDIO_CmdInitStructure                    0x20008e18   Data          20  sdio_sdcard.o(.bss)
    SDIO_DataInitStructure                   0x20008e2c   Data          24  sdio_sdcard.o(.bss)
    SDCardInfo                               0x20008e68   Data          88  sdio_sdcard.o(.bss)
    SDIO_DATA_BUFFER                         0x20008ec0   Data         512  sdio_sdcard.o(.bss)
    fs                                       0x200090cc   Data          12  exfuns.o(.bss)
    fileinfo                                 0x200090d8   Data          32  exfuns.o(.bss)
    dir                                      0x200090f8   Data          36  exfuns.o(.bss)
    __libspace_start                         0x2000911c   Data          96  libspace.o(.bss)
    __temporary_stack_top$libspace           0x2000917c   Data           0  libspace.o(.bss)
    mem2base                                 0x68000000   Data       10240  malloc.o(.ARM.__AT_0x68000000)
    mem2mapbase                              0x68002800   Data         640  malloc.o(.ARM.__AT_0x68002800)



==============================================================================

Memory Map of the image

  Image Entry point : 0x08000189

  Load Region LR_IROM1 (Base: 0x08000000, Size: 0x0003771c, Max: 0x00100000, ABSOLUTE)

    Execution Region ER_IROM1 (Exec base: 0x08000000, Load base: 0x08000000, Size: 0x00037664, Max: 0x00100000, ABSOLUTE)

    Exec Addr    Load Addr    Size         Type   Attr      Idx    E Section Name        Object

    0x08000000   0x08000000   0x00000188   Data   RO          810    RESET               startup_stm32f40xx.o
    0x08000188   0x08000188   0x00000008   Code   RO         1098  * !!!main             c_w.l(__main.o)
    0x08000190   0x08000190   0x00000034   Code   RO         1656    !!!scatter          c_w.l(__scatter.o)
    0x080001c4   0x080001c4   0x0000001a   Code   RO         1658    !!handler_copy      c_w.l(__scatter_copy.o)
    0x080001de   0x080001de   0x00000002   PAD
    0x080001e0   0x080001e0   0x0000001c   Code   RO         1660    !!handler_zi        c_w.l(__scatter_zi.o)
    0x080001fc   0x080001fc   0x00000000   Code   RO         1087    .ARM.Collect$$_printf_percent$$00000000  c_w.l(_printf_percent.o)
    0x080001fc   0x080001fc   0x00000006   Code   RO         1152    .ARM.Collect$$_printf_percent$$00000001  c_w.l(_printf_n.o)
    0x08000202   0x08000202   0x00000006   Code   RO         1153    .ARM.Collect$$_printf_percent$$00000002  c_w.l(_printf_p.o)
    0x08000208   0x08000208   0x00000006   Code   RO         1086    .ARM.Collect$$_printf_percent$$00000003  c_w.l(_printf_f.o)
    0x0800020e   0x0800020e   0x00000006   Code   RO         1157    .ARM.Collect$$_printf_percent$$00000004  c_w.l(_printf_e.o)
    0x08000214   0x08000214   0x00000006   Code   RO         1158    .ARM.Collect$$_printf_percent$$00000005  c_w.l(_printf_g.o)
    0x0800021a   0x0800021a   0x00000006   Code   RO         1159    .ARM.Collect$$_printf_percent$$00000006  c_w.l(_printf_a.o)
    0x08000220   0x08000220   0x0000000a   Code   RO         1164    .ARM.Collect$$_printf_percent$$00000007  c_w.l(_printf_ll.o)
    0x0800022a   0x0800022a   0x00000006   Code   RO         1155    .ARM.Collect$$_printf_percent$$00000008  c_w.l(_printf_i.o)
    0x08000230   0x08000230   0x00000006   Code   RO         1085    .ARM.Collect$$_printf_percent$$00000009  c_w.l(_printf_d.o)
    0x08000236   0x08000236   0x00000006   Code   RO         1156    .ARM.Collect$$_printf_percent$$0000000A  c_w.l(_printf_u.o)
    0x0800023c   0x0800023c   0x00000006   Code   RO         1154    .ARM.Collect$$_printf_percent$$0000000B  c_w.l(_printf_o.o)
    0x08000242   0x08000242   0x00000006   Code   RO         1084    .ARM.Collect$$_printf_percent$$0000000C  c_w.l(_printf_x.o)
    0x08000248   0x08000248   0x00000006   Code   RO         1161    .ARM.Collect$$_printf_percent$$0000000D  c_w.l(_printf_lli.o)
    0x0800024e   0x0800024e   0x00000006   Code   RO         1162    .ARM.Collect$$_printf_percent$$0000000E  c_w.l(_printf_lld.o)
    0x08000254   0x08000254   0x00000006   Code   RO         1163    .ARM.Collect$$_printf_percent$$0000000F  c_w.l(_printf_llu.o)
    0x0800025a   0x0800025a   0x00000006   Code   RO         1168    .ARM.Collect$$_printf_percent$$00000010  c_w.l(_printf_llo.o)
    0x08000260   0x08000260   0x00000006   Code   RO         1169    .ARM.Collect$$_printf_percent$$00000011  c_w.l(_printf_llx.o)
    0x08000266   0x08000266   0x0000000a   Code   RO         1165    .ARM.Collect$$_printf_percent$$00000012  c_w.l(_printf_l.o)
    0x08000270   0x08000270   0x00000006   Code   RO         1082    .ARM.Collect$$_printf_percent$$00000013  c_w.l(_printf_c.o)
    0x08000276   0x08000276   0x00000006   Code   RO         1083    .ARM.Collect$$_printf_percent$$00000014  c_w.l(_printf_s.o)
    0x0800027c   0x0800027c   0x00000006   Code   RO         1166    .ARM.Collect$$_printf_percent$$00000015  c_w.l(_printf_lc.o)
    0x08000282   0x08000282   0x00000006   Code   RO         1167    .ARM.Collect$$_printf_percent$$00000016  c_w.l(_printf_ls.o)
    0x08000288   0x08000288   0x00000004   Code   RO         1160    .ARM.Collect$$_printf_percent$$00000017  c_w.l(_printf_percent_end.o)
    0x0800028c   0x0800028c   0x00000002   Code   RO         1381    .ARM.Collect$$libinit$$00000000  c_w.l(libinit.o)
    0x0800028e   0x0800028e   0x00000004   Code   RO         1382    .ARM.Collect$$libinit$$00000001  c_w.l(libinit2.o)
    0x08000292   0x08000292   0x00000000   Code   RO         1385    .ARM.Collect$$libinit$$00000004  c_w.l(libinit2.o)
    0x08000292   0x08000292   0x00000000   Code   RO         1388    .ARM.Collect$$libinit$$0000000A  c_w.l(libinit2.o)
    0x08000292   0x08000292   0x00000000   Code   RO         1390    .ARM.Collect$$libinit$$0000000C  c_w.l(libinit2.o)
    0x08000292   0x08000292   0x00000000   Code   RO         1392    .ARM.Collect$$libinit$$0000000E  c_w.l(libinit2.o)
    0x08000292   0x08000292   0x00000006   Code   RO         1393    .ARM.Collect$$libinit$$0000000F  c_w.l(libinit2.o)
    0x08000298   0x08000298   0x00000000   Code   RO         1395    .ARM.Collect$$libinit$$00000011  c_w.l(libinit2.o)
    0x08000298   0x08000298   0x0000000c   Code   RO         1396    .ARM.Collect$$libinit$$00000012  c_w.l(libinit2.o)
    0x080002a4   0x080002a4   0x00000000   Code   RO         1397    .ARM.Collect$$libinit$$00000013  c_w.l(libinit2.o)
    0x080002a4   0x080002a4   0x00000000   Code   RO         1399    .ARM.Collect$$libinit$$00000015  c_w.l(libinit2.o)
    0x080002a4   0x080002a4   0x0000000a   Code   RO         1400    .ARM.Collect$$libinit$$00000016  c_w.l(libinit2.o)
    0x080002ae   0x080002ae   0x00000000   Code   RO         1401    .ARM.Collect$$libinit$$00000017  c_w.l(libinit2.o)
    0x080002ae   0x080002ae   0x00000000   Code   RO         1403    .ARM.Collect$$libinit$$00000019  c_w.l(libinit2.o)
    0x080002ae   0x080002ae   0x00000000   Code   RO         1405    .ARM.Collect$$libinit$$0000001B  c_w.l(libinit2.o)
    0x080002ae   0x080002ae   0x00000000   Code   RO         1407    .ARM.Collect$$libinit$$0000001D  c_w.l(libinit2.o)
    0x080002ae   0x080002ae   0x00000000   Code   RO         1409    .ARM.Collect$$libinit$$0000001F  c_w.l(libinit2.o)
    0x080002ae   0x080002ae   0x00000000   Code   RO         1411    .ARM.Collect$$libinit$$00000021  c_w.l(libinit2.o)
    0x080002ae   0x080002ae   0x00000000   Code   RO         1413    .ARM.Collect$$libinit$$00000023  c_w.l(libinit2.o)
    0x080002ae   0x080002ae   0x00000000   Code   RO         1415    .ARM.Collect$$libinit$$00000025  c_w.l(libinit2.o)
    0x080002ae   0x080002ae   0x00000000   Code   RO         1419    .ARM.Collect$$libinit$$0000002C  c_w.l(libinit2.o)
    0x080002ae   0x080002ae   0x00000000   Code   RO         1421    .ARM.Collect$$libinit$$0000002E  c_w.l(libinit2.o)
    0x080002ae   0x080002ae   0x00000000   Code   RO         1423    .ARM.Collect$$libinit$$00000030  c_w.l(libinit2.o)
    0x080002ae   0x080002ae   0x00000000   Code   RO         1425    .ARM.Collect$$libinit$$00000032  c_w.l(libinit2.o)
    0x080002ae   0x080002ae   0x00000002   Code   RO         1426    .ARM.Collect$$libinit$$00000033  c_w.l(libinit2.o)
    0x080002b0   0x080002b0   0x00000002   Code   RO         1588    .ARM.Collect$$libshutdown$$00000000  c_w.l(libshutdown.o)
    0x080002b2   0x080002b2   0x00000000   Code   RO         1428    .ARM.Collect$$libshutdown$$00000002  c_w.l(libshutdown2.o)
    0x080002b2   0x080002b2   0x00000000   Code   RO         1430    .ARM.Collect$$libshutdown$$00000004  c_w.l(libshutdown2.o)
    0x080002b2   0x080002b2   0x00000000   Code   RO         1433    .ARM.Collect$$libshutdown$$00000007  c_w.l(libshutdown2.o)
    0x080002b2   0x080002b2   0x00000000   Code   RO         1436    .ARM.Collect$$libshutdown$$0000000A  c_w.l(libshutdown2.o)
    0x080002b2   0x080002b2   0x00000000   Code   RO         1438    .ARM.Collect$$libshutdown$$0000000C  c_w.l(libshutdown2.o)
    0x080002b2   0x080002b2   0x00000000   Code   RO         1441    .ARM.Collect$$libshutdown$$0000000F  c_w.l(libshutdown2.o)
    0x080002b2   0x080002b2   0x00000002   Code   RO         1442    .ARM.Collect$$libshutdown$$00000010  c_w.l(libshutdown2.o)
    0x080002b4   0x080002b4   0x00000000   Code   RO         1118    .ARM.Collect$$rtentry$$00000000  c_w.l(__rtentry.o)
    0x080002b4   0x080002b4   0x00000000   Code   RO         1198    .ARM.Collect$$rtentry$$00000002  c_w.l(__rtentry2.o)
    0x080002b4   0x080002b4   0x00000006   Code   RO         1210    .ARM.Collect$$rtentry$$00000004  c_w.l(__rtentry4.o)
    0x080002ba   0x080002ba   0x00000000   Code   RO         1200    .ARM.Collect$$rtentry$$00000009  c_w.l(__rtentry2.o)
    0x080002ba   0x080002ba   0x00000004   Code   RO         1201    .ARM.Collect$$rtentry$$0000000A  c_w.l(__rtentry2.o)
    0x080002be   0x080002be   0x00000000   Code   RO         1203    .ARM.Collect$$rtentry$$0000000C  c_w.l(__rtentry2.o)
    0x080002be   0x080002be   0x00000008   Code   RO         1204    .ARM.Collect$$rtentry$$0000000D  c_w.l(__rtentry2.o)
    0x080002c6   0x080002c6   0x00000002   Code   RO         1446    .ARM.Collect$$rtexit$$00000000  c_w.l(rtexit.o)
    0x080002c8   0x080002c8   0x00000000   Code   RO         1519    .ARM.Collect$$rtexit$$00000002  c_w.l(rtexit2.o)
    0x080002c8   0x080002c8   0x00000004   Code   RO         1520    .ARM.Collect$$rtexit$$00000003  c_w.l(rtexit2.o)
    0x080002cc   0x080002cc   0x00000006   Code   RO         1521    .ARM.Collect$$rtexit$$00000004  c_w.l(rtexit2.o)
    0x080002d2   0x080002d2   0x00000002   PAD
    0x080002d4   0x080002d4   0x00000010   Code   RO          201    .emb_text           my_math.o
    0x080002e4   0x080002e4   0x0000000c   Code   RO            3    .text               main.o
    0x080002f0   0x080002f0   0x000000a0   Code   RO          174    .text               system.o
    0x08000390   0x08000390   0x00000028   Code   RO          225    .text               stm32f4xx_it.o
    0x080003b8   0x080003b8   0x0000029c   Code   RO          316    .text               sd.o
    0x08000654   0x08000654   0x0000028c   Code   RO          339    .text               adc.o
    0x080008e0   0x080008e0   0x000000bc   Code   RO          366    .text               dma.o
    0x0800099c   0x0800099c   0x00000022   Code   RO          386    .text               nvic.o
    0x080009be   0x080009be   0x00000002   PAD
    0x080009c0   0x080009c0   0x0000034c   Code   RO          406    .text               usart.o
    0x08000d0c   0x08000d0c   0x000000f4   Code   RO          440    .text               gpio.o
    0x08000e00   0x08000e00   0x000001f8   Code   RO          460    .text               timer.o
    0x08000ff8   0x08000ff8   0x0000022c   Code   RO          480    .text               malloc.o
    0x08001224   0x08001224   0x0000056c   Code   RO          512    .text               yixiuge.o
    0x08001790   0x08001790   0x00001d60   Code   RO          535    .text               sdio_sdcard.o
    0x080034f0   0x080034f0   0x0000329a   Code   RO          560    .text               ff.o
    0x0800678a   0x0800678a   0x00000002   PAD
    0x0800678c   0x0800678c   0x000000b4   Code   RO          588    .text               cc936.o
    0x08006840   0x08006840   0x0000015c   Code   RO          613    .text               diskio.o
    0x0800699c   0x0800699c   0x00000198   Code   RO          639    .text               exfuns.o
    0x08006b34   0x08006b34   0x000000e0   Code   RO          708    .text               misc.o
    0x08006c14   0x08006c14   0x00000294   Code   RO          728    .text               stm32f4xx_gpio.o
    0x08006ea8   0x08006ea8   0x00000634   Code   RO          748    .text               stm32f4xx_rcc.o
    0x080074dc   0x080074dc   0x00000ca2   Code   RO          770    .text               stm32f4xx_tim.o
    0x0800817e   0x0800817e   0x00000002   PAD
    0x08008180   0x08008180   0x00000454   Code   RO          790    .text               stm32f4xx_usart.o
    0x080085d4   0x080085d4   0x00000040   Code   RO          811    .text               startup_stm32f40xx.o
    0x08008614   0x08008614   0x00000210   Code   RO          817    .text               system_stm32f4xx.o
    0x08008824   0x08008824   0x000003a8   Code   RO          863    .text               stm32f4xx_dma.o
    0x08008bcc   0x08008bcc   0x00000464   Code   RO          943    .text               stm32f4xx_adc.o
    0x08009030   0x08009030   0x00000064   Code   RO          983    .text               stm32f4xx_dbgmcu.o
    0x08009094   0x08009094   0x000001dc   Code   RO         1003    .text               stm32f4xx_sdio.o
    0x08009270   0x08009270   0x00000048   Code   RO         1023    .text               c_w.l(llsdiv.o)
    0x080092b8   0x080092b8   0x00000024   Code   RO         1025    .text               c_w.l(vsprintf.o)
    0x080092dc   0x080092dc   0x0000002c   Code   RO         1029    .text               c_w.l(__2sprintf.o)
    0x08009308   0x08009308   0x00000052   Code   RO         1037    .text               c_w.l(_printf_str.o)
    0x0800935a   0x0800935a   0x00000002   PAD
    0x0800935c   0x0800935c   0x00000078   Code   RO         1039    .text               c_w.l(_printf_dec.o)
    0x080093d4   0x080093d4   0x00000094   Code   RO         1059    .text               c_w.l(_printf_hex_int_ll_ptr.o)
    0x08009468   0x08009468   0x00000188   Code   RO         1079    .text               c_w.l(__printf_flags_ss_wp.o)
    0x080095f0   0x080095f0   0x00000048   Code   RO         1088    .text               c_w.l(strcpy.o)
    0x08009638   0x08009638   0x0000008a   Code   RO         1090    .text               c_w.l(rt_memcpy_v6.o)
    0x080096c2   0x080096c2   0x00000044   Code   RO         1092    .text               c_w.l(rt_memclr.o)
    0x08009706   0x08009706   0x00000002   PAD
    0x08009708   0x08009708   0x00000080   Code   RO         1094    .text               c_w.l(strcmpv7m.o)
    0x08009788   0x08009788   0x00000006   Code   RO         1096    .text               c_w.l(heapauxi.o)
    0x0800978e   0x0800978e   0x000000ee   Code   RO         1119    .text               c_w.l(lludivv7m.o)
    0x0800987c   0x0800987c   0x00000016   Code   RO         1121    .text               c_w.l(_rserrno.o)
    0x08009892   0x08009892   0x0000004e   Code   RO         1123    .text               c_w.l(_printf_pad.o)
    0x080098e0   0x080098e0   0x00000024   Code   RO         1125    .text               c_w.l(_printf_truncate.o)
    0x08009904   0x08009904   0x000000b2   Code   RO         1127    .text               c_w.l(_printf_intcommon.o)
    0x080099b6   0x080099b6   0x00000028   Code   RO         1129    .text               c_w.l(_printf_charcount.o)
    0x080099de   0x080099de   0x0000041e   Code   RO         1131    .text               c_w.l(_printf_fp_dec.o)
    0x08009dfc   0x08009dfc   0x00000030   Code   RO         1133    .text               c_w.l(_printf_char_common.o)
    0x08009e2c   0x08009e2c   0x0000000a   Code   RO         1135    .text               c_w.l(_sputc.o)
    0x08009e36   0x08009e36   0x0000002c   Code   RO         1137    .text               c_w.l(_printf_char.o)
    0x08009e62   0x08009e62   0x00000002   PAD
    0x08009e64   0x08009e64   0x000000bc   Code   RO         1141    .text               c_w.l(_printf_wctomb.o)
    0x08009f20   0x08009f20   0x0000007c   Code   RO         1144    .text               c_w.l(_printf_longlong_dec.o)
    0x08009f9c   0x08009f9c   0x00000070   Code   RO         1150    .text               c_w.l(_printf_oct_int_ll.o)
    0x0800a00c   0x0800a00c   0x000000a4   Code   RO         1170    .text               c_w.l(strtod.o)
    0x0800a0b0   0x0800a0b0   0x00000064   Code   RO         1178    .text               c_w.l(rt_memcpy_w.o)
    0x0800a114   0x0800a114   0x0000004e   Code   RO         1180    .text               c_w.l(rt_memclr_w.o)
    0x0800a162   0x0800a162   0x00000002   PAD
    0x0800a164   0x0800a164   0x00000008   Code   RO         1219    .text               c_w.l(rt_locale_intlibspace.o)
    0x0800a16c   0x0800a16c   0x00000008   Code   RO         1224    .text               c_w.l(rt_errno_addr_intlibspace.o)
    0x0800a174   0x0800a174   0x0000008a   Code   RO         1226    .text               c_w.l(lludiv10.o)
    0x0800a1fe   0x0800a1fe   0x00000012   Code   RO         1228    .text               c_w.l(isspace.o)
    0x0800a210   0x0800a210   0x000002fc   Code   RO         1230    .text               c_w.l(_printf_fp_hex.o)
    0x0800a50c   0x0800a50c   0x00000080   Code   RO         1233    .text               c_w.l(_printf_fp_infnan.o)
    0x0800a58c   0x0800a58c   0x0000002c   Code   RO         1237    .text               c_w.l(_printf_wchar.o)
    0x0800a5b8   0x0800a5b8   0x00000040   Code   RO         1239    .text               c_w.l(_sgetc.o)
    0x0800a5f8   0x0800a5f8   0x000000e4   Code   RO         1241    .text               c_w.l(bigflt0.o)
    0x0800a6dc   0x0800a6dc   0x00000040   Code   RO         1274    .text               c_w.l(_wcrtomb.o)
    0x0800a71c   0x0800a71c   0x00000008   Code   RO         1290    .text               c_w.l(libspace.o)
    0x0800a724   0x0800a724   0x0000004a   Code   RO         1295    .text               c_w.l(sys_stackheap_outer.o)
    0x0800a76e   0x0800a76e   0x00000002   PAD
    0x0800a770   0x0800a770   0x00000010   Code   RO         1297    .text               c_w.l(rt_ctype_table.o)
    0x0800a780   0x0800a780   0x000004f8   Code   RO         1357    .text               c_w.l(scanf_fp.o)
    0x0800ac78   0x0800ac78   0x00000012   Code   RO         1370    .text               c_w.l(exit.o)
    0x0800ac8a   0x0800ac8a   0x00000002   Code   RO         1443    .text               c_w.l(use_no_semi.o)
    0x0800ac8c   0x0800ac8c   0x00000000   Code   RO         1445    .text               c_w.l(indicate_semi.o)
    0x0800ac8c   0x0800ac8c   0x0000000c   Code   RO         1516    .text               c_w.l(sys_exit.o)
    0x0800ac98   0x0800ac98   0x00000320   Code   RO         1535    .text               c_w.l(scanf_hexfp.o)
    0x0800afb8   0x0800afb8   0x00000134   Code   RO         1537    .text               c_w.l(scanf_infnan.o)
    0x0800b0ec   0x0800b0ec   0x00000026   Code   RO         1578    .text               c_w.l(llshl.o)
    0x0800b112   0x0800b112   0x0000001c   Code   RO         1580    .text               c_w.l(_chval.o)
    0x0800b12e   0x0800b12e   0x0000003e   Code   RO         1244    CL$$btod_d2e        c_w.l(btod.o)
    0x0800b16c   0x0800b16c   0x00000046   Code   RO         1246    CL$$btod_d2e_denorm_low  c_w.l(btod.o)
    0x0800b1b2   0x0800b1b2   0x00000060   Code   RO         1245    CL$$btod_d2e_norm_op1  c_w.l(btod.o)
    0x0800b212   0x0800b212   0x00000338   Code   RO         1254    CL$$btod_div_common  c_w.l(btod.o)
    0x0800b54a   0x0800b54a   0x00000002   PAD
    0x0800b54c   0x0800b54c   0x00000084   Code   RO         1252    CL$$btod_e2d        c_w.l(btod.o)
    0x0800b5d0   0x0800b5d0   0x000000dc   Code   RO         1251    CL$$btod_e2e        c_w.l(btod.o)
    0x0800b6ac   0x0800b6ac   0x0000002a   Code   RO         1248    CL$$btod_ediv       c_w.l(btod.o)
    0x0800b6d6   0x0800b6d6   0x0000002a   Code   RO         1250    CL$$btod_edivd      c_w.l(btod.o)
    0x0800b700   0x0800b700   0x0000002a   Code   RO         1247    CL$$btod_emul       c_w.l(btod.o)
    0x0800b72a   0x0800b72a   0x0000002a   Code   RO         1249    CL$$btod_emuld      c_w.l(btod.o)
    0x0800b754   0x0800b754   0x00000244   Code   RO         1253    CL$$btod_mult_common  c_w.l(btod.o)
    0x0800b998   0x0800b998   0x00000030   Code   RO         1283    i.__ARM_fpclassify  m_wm.l(fpclassify.o)
    0x0800b9c8   0x0800b9c8   0x000000f8   Code   RO         1508    i.__hardfp___mathlib_tofloat  m_wm.l(narrow.o)
    0x0800bac0   0x0800bac0   0x00000038   Code   RO         1112    i.__hardfp_atof     m_wm.l(atof.o)
    0x0800baf8   0x0800baf8   0x000000d0   Code   RO         1595    i.__hardfp_ldexp    m_wm.l(ldexp.o)
    0x0800bbc8   0x0800bbc8   0x00000020   Code   RO         1633    i.__mathlib_dbl_overflow  m_wm.l(dunder.o)
    0x0800bbe8   0x0800bbe8   0x00000020   Code   RO         1635    i.__mathlib_dbl_underflow  m_wm.l(dunder.o)
    0x0800bc08   0x0800bc08   0x00000012   Code   RO         1509    i.__mathlib_narrow  m_wm.l(narrow.o)
    0x0800bc1a   0x0800bc1a   0x00000014   Code   RO         1597    i.__support_ldexp   m_wm.l(ldexp.o)
    0x0800bc2e   0x0800bc2e   0x0000000e   Code   RO         1072    i._is_digit         c_w.l(__printf_wp.o)
    0x0800bc3c   0x0800bc3c   0x00000004   PAD
    0x0800bc40   0x0800bc40   0x0000008c   Code   RO         1566    i.frexp             m_wm.l(frexp.o)
    0x0800bccc   0x0800bccc   0x0000002c   Code   RO         1277    locale$$code        c_w.l(lc_numeric_c.o)
    0x0800bcf8   0x0800bcf8   0x0000002c   Code   RO         1482    locale$$code        c_w.l(lc_ctype_c.o)
    0x0800bd24   0x0800bd24   0x00000062   Code   RO         1100    x$fpl$d2f           fz_wm.l(d2f.o)
    0x0800bd86   0x0800bd86   0x00000002   PAD
    0x0800bd88   0x0800bd88   0x00000150   Code   RO         1102    x$fpl$dadd          fz_wm.l(daddsub_clz.o)
    0x0800bed8   0x0800bed8   0x00000010   Code   RO         1644    x$fpl$dcheck1       fz_wm.l(dcheck1.o)
    0x0800bee8   0x0800bee8   0x00000018   Code   RO         1589    x$fpl$dcmpinf       fz_wm.l(dcmpi.o)
    0x0800bf00   0x0800bf00   0x00000078   Code   RO         1560    x$fpl$deqf          fz_wm.l(deqf.o)
    0x0800bf78   0x0800bf78   0x00000078   Code   RO         1591    x$fpl$dleqf         fz_wm.l(dleqf.o)
    0x0800bff0   0x0800bff0   0x00000154   Code   RO         1593    x$fpl$dmul          fz_wm.l(dmul.o)
    0x0800c144   0x0800c144   0x0000009c   Code   RO         1182    x$fpl$dnaninf       fz_wm.l(dnaninf.o)
    0x0800c1e0   0x0800c1e0   0x0000000c   Code   RO         1184    x$fpl$dretinf       fz_wm.l(dretinf.o)
    0x0800c1ec   0x0800c1ec   0x0000006c   Code   RO         1562    x$fpl$drleqf        fz_wm.l(drleqf.o)
    0x0800c258   0x0800c258   0x000001d4   Code   RO         1104    x$fpl$dsub          fz_wm.l(daddsub_clz.o)
    0x0800c42c   0x0800c42c   0x00000056   Code   RO         1108    x$fpl$f2d           fz_wm.l(f2d.o)
    0x0800c482   0x0800c482   0x0000008c   Code   RO         1186    x$fpl$fnaninf       fz_wm.l(fnaninf.o)
    0x0800c50e   0x0800c50e   0x0000000a   Code   RO         1500    x$fpl$fpinit        fz_wm.l(fpinit.o)
    0x0800c518   0x0800c518   0x0000000a   Code   RO         1188    x$fpl$fretinf       fz_wm.l(fretinf.o)
    0x0800c522   0x0800c522   0x00000006   Code   RO         1279    x$fpl$ieeestatus    fz_wm.l(istatus.o)
    0x0800c528   0x0800c528   0x00000004   Code   RO         1110    x$fpl$printf1       fz_wm.l(printf1.o)
    0x0800c52c   0x0800c52c   0x00000004   Code   RO         1190    x$fpl$printf2       fz_wm.l(printf2.o)
    0x0800c530   0x0800c530   0x00000064   Code   RO         1650    x$fpl$retnan        fz_wm.l(retnan.o)
    0x0800c594   0x0800c594   0x0000005c   Code   RO         1627    x$fpl$scalbn        fz_wm.l(scalbn.o)
    0x0800c5f0   0x0800c5f0   0x00000004   Code   RO         1281    x$fpl$scanf1        fz_wm.l(scanf1.o)
    0x0800c5f4   0x0800c5f4   0x00000008   Code   RO         1502    x$fpl$scanf2        fz_wm.l(scanf2.o)
    0x0800c5fc   0x0800c5fc   0x00000030   Code   RO         1652    x$fpl$trapveneer    fz_wm.l(trapv.o)
    0x0800c62c   0x0800c62c   0x00000000   Code   RO         1196    x$fpl$usenofp       fz_wm.l(usenofp.o)
    0x0800c62c   0x0800c62c   0x00000024   Data   RO          486    .constdata          malloc.o
    0x0800c650   0x0800c650   0x0000003a   Data   RO          562    .constdata          ff.o
    0x0800c68a   0x0800c68a   0x0002acc8   Data   RO          589    .constdata          cc936.o
    0x08037352   0x08037352   0x00000002   PAD
    0x08037354   0x08037354   0x00000070   Data   RO          641    .constdata          exfuns.o
    0x080373c4   0x080373c4   0x00000028   Data   RO         1060    .constdata          c_w.l(_printf_hex_int_ll_ptr.o)
    0x080373ec   0x080373ec   0x00000011   Data   RO         1080    .constdata          c_w.l(__printf_flags_ss_wp.o)
    0x080373fd   0x080373fd   0x00000003   PAD
    0x08037400   0x08037400   0x00000008   Data   RO         1142    .constdata          c_w.l(_printf_wctomb.o)
    0x08037408   0x08037408   0x00000026   Data   RO         1231    .constdata          c_w.l(_printf_fp_hex.o)
    0x0803742e   0x0803742e   0x00000002   PAD
    0x08037430   0x08037430   0x00000094   Data   RO         1242    .constdata          c_w.l(bigflt0.o)
    0x080374c4   0x080374c4   0x00000044   Data   RO          642    .conststring        exfuns.o
    0x08037508   0x08037508   0x00000020   Data   RO         1654    Region$$Table       anon$$obj.o
    0x08037528   0x08037528   0x00000008   Data   RO         1496    c$$dinf             fz_wm.l(fpconst.o)
    0x08037530   0x08037530   0x00000008   Data   RO         1499    c$$dmax             fz_wm.l(fpconst.o)
    0x08037538   0x08037538   0x0000001c   Data   RO         1276    locale$$data        c_w.l(lc_numeric_c.o)
    0x08037554   0x08037554   0x00000110   Data   RO         1481    locale$$data        c_w.l(lc_ctype_c.o)


    Execution Region RW_IRAM1 (Exec base: 0x20000000, Load base: 0x08037664, Size: 0x00009780, Max: 0x00020000, ABSOLUTE)

    Exec Addr    Load Addr    Size         Type   Attr      Idx    E Section Name        Object

    0x20000000   0x08037664   0x00000004   Data   RW          226    .data               stm32f4xx_it.o
    0x20000004   0x08037668   0x00000018   Data   RW          317    .data               sd.o
    0x2000001c   0x08037680   0x0000001c   Data   RW          341    .data               adc.o
    0x20000038   0x0803769c   0x0000000a   Data   RW          408    .data               usart.o
    0x20000042   0x080376a6   0x00000002   PAD
    0x20000044   0x080376a8   0x00000024   Data   RW          487    .data               malloc.o
    0x20000068   0x080376cc   0x00000001   Data   RW          513    .data               yixiuge.o
    0x20000069   0x080376cd   0x00000003   PAD
    0x2000006c   0x080376d0   0x00000010   Data   RW          537    .data               sdio_sdcard.o
    0x2000007c   0x080376e0   0x00000002   Data   RW          563    .data               ff.o
    0x2000007e   0x080376e2   0x00000002   PAD
    0x20000080   0x080376e4   0x00000014   Data   RW          643    .data               exfuns.o
    0x20000094   0x080376f8   0x00000010   Data   RW          749    .data               stm32f4xx_rcc.o
    0x200000a4   0x08037708   0x00000014   Data   RW          818    .data               system_stm32f4xx.o
    0x200000b8        -       0x00006000   Zero   RW          340    .bss                adc.o
    0x200060b8        -       0x000002c0   Zero   RW          407    .bss                usart.o
    0x20006378   0x0803771c   0x00000008   PAD
    0x20006380        -       0x00002a80   Zero   RW          485    .bss                malloc.o
    0x20008e00        -       0x000002c0   Zero   RW          536    .bss                sdio_sdcard.o
    0x200090c0        -       0x0000000c   Zero   RW          561    .bss                ff.o
    0x200090cc        -       0x00000050   Zero   RW          640    .bss                exfuns.o
    0x2000911c        -       0x00000060   Zero   RW         1291    .bss                c_w.l(libspace.o)
    0x2000917c   0x0803771c   0x00000004   PAD
    0x20009180        -       0x00000200   Zero   RW          809    HEAP                startup_stm32f40xx.o
    0x20009380        -       0x00000400   Zero   RW          808    STACK               startup_stm32f40xx.o



  Load Region LR$$.ARM.__AT_0x10000000 (Base: 0x10000000, Size: 0x00000000, Max: 0x00002800, ABSOLUTE)

    Execution Region ER$$.ARM.__AT_0x10000000 (Exec base: 0x10000000, Load base: 0x10000000, Size: 0x00002800, Max: 0x00002800, ABSOLUTE, UNINIT)

    Exec Addr    Load Addr    Size         Type   Attr      Idx    E Section Name        Object

    0x10000000        -       0x00002800   Zero   RW          481    .ARM.__AT_0x10000000  malloc.o



  Load Region LR$$.ARM.__AT_0x10002800 (Base: 0x10002800, Size: 0x00000000, Max: 0x00000280, ABSOLUTE)

    Execution Region ER$$.ARM.__AT_0x10002800 (Exec base: 0x10002800, Load base: 0x10002800, Size: 0x00000280, Max: 0x00000280, ABSOLUTE, UNINIT)

    Exec Addr    Load Addr    Size         Type   Attr      Idx    E Section Name        Object

    0x10002800        -       0x00000280   Zero   RW          482    .ARM.__AT_0x10002800  malloc.o



  Load Region LR$$.ARM.__AT_0x68000000 (Base: 0x68000000, Size: 0x00000000, Max: 0x00002800, ABSOLUTE)

    Execution Region ER$$.ARM.__AT_0x68000000 (Exec base: 0x68000000, Load base: 0x68000000, Size: 0x00002800, Max: 0x00002800, ABSOLUTE, UNINIT)

    Exec Addr    Load Addr    Size         Type   Attr      Idx    E Section Name        Object

    0x68000000        -       0x00002800   Zero   RW          483    .ARM.__AT_0x68000000  malloc.o



  Load Region LR$$.ARM.__AT_0x68002800 (Base: 0x68002800, Size: 0x00000000, Max: 0x00000280, ABSOLUTE)

    Execution Region ER$$.ARM.__AT_0x68002800 (Exec base: 0x68002800, Load base: 0x68002800, Size: 0x00000280, Max: 0x00000280, ABSOLUTE, UNINIT)

    Exec Addr    Load Addr    Size         Type   Attr      Idx    E Section Name        Object

    0x68002800        -       0x00000280   Zero   RW          484    .ARM.__AT_0x68002800  malloc.o


==============================================================================

Image component sizes


      Code (inc. data)   RO Data    RW Data    ZI Data      Debug   Object Name

       652         58          0         28      24576       2529   adc.o
       180         18     175304          0          0       2249   cc936.o
       348          4          0          0          0       3921   diskio.o
       188         10          0          0          0       1153   dma.o
       408         22        180         20         80       5304   exfuns.o
     12954        136         58          2         12      38934   ff.o
       244          8          0          0          0       1513   gpio.o
        12          0          0          0          0     304699   main.o
       556         18         36         36      32640       4925   malloc.o
       224         20          0          0          0       1837   misc.o
        16          0          0          0          0        476   my_math.o
        34          0          0          0          0        658   nvic.o
       668        114          0         24          0       2233   sd.o
      7520        282          0         16        704      25041   sdio_sdcard.o
        64         26        392          0       1536        852   startup_stm32f40xx.o
      1124         24          0          0          0      10706   stm32f4xx_adc.o
       100          4          0          0          0       1344   stm32f4xx_dbgmcu.o
       936         32          0          0          0       6409   stm32f4xx_dma.o
       660         44          0          0          0       4177   stm32f4xx_gpio.o
        40          4          0          4          0     313658   stm32f4xx_it.o
      1588         52          0         16          0      12910   stm32f4xx_rcc.o
       476         16          0          0          0       7440   stm32f4xx_sdio.o
      3234         60          0          0          0      23032   stm32f4xx_tim.o
      1108         34          0          0          0       7900   stm32f4xx_usart.o
       160         18          0          0          0      27452   system.o
       528         46          0         20          0       1879   system_stm32f4xx.o
       504         26          0          0          0       2183   timer.o
       844         76          0         10        704       5321   usart.o
      1388        196          0          1          0       3259   yixiuge.o

    ----------------------------------------------------------------------
     36764       1348     176004        184      60260     823994   Object Totals
         0          0         32          0          0          0   (incl. Generated)
         6          0          2          7          8          0   (incl. Padding)

    ----------------------------------------------------------------------

      Code (inc. data)   RO Data    RW Data    ZI Data      Debug   Library Member Name

        44          6          0          0          0         84   __2sprintf.o
         8          0          0          0          0         68   __main.o
       392          4         17          0          0         92   __printf_flags_ss_wp.o
        14          0          0          0          0         68   __printf_wp.o
         0          0          0          0          0          0   __rtentry.o
        12          0          0          0          0          0   __rtentry2.o
         6          0          0          0          0          0   __rtentry4.o
        52          8          0          0          0          0   __scatter.o
        26          0          0          0          0          0   __scatter_copy.o
        28          0          0          0          0          0   __scatter_zi.o
        28          0          0          0          0         68   _chval.o
         6          0          0          0          0          0   _printf_a.o
         6          0          0          0          0          0   _printf_c.o
        44          0          0          0          0        108   _printf_char.o
        48          6          0          0          0         96   _printf_char_common.o
        40          0          0          0          0         68   _printf_charcount.o
         6          0          0          0          0          0   _printf_d.o
       120         16          0          0          0         92   _printf_dec.o
         6          0          0          0          0          0   _printf_e.o
         6          0          0          0          0          0   _printf_f.o
      1054          0          0          0          0        216   _printf_fp_dec.o
       764          8         38          0          0        100   _printf_fp_hex.o
       128         16          0          0          0         84   _printf_fp_infnan.o
         6          0          0          0          0          0   _printf_g.o
       148          4         40          0          0        160   _printf_hex_int_ll_ptr.o
         6          0          0          0          0          0   _printf_i.o
       178          0          0          0          0         88   _printf_intcommon.o
        10          0          0          0          0          0   _printf_l.o
         6          0          0          0          0          0   _printf_lc.o
        10          0          0          0          0          0   _printf_ll.o
         6          0          0          0          0          0   _printf_lld.o
         6          0          0          0          0          0   _printf_lli.o
         6          0          0          0          0          0   _printf_llo.o
         6          0          0          0          0          0   _printf_llu.o
         6          0          0          0          0          0   _printf_llx.o
       124         16          0          0          0         92   _printf_longlong_dec.o
         6          0          0          0          0          0   _printf_ls.o
         6          0          0          0          0          0   _printf_n.o
         6          0          0          0          0          0   _printf_o.o
       112         10          0          0          0        124   _printf_oct_int_ll.o
         6          0          0          0          0          0   _printf_p.o
        78          0          0          0          0        108   _printf_pad.o
         0          0          0          0          0          0   _printf_percent.o
         4          0          0          0          0          0   _printf_percent_end.o
         6          0          0          0          0          0   _printf_s.o
        82          0          0          0          0         80   _printf_str.o
        36          0          0          0          0         84   _printf_truncate.o
         6          0          0          0          0          0   _printf_u.o
        44          0          0          0          0        108   _printf_wchar.o
       188          6          8          0          0         92   _printf_wctomb.o
         6          0          0          0          0          0   _printf_x.o
        22          0          0          0          0        100   _rserrno.o
        64          0          0          0          0         84   _sgetc.o
        10          0          0          0          0         68   _sputc.o
        64          0          0          0          0         92   _wcrtomb.o
       228          4        148          0          0         96   bigflt0.o
      2152        136          0          0          0        960   btod.o
        18          0          0          0          0         80   exit.o
         6          0          0          0          0        152   heapauxi.o
         0          0          0          0          0          0   indicate_semi.o
        18          0          0          0          0         76   isspace.o
        44         10        272          0          0         76   lc_ctype_c.o
        44         10         28          0          0         76   lc_numeric_c.o
         2          0          0          0          0          0   libinit.o
        34          0          0          0          0          0   libinit2.o
         2          0          0          0          0          0   libshutdown.o
         2          0          0          0          0          0   libshutdown2.o
         8          4          0          0         96         68   libspace.o
        72          0          0          0          0         76   llsdiv.o
        38          0          0          0          0         68   llshl.o
       138          0          0          0          0         80   lludiv10.o
       238          0          0          0          0        100   lludivv7m.o
        16          4          0          0          0         76   rt_ctype_table.o
         8          4          0          0          0         68   rt_errno_addr_intlibspace.o
         8          4          0          0          0         68   rt_locale_intlibspace.o
        68          0          0          0          0         68   rt_memclr.o
        78          0          0          0          0         80   rt_memclr_w.o
       138          0          0          0          0         68   rt_memcpy_v6.o
       100          0          0          0          0         80   rt_memcpy_w.o
         2          0          0          0          0          0   rtexit.o
        10          0          0          0          0          0   rtexit2.o
      1272         16          0          0          0        168   scanf_fp.o
       800         14          0          0          0        100   scanf_hexfp.o
       308         16          0          0          0        100   scanf_infnan.o
       128          0          0          0          0         68   strcmpv7m.o
        72          0          0          0          0         80   strcpy.o
       164         14          0          0          0        120   strtod.o
        12          4          0          0          0         68   sys_exit.o
        74          0          0          0          0         80   sys_stackheap_outer.o
         2          0          0          0          0         68   use_no_semi.o
        36          4          0          0          0         76   vsprintf.o
        98          4          0          0          0        140   d2f.o
       804         16          0          0          0        368   daddsub_clz.o
        16          4          0          0          0        116   dcheck1.o
        24          0          0          0          0        116   dcmpi.o
       120          4          0          0          0        140   deqf.o
       120          4          0          0          0        140   dleqf.o
       340         12          0          0          0        152   dmul.o
       156          4          0          0          0        140   dnaninf.o
        12          0          0          0          0        116   dretinf.o
       108          0          0          0          0        128   drleqf.o
        86          4          0          0          0        132   f2d.o
       140          4          0          0          0        132   fnaninf.o
         0          0         16          0          0          0   fpconst.o
        10          0          0          0          0        116   fpinit.o
        10          0          0          0          0        116   fretinf.o
         6          0          0          0          0        116   istatus.o
         4          0          0          0          0        116   printf1.o
         4          0          0          0          0        116   printf2.o
       100          0          0          0          0        116   retnan.o
        92          0          0          0          0        116   scalbn.o
         4          0          0          0          0        116   scanf1.o
         8          0          0          0          0        132   scanf2.o
        48          0          0          0          0        116   trapv.o
         0          0          0          0          0          0   usenofp.o
        56         12          0          0          0        132   atof.o
        64         16          0          0          0        248   dunder.o
        48          0          0          0          0        124   fpclassify.o
       140         22          0          0          0        132   frexp.o
       228          8          0          0          0        308   ldexp.o
       266         16          0          0          0        308   narrow.o

    ----------------------------------------------------------------------
     13576        476        572          0        100      10016   Library Totals
        22          2          5          0          4          0   (incl. Padding)

    ----------------------------------------------------------------------

      Code (inc. data)   RO Data    RW Data    ZI Data      Debug   Library Name

     10442        344        551          0         96       5768   c_w.l
      2310         56         16          0          0       2996   fz_wm.l
       802         74          0          0          0       1252   m_wm.l

    ----------------------------------------------------------------------
     13576        476        572          0        100      10016   Library Totals

    ----------------------------------------------------------------------

==============================================================================


      Code (inc. data)   RO Data    RW Data    ZI Data      Debug   

     50340       1824     176576        184      60360     821638   Grand Totals
     50340       1824     176576        184      60360     821638   ELF Image Totals
     50340       1824     176576        184          0          0   ROM Totals

==============================================================================

    Total RO  Size (Code + RO Data)               226916 ( 221.60kB)
    Total RW  Size (RW Data + ZI Data)             60544 (  59.13kB)
    Total ROM Size (Code + RO Data + RW Data)     227100 ( 221.78kB)

==============================================================================

